Component: ARM Compiler 6.15 Tool: armlink [5dd79300]

==============================================================================

Section Cross References

    startup_stm32h743xx.o(STACK) refers (Special) to heapauxi.o(.text) for __use_two_region_memory
    startup_stm32h743xx.o(HEAP) refers (Special) to heapauxi.o(.text) for __use_two_region_memory
    startup_stm32h743xx.o(RESET) refers (Special) to heapauxi.o(.text) for __use_two_region_memory
    startup_stm32h743xx.o(RESET) refers to startup_stm32h743xx.o(STACK) for __initial_sp
    startup_stm32h743xx.o(RESET) refers to startup_stm32h743xx.o(.text) for Reset_Handler
    startup_stm32h743xx.o(RESET) refers to stm32h7xx_it.o(.text.NMI_Handler) for NMI_Handler
    startup_stm32h743xx.o(RESET) refers to stm32h7xx_it.o(.text.HardFault_Handler) for HardFault_Handler
    startup_stm32h743xx.o(RESET) refers to stm32h7xx_it.o(.text.MemManage_Handler) for MemManage_Handler
    startup_stm32h743xx.o(RESET) refers to stm32h7xx_it.o(.text.BusFault_Handler) for BusFault_Handler
    startup_stm32h743xx.o(RESET) refers to stm32h7xx_it.o(.text.UsageFault_Handler) for UsageFault_Handler
    startup_stm32h743xx.o(RESET) refers to stm32h7xx_it.o(.text.SVC_Handler) for SVC_Handler
    startup_stm32h743xx.o(RESET) refers to stm32h7xx_it.o(.text.DebugMon_Handler) for DebugMon_Handler
    startup_stm32h743xx.o(RESET) refers to stm32h7xx_it.o(.text.PendSV_Handler) for PendSV_Handler
    startup_stm32h743xx.o(RESET) refers to stm32h7xx_it.o(.text.SysTick_Handler) for SysTick_Handler
    startup_stm32h743xx.o(RESET) refers to stm32h7xx_it.o(.text.DMA1_Stream0_IRQHandler) for DMA1_Stream0_IRQHandler
    startup_stm32h743xx.o(RESET) refers to stm32h7xx_it.o(.text.SPI2_IRQHandler) for SPI2_IRQHandler
    startup_stm32h743xx.o(RESET) refers to stm32h7xx_it.o(.text.TIM17_IRQHandler) for TIM17_IRQHandler
    startup_stm32h743xx.o(.text) refers (Special) to heapauxi.o(.text) for __use_two_region_memory
    startup_stm32h743xx.o(.text) refers to system_stm32h7xx.o(.text.SystemInit) for SystemInit
    startup_stm32h743xx.o(.text) refers to __main.o(!!!main) for __main
    startup_stm32h743xx.o(.text) refers to startup_stm32h743xx.o(HEAP) for Heap_Mem
    startup_stm32h743xx.o(.text) refers to startup_stm32h743xx.o(STACK) for Stack_Mem
    main.o(.text.main) refers to stm32h7xx_hal.o(.text.HAL_Init) for HAL_Init
    main.o(.text.main) refers to main.o(.text.SystemClock_Config) for SystemClock_Config
    main.o(.text.main) refers to gpio.o(.text.MX_GPIO_Init) for MX_GPIO_Init
    main.o(.text.main) refers to dma.o(.text.MX_DMA_Init) for MX_DMA_Init
    main.o(.text.main) refers to spi.o(.text.MX_SPI2_Init) for MX_SPI2_Init
    main.o(.text.main) refers to tim.o(.text.MX_TIM1_Init) for MX_TIM1_Init
    main.o(.text.main) refers to tim.o(.text.MX_TIM17_Init) for MX_TIM17_Init
    main.o(.text.main) refers to ili9341driverwrapper.o(.text.NewLCDGet) for NewLCDGet
    main.o(.text.main) refers to main.o(.bss.LCD1) for LCD1
    main.o(.text.main) refers to spi.o(.bss.hspi2) for hspi2
    main.o(.text.main) refers to ili9341driverwrapper.o(.text.ILI9341Init) for ILI9341Init
    main.o(.text.main) refers to ili9341driverwrapper.o(.text.ILI9341_Set_Rotation) for ILI9341_Set_Rotation
    main.o(.text.main) refers to ili9341driverwrapper.o(.text.ILI9341SetColor) for ILI9341SetColor
    main.o(.text.main) refers to main.o(.data.str1) for str1
    main.o(.text.main) refers to ili9341driverwrapper.o(.text.ILI9341_AppendList) for ILI9341_AppendList
    main.o(.text.main) refers to ili9341driverwrapper.o(.text.ILI9341_InitWave) for ILI9341_InitWave
    main.o(.text.main) refers to main.o(.bss.UpDateFlag) for UpDateFlag
    main.o(.text.main) refers to ili9341driverwrapper.o(.text.ILI9341_AddPointToWave) for ILI9341_AddPointToWave
    main.o(.text.main) refers to ili9341driverwrapper.o(.text.ILI9341_UpdateWave) for ILI9341_UpdateWave
    main.o(.ARM.exidx.text.main) refers to main.o(.text.main) for [Anonymous Symbol]
    main.o(.text.SystemClock_Config) refers to rt_memclr_w.o(.text) for __aeabi_memclr4
    main.o(.text.SystemClock_Config) refers to stm32h7xx_hal_pwr_ex.o(.text.HAL_PWREx_ConfigSupply) for HAL_PWREx_ConfigSupply
    main.o(.text.SystemClock_Config) refers to stm32h7xx_hal_rcc.o(.text.HAL_RCC_OscConfig) for HAL_RCC_OscConfig
    main.o(.text.SystemClock_Config) refers to stm32h7xx_hal_rcc.o(.text.HAL_RCC_ClockConfig) for HAL_RCC_ClockConfig
    main.o(.text.SystemClock_Config) refers to stm32h7xx_hal_rcc_ex.o(.text.HAL_RCCEx_PeriphCLKConfig) for HAL_RCCEx_PeriphCLKConfig
    main.o(.ARM.exidx.text.SystemClock_Config) refers to main.o(.text.SystemClock_Config) for [Anonymous Symbol]
    main.o(.ARM.exidx.text.Error_Handler) refers to main.o(.text.Error_Handler) for [Anonymous Symbol]
    main.o(.ARM.exidx.text.HAL_TIM_PeriodElapsedCallback) refers to main.o(.text.HAL_TIM_PeriodElapsedCallback) for [Anonymous Symbol]
[...]
    [Anonymous Symbol]                       0x08024400   Section        0  stm32h7xx_hal_tim_ex.o(.text.HAL_TIMEx_BreakCallback)
    [Anonymous Symbol]                       0x08024408   Section        0  stm32h7xx_hal_tim_ex.o(.text.HAL_TIMEx_CommutCallback)
    [Anonymous Symbol]                       0x08024410   Section        0  stm32h7xx_hal_tim_ex.o(.text.HAL_TIMEx_MasterConfigSynchronization)
    [Anonymous Symbol]                       0x080244c8   Section        0  stm32h7xx_hal_tim.o(.text.HAL_TIM_Base_Init)
    [Anonymous Symbol]                       0x08024528   Section        0  tim.o(.text.HAL_TIM_Base_MspInit)
    [Anonymous Symbol]                       0x08024590   Section        0  stm32h7xx_hal_tim.o(.text.HAL_TIM_ConfigClockSource)
    [Anonymous Symbol]                       0x08024698   Section        0  stm32h7xx_hal_tim.o(.text.HAL_TIM_IC_CaptureCallback)
    [Anonymous Symbol]                       0x080246a0   Section        0  stm32h7xx_hal_tim.o(.text.HAL_TIM_IRQHandler)
    [Anonymous Symbol]                       0x08024828   Section        0  stm32h7xx_hal_tim.o(.text.HAL_TIM_OC_DelayElapsedCallback)
    [Anonymous Symbol]                       0x08024830   Section        0  stm32h7xx_hal_tim.o(.text.HAL_TIM_PWM_PulseFinishedCallback)
    [Anonymous Symbol]                       0x08024838   Section        0  main.o(.text.HAL_TIM_PeriodElapsedCallback)
    [Anonymous Symbol]                       0x08024840   Section        0  stm32h7xx_hal_tim.o(.text.HAL_TIM_TriggerCallback)
    [Anonymous Symbol]                       0x08024848   Section        0  stm32h7xx_it.o(.text.HardFault_Handler)
    [Anonymous Symbol]                       0x08024850   Section        0  ili9341driverwrapper.o(.text.ILI9341Init)
    [Anonymous Symbol]                       0x08024858   Section        0  ili9341driverwrapper.o(.text.ILI9341SetColor)
    [Anonymous Symbol]                       0x08024860   Section        0  ili9341driverwrapper.o(.text.ILI9341_AddPointToWave)
    [Anonymous Symbol]                       0x08024868   Section        0  ili9341driverwrapper.o(.text.ILI9341_AppendList)
    [Anonymous Symbol]                       0x08024870   Section        0  ili9341driverwrapper.o(.text.ILI9341_InitWave)
    [Anonymous Symbol]                       0x08024878   Section        0  ili9341driverwrapper.o(.text.ILI9341_Set_Rotation)
    [Anonymous Symbol]                       0x08024880   Section        0  ili9341driverwrapper.o(.text.ILI9341_UpdateWave)
    [Anonymous Symbol]                       0x08024888   Section        0  dma.o(.text.MX_DMA_Init)
    [Anonymous Symbol]                       0x080248c0   Section        0  gpio.o(.text.MX_GPIO_Init)
    [Anonymous Symbol]                       0x08024980   Section        0  spi.o(.text.MX_SPI2_Init)
    [Anonymous Symbol]                       0x080249e0   Section        0  tim.o(.text.MX_TIM17_Init)
    [Anonymous Symbol]                       0x08024a20   Section        0  tim.o(.text.MX_TIM1_Init)
    [Anonymous Symbol]                       0x08024aa0   Section        0  stm32h7xx_it.o(.text.MemManage_Handler)
    [Anonymous Symbol]                       0x08024aa8   Section        0  stm32h7xx_it.o(.text.NMI_Handler)
    NVIC_EncodePriority                      0x08024ab1   Thumb Code    46  stm32h7xx_hal_cortex.o(.text.NVIC_EncodePriority)
    [Anonymous Symbol]                       0x08024ab0   Section        0  stm32h7xx_hal_cortex.o(.text.NVIC_EncodePriority)
    [Anonymous Symbol]                       0x08024ae0   Section        0  ili9341driverwrapper.o(.text.NewLCDGet)
    [Anonymous Symbol]                       0x08024af0   Section        0  stm32h7xx_it.o(.text.PendSV_Handler)
    RCCEx_PLL2_Config                        0x08024af9   Thumb Code   286  stm32h7xx_hal_rcc_ex.o(.text.RCCEx_PLL2_Config)
    [Anonymous Symbol]                       0x08024af8   Section        0  stm32h7xx_hal_rcc_ex.o(.text.RCCEx_PLL2_Config)
    RCCEx_PLL3_Config                        0x08024c19   Thumb Code   286  stm32h7xx_hal_rcc_ex.o(.text.RCCEx_PLL3_Config)
    [Anonymous Symbol]                       0x08024c18   Section        0  stm32h7xx_hal_rcc_ex.o(.text.RCCEx_PLL3_Config)
    [Anonymous Symbol]                       0x08024d38   Section        0  stm32h7xx_it.o(.text.SPI2_IRQHandler)
    SPI_CloseTransfer                        0x08024d49   Thumb Code   182  stm32h7xx_hal_spi.o(.text.SPI_CloseTransfer)
    [Anonymous Symbol]                       0x08024d48   Section        0  stm32h7xx_hal_spi.o(.text.SPI_CloseTransfer)
    SPI_DMAAbortOnError                      0x08024e01   Thumb Code    26  stm32h7xx_hal_spi.o(.text.SPI_DMAAbortOnError)
    [Anonymous Symbol]                       0x08024e00   Section        0  stm32h7xx_hal_spi.o(.text.SPI_DMAAbortOnError)
    SPI_DMAError                             0x08024e21   Thumb Code    46  stm32h7xx_hal_spi.o(.text.SPI_DMAError)
    [Anonymous Symbol]                       0x08024e20   Section        0  stm32h7xx_hal_spi.o(.text.SPI_DMAError)
    SPI_DMAHalfTransmitCplt                  0x08024e51   Thumb Code    10  stm32h7xx_hal_spi.o(.text.SPI_DMAHalfTransmitCplt)
    [Anonymous Symbol]                       0x08024e50   Section        0  stm32h7xx_hal_spi.o(.text.SPI_DMAHalfTransmitCplt)
    SPI_DMATransmitCplt                      0x08024e61   Thumb Code    42  stm32h7xx_hal_spi.o(.text.SPI_DMATransmitCplt)
    [Anonymous Symbol]                       0x08024e60   Section        0  stm32h7xx_hal_spi.o(.text.SPI_DMATransmitCplt)
    SPI_GetPacketSize                        0x08024e91   Thumb Code    18  stm32h7xx_hal_spi.o(.text.SPI_GetPacketSize)
    [Anonymous Symbol]                       0x08024e90   Section        0  stm32h7xx_hal_spi.o(.text.SPI_GetPacketSize)
    SPI_WaitOnFlagUntilTimeout               0x08024ea9   Thumb Code    46  stm32h7xx_hal_spi.o(.text.SPI_WaitOnFlagUntilTimeout)
    [Anonymous Symbol]                       0x08024ea8   Section        0  stm32h7xx_hal_spi.o(.text.SPI_WaitOnFlagUntilTimeout)
    [Anonymous Symbol]                       0x08024ed8   Section        0  stm32h7xx_it.o(.text.SVC_Handler)
    SysTick_Config                           0x08024ee1   Thumb Code    46  stm32h7xx_hal_cortex.o(.text.SysTick_Config)
    [Anonymous Symbol]                       0x08024ee0   Section        0  stm32h7xx_hal_cortex.o(.text.SysTick_Config)
    [Anonymous Symbol]                       0x08024f10   Section        0  stm32h7xx_it.o(.text.SysTick_Handler)
    [Anonymous Symbol]                       0x08024f18   Section        0  main.o(.text.SystemClock_Config)
    [Anonymous Symbol]                       0x08024fe0   Section        0  system_stm32h7xx.o(.text.SystemInit)
    [Anonymous Symbol]                       0x080250c0   Section        0  stm32h7xx_it.o(.text.TIM17_IRQHandler)
    [Anonymous Symbol]                       0x080250d0   Section        0  stm32h7xx_hal_tim.o(.text.TIM_Base_SetConfig)
    [Anonymous Symbol]                       0x08025210   Section        0  stm32h7xx_hal_tim.o(.text.TIM_ETR_SetConfig)
    TIM_ITRx_SetConfig                       0x08025229   Thumb Code    22  stm32h7xx_hal_tim.o(.text.TIM_ITRx_SetConfig)
    [Anonymous Symbol]                       0x08025228   Section        0  stm32h7xx_hal_tim.o(.text.TIM_ITRx_SetConfig)
    TIM_TI1_ConfigInputStage                 0x08025241   Thumb Code    34  stm32h7xx_hal_tim.o(.text.TIM_TI1_ConfigInputStage)
    [Anonymous Symbol]                       0x08025240   Section        0  stm32h7xx_hal_tim.o(.text.TIM_TI1_ConfigInputStage)
    TIM_TI2_ConfigInputStage                 0x08025269   Thumb Code    36  stm32h7xx_hal_tim.o(.text.TIM_TI2_ConfigInputStage)
    [Anonymous Symbol]                       0x08025268   Section        0  stm32h7xx_hal_tim.o(.text.TIM_TI2_ConfigInputStage)
    [Anonymous Symbol]                       0x08025290   Section        0  stm32h7xx_it.o(.text.UsageFault_Handler)
    [Anonymous Symbol]                       0x08025298   Section        0  ili9341driver.o(.text._ZN13ili9341Driver12ILI9341ResetEv)
    [Anonymous Symbol]                       0x080252c8   Section        0  ili9341driver.o(.text._ZN13ili9341Driver12ILI9341_initEP19__SPI_HandleTypeDef)
    [Anonymous Symbol]                       0x08025588   Section        0  ili9341driver.o(.text._ZN13ili9341Driver13ILI9341EnableEv)
    [Anonymous Symbol]                       0x080255a0   Section        0  ili9341driver.o(.text._ZN13ili9341Driver16ILI9341_DrawCharEchhttt)
    [Anonymous Symbol]                       0x08025668   Section        0  ili9341driver.o(.text._ZN13ili9341Driver16ILI9341_DrawTextEPKchhttt)
    [Anonymous Symbol]                       0x080256b0   Section        0  ili9341driver.o(.text._ZN13ili9341Driver16ILI9341_SPI_SendEh)
    [Anonymous Symbol]                       0x080256d8   Section        0  ili9341driver.o(.text._ZN13ili9341Driver16ILI9341_WriteCmdEh)
    [Anonymous Symbol]                       0x08025700   Section        0  ili9341driver.o(.text._ZN13ili9341Driver17ILI9341_DrawPixelEttt)
    [Anonymous Symbol]                       0x080257f8   Section        0  ili9341driver.o(.text._ZN13ili9341Driver17ILI9341_WriteDataEh)
    [Anonymous Symbol]                       0x08025820   Section        0  ili9341driver.o(.text._ZN13ili9341Driver18ILI9341_AppendListEPh)
    [Anonymous Symbol]                       0x080258d0   Section        0  ili9341driver.o(.text._ZN13ili9341Driver18ILI9341_FillScreenEt)
    [Anonymous Symbol]                       0x08025900   Section        0  ili9341driver.o(.text._ZN13ili9341Driver18ILI9341_SetAddressEtttt)
    [Anonymous Symbol]                       0x08025970   Section        0  ili9341driver.o(.text._ZN13ili9341Driver19ILI9341_SetRotationEh)
    [Anonymous Symbol]                       0x080259c8   Section        0  ili9341driver.o(.text._ZN13ili9341Driver21ILI9341_DrawLineToMEMEtttt)
    [Anonymous Symbol]                       0x08025a90   Section        0  ili9341driver.o(.text._ZN13ili9341Driver21ILI9341_DrawRectangleEttttt)
    [Anonymous Symbol]                       0x08025ae8   Section        0  ili9341driver.o(.text._ZN13ili9341Driver22ILI9341_ClearReaginSetEiiii)
    [Anonymous Symbol]                       0x08025b28   Section        0  ili9341driver.o(.text._ZN13ili9341Driver22ILI9341_DrawPointToMEMEtt)
    [Anonymous Symbol]                       0x08025b40   Section        0  ili9341driver.o(.text._ZN13ili9341Driver23ILI9341_DrawColourBurstEtj)
    [Anonymous Symbol]                       0x08025be8   Section        0  ili9341driver.o(.text._ZN13ili9341Driver24ILI9341_InitDynamicGraphEjj)
    [Anonymous Symbol]                       0x08025c18   Section        0  ili9341driver.o(.text._ZN13ili9341Driver26ILI9341_UpdateDynamicGraphEv)
    [Anonymous Symbol]                       0x08025c98   Section        0  ili9341driver.o(.text._ZN13ili9341Driver29ILI9341_AddLineToDynamicGraphEv)
    [Anonymous Symbol]                       0x08025d48   Section        0  ili9341driver.o(.text._ZN13ili9341Driver30ILI9341_AddPointToDynamicGraphEt)
    [Anonymous Symbol]                       0x08025d68   Section        0  cxa_handlers.cpp.o(.text._ZSt15get_new_handlerv)
    [Anonymous Symbol]                       0x08025d74   Section        0  new.cpp.o(.text._Znwj)
    __NVIC_EnableIRQ                         0x08025da1   Thumb Code    32  stm32h7xx_hal_cortex.o(.text.__NVIC_EnableIRQ)
    [Anonymous Symbol]                       0x08025da0   Section        0  stm32h7xx_hal_cortex.o(.text.__NVIC_EnableIRQ)
    __NVIC_GetPriorityGrouping               0x08025dc1   Thumb Code    16  stm32h7xx_hal_cortex.o(.text.__NVIC_GetPriorityGrouping)
    [Anonymous Symbol]                       0x08025dc0   Section        0  stm32h7xx_hal_cortex.o(.text.__NVIC_GetPriorityGrouping)
    __NVIC_SetPriority                       0x08025dd1   Thumb Code    34  stm32h7xx_hal_cortex.o(.text.__NVIC_SetPriority)
    [Anonymous Symbol]                       0x08025dd0   Section        0  stm32h7xx_hal_cortex.o(.text.__NVIC_SetPriority)
    __NVIC_SetPriorityGrouping               0x08025df9   Thumb Code    32  stm32h7xx_hal_cortex.o(.text.__NVIC_SetPriorityGrouping)
    [Anonymous Symbol]                       0x08025df8   Section        0  stm32h7xx_hal_cortex.o(.text.__NVIC_SetPriorityGrouping)
    [Anonymous Symbol]                       0x08025e18   Section        0  main.o(.text.main)
    $v0                                      0x08025eb4   Number         0  fpinit.o(x$fpl$fpinit)
    x$fpl$fpinit                             0x08025eb4   Section       26  fpinit.o(x$fpl$fpinit)
    font                                     0x08025ede   Data         576  ili9341driver.o(.rodata._ZL4font)
    [Anonymous Symbol]                       0x08025ede   Section        0  ili9341driver.o(.rodata._ZL4font)
    .bss                                     0x24000020   Section       96  libspace.o(.bss)
    ili9341Driver::ILI9341_AppendList(unsigned char*)::AppendListNum 0x24000088   Data           4  ili9341driver.o(.bss._ZZN13ili9341Driver18ILI9341_AppendListEPhE13AppendListNum)
    [Anonymous Symbol]                       0x24000088   Section        0  ili9341driver.o(.bss._ZZN13ili9341Driver18ILI9341_AppendListEPhE13AppendListNum)
    ili9341Driver::ILI9341_AppendList(unsigned char*)::ListGet 0x2400008c   Data          60  ili9341driver.o(.bss._ZZN13ili9341Driver18ILI9341_AppendListEPhE7ListGet)
    [Anonymous Symbol]                       0x2400008c   Section        0  ili9341driver.o(.bss._ZZN13ili9341Driver18ILI9341_AppendListEPhE7ListGet)
    Heap_Mem                                 0x24000270   Data         512  startup_stm32h743xx.o(HEAP)
    HEAP                                     0x24000270   Section      512  startup_stm32h743xx.o(HEAP)
    Stack_Mem                                0x24000470   Data        1024  startup_stm32h743xx.o(STACK)
    STACK                                    0x24000470   Section     1024  startup_stm32h743xx.o(STACK)
    __initial_sp                             0x24000870   Data           0  startup_stm32h743xx.o(STACK)

    Global Symbols

    Symbol Name                              Value     Ov Type        Size  Object(Section)

    BuildAttributes$$THM_ISAv4$E$P$D$K$B$S$7EM$VFPv5_D16$PE$PLD8$A:L22UL41UL21$X:L11$S22US41US21$IEEE1$IW$~IW$USESV6$~STKCKD$USESV7$~SHL$OTIME$ROPI$EBA8$UX$STANDARDLIB$REQ8$PRES8$EABIv2 0x00000000   Number         0  anon$$obj.o ABSOLUTE
    __ARM_exceptions_init                     - Undefined Weak Reference
    __alloca_initialize                       - Undefined Weak Reference
    __arm_preinit_                            - Undefined Weak Reference
    __cpp_initialize__aeabi_                  - Undefined Weak Reference
    __cxa_finalize                            - Undefined Weak Reference
    __rt_locale                               - Undefined Weak Reference
    __sigvec_lookup                           - Undefined Weak Reference
    __user_heap_extent                        - Undefined Weak Reference
    _atexit_init                              - Undefined Weak Reference
    _call_atexit_fns                          - Undefined Weak Reference
    _clock_init                               - Undefined Weak Reference
    _fp_trap_init                             - Undefined Weak Reference
    _fp_trap_shutdown                         - Undefined Weak Reference
    _get_lc_collate                           - Undefined Weak Reference
    _get_lc_ctype                             - Undefined Weak Reference
    _get_lc_monetary                          - Undefined Weak Reference
    _get_lc_numeric                           - Undefined Weak Reference
    _get_lc_time                              - Undefined Weak Reference
    _getenv_init                              - Undefined Weak Reference
    _handle_redirection                       - Undefined Weak Reference
    _initio                                   - Undefined Weak Reference
    _mutex_acquire                            - Undefined Weak Reference
    _mutex_free                               - Undefined Weak Reference
    _mutex_release                            - Undefined Weak Reference
    _rand_init                                - Undefined Weak Reference
    _signal_finish                            - Undefined Weak Reference
    _signal_init                              - Undefined Weak Reference
    _terminateio                              - Undefined Weak Reference
    __Vectors_Size                           0x00000298   Number         0  startup_stm32h743xx.o ABSOLUTE
    __Vectors                                0x08020000   Data           4  startup_stm32h743xx.o(RESET)
    __Vectors_End                            0x08020298   Data           0  startup_stm32h743xx.o(RESET)
    __main                                   0x08020299   Thumb Code     8  __main.o(!!!main)
    __scatterload                            0x080202a1   Thumb Code     0  __scatter.o(!!!scatter)
    __scatterload_rt2                        0x080202a1   Thumb Code    44  __scatter.o(!!!scatter)
    __scatterload_rt2_thumb_only             0x080202a1   Thumb Code     0  __scatter.o(!!!scatter)
    __scatterload_null                       0x080202af   Thumb Code     0  __scatter.o(!!!scatter)
    __scatterload_copy                       0x080202d5   Thumb Code    26  __scatter_copy.o(!!handler_copy)
    __scatterload_zeroinit                   0x080202f1   Thumb Code    28  __scatter_zi.o(!!handler_zi)
    __rt_lib_init                            0x0802030d   Thumb Code     0  libinit.o(.ARM.Collect$$libinit$$00000000)
    __rt_lib_init_fp_1                       0x0802030f   Thumb Code     0  libinit2.o(.ARM.Collect$$libinit$$00000001)
    __rt_lib_init_heap_2                     0x08020313   Thumb Code     0  libinit2.o(.ARM.Collect$$libinit$$00000005)
    __rt_lib_init_preinit_1                  0x08020313   Thumb Code     0  libinit2.o(.ARM.Collect$$libinit$$00000004)
    __rt_lib_init_alloca_1                   0x0802031b   Thumb Code     0  libinit2.o(.ARM.Collect$$libinit$$0000002E)
    __rt_lib_init_argv_1                     0x0802031b   Thumb Code     0  libinit2.o(.ARM.Collect$$libinit$$0000002C)
    __rt_lib_init_atexit_1                   0x0802031b   Thumb Code     0  libinit2.o(.ARM.Collect$$libinit$$0000001B)
    __rt_lib_init_clock_1                    0x0802031b   Thumb Code     0  libinit2.o(.ARM.Collect$$libinit$$00000021)
    __rt_lib_init_cpp_1                      0x0802031b   Thumb Code     0  libinit2.o(.ARM.Collect$$libinit$$00000032)
    __rt_lib_init_exceptions_1               0x0802031b   Thumb Code     0  libinit2.o(.ARM.Collect$$libinit$$00000030)
    __rt_lib_init_fp_trap_1                  0x0802031b   Thumb Code     0  libinit2.o(.ARM.Collect$$libinit$$0000001F)
    __rt_lib_init_getenv_1                   0x0802031b   Thumb Code     0  libinit2.o(.ARM.Collect$$libinit$$00000023)
    __rt_lib_init_heap_1                     0x0802031b   Thumb Code     0  libinit2.o(.ARM.Collect$$libinit$$0000000A)
    __rt_lib_init_lc_collate_1               0x0802031b   Thumb Code     0  libinit2.o(.ARM.Collect$$libinit$$00000011)
    __rt_lib_init_lc_ctype_1                 0x0802031b   Thumb Code     0  libinit2.o(.ARM.Collect$$libinit$$00000013)
    __rt_lib_init_lc_monetary_1              0x0802031b   Thumb Code     0  libinit2.o(.ARM.Collect$$libinit$$00000015)
    __rt_lib_init_lc_numeric_1               0x0802031b   Thumb Code     0  libinit2.o(.ARM.Collect$$libinit$$00000017)
    __rt_lib_init_lc_time_1                  0x0802031b   Thumb Code     0  libinit2.o(.ARM.Collect$$libinit$$00000019)
    __rt_lib_init_rand_1                     0x0802031b   Thumb Code     0  libinit2.o(.ARM.Collect$$libinit$$0000000E)
    __rt_lib_init_return                     0x0802031b   Thumb Code     0  libinit2.o(.ARM.Collect$$libinit$$00000033)
    __rt_lib_init_signal_1                   0x0802031b   Thumb Code     0  libinit2.o(.ARM.Collect$$libinit$$0000001D)
    __rt_lib_init_stdio_1                    0x0802031b   Thumb Code     0  libinit2.o(.ARM.Collect$$libinit$$00000025)
    __rt_lib_init_user_alloc_1               0x0802031b   Thumb Code     0  libinit2.o(.ARM.Collect$$libinit$$0000000C)
    __rt_lib_shutdown                        0x0802031d   Thumb Code     0  libshutdown.o(.ARM.Collect$$libshutdown$$00000000)
    __rt_lib_shutdown_cpp_1                  0x0802031f   Thumb Code     0  libshutdown2.o(.ARM.Collect$$libshutdown$$00000002)
    __rt_lib_shutdown_fp_trap_1              0x0802031f   Thumb Code     0  libshutdown2.o(.ARM.Collect$$libshutdown$$00000007)
    __rt_lib_shutdown_heap_1                 0x0802031f   Thumb Code     0  libshutdown2.o(.ARM.Collect$$libshutdown$$0000000F)
    __rt_lib_shutdown_return                 0x0802031f   Thumb Code     0  libshutdown2.o(.ARM.Collect$$libshutdown$$00000010)
    __rt_lib_shutdown_signal_1               0x0802031f   Thumb Code     0  libshutdown2.o(.ARM.Collect$$libshutdown$$0000000A)
    __rt_lib_shutdown_stdio_1                0x0802031f   Thumb Code     0  libshutdown2.o(.ARM.Collect$$libshutdown$$00000004)
    __rt_lib_shutdown_user_alloc_1           0x0802031f   Thumb Code     0  libshutdown2.o(.ARM.Collect$$libshutdown$$0000000C)
    __rt_entry                               0x08020321   Thumb Code     0  __rtentry.o(.ARM.Collect$$rtentry$$00000000)
    __rt_entry_presh_1                       0x08020321   Thumb Code     0  __rtentry2.o(.ARM.Collect$$rtentry$$00000002)
    __rt_entry_sh                            0x08020321   Thumb Code     0  __rtentry4.o(.ARM.Collect$$rtentry$$00000004)
    __rt_entry_li                            0x08020327   Thumb Code     0  __rtentry2.o(.ARM.Collect$$rtentry$$0000000A)
    __rt_entry_postsh_1                      0x08020327   Thumb Code     0  __rtentry2.o(.ARM.Collect$$rtentry$$00000009)
    __rt_entry_main                          0x0802032b   Thumb Code     0  __rtentry2.o(.ARM.Collect$$rtentry$$0000000D)
    __rt_entry_postli_1                      0x0802032b   Thumb Code     0  __rtentry2.o(.ARM.Collect$$rtentry$$0000000C)
    __rt_exit                                0x08020333   Thumb Code     0  rtexit.o(.ARM.Collect$$rtexit$$00000000)
    __rt_exit_ls                             0x08020335   Thumb Code     0  rtexit2.o(.ARM.Collect$$rtexit$$00000003)
    __rt_exit_prels_1                        0x08020335   Thumb Code     0  rtexit2.o(.ARM.Collect$$rtexit$$00000002)
    __rt_exit_exit                           0x08020339   Thumb Code     0  rtexit2.o(.ARM.Collect$$rtexit$$00000004)
    Reset_Handler                            0x08020341   Thumb Code     8  startup_stm32h743xx.o(.text)
    ADC3_IRQHandler                          0x0802035b   Thumb Code     0  startup_stm32h743xx.o(.text)
    ADC_IRQHandler                           0x0802035b   Thumb Code     0  startup_stm32h743xx.o(.text)
    BDMA_Channel0_IRQHandler                 0x0802035b   Thumb Code     0  startup_stm32h743xx.o(.text)
    BDMA_Channel1_IRQHandler                 0x0802035b   Thumb Code     0  startup_stm32h743xx.o(.text)
    BDMA_Channel2_IRQHandler                 0x0802035b   Thumb Code     0  startup_stm32h743xx.o(.text)
    BDMA_Channel3_IRQHandler                 0x0802035b   Thumb Code     0  startup_stm32h743xx.o(.text)
    BDMA_Channel4_IRQHandler                 0x0802035b   Thumb Code     0  startup_stm32h743xx.o(.text)
    BDMA_Channel5_IRQHandler                 0x0802035b   Thumb Code     0  startup_stm32h743xx.o(.text)
    BDMA_Channel6_IRQHandler                 0x0802035b   Thumb Code     0  startup_stm32h743xx.o(.text)
    BDMA_Channel7_IRQHandler                 0x0802035b   Thumb Code     0  startup_stm32h743xx.o(.text)
    CEC_IRQHandler                           0x0802035b   Thumb Code     0  startup_stm32h743xx.o(.text)
    COMP1_IRQHandler                         0x0802035b   Thumb Code     0  startup_stm32h743xx.o(.text)
    CRS_IRQHandler                           0x0802035b   Thumb Code     0  startup_stm32h743xx.o(.text)
    DCMI_IRQHandler                          0x0802035b   Thumb Code     0  startup_stm32h743xx.o(.text)
    DFSDM1_FLT0_IRQHandler                   0x0802035b   Thumb Code     0  startup_stm32h743xx.o(.text)
    DFSDM1_FLT1_IRQHandler                   0x0802035b   Thumb Code     0  startup_stm32h743xx.o(.text)
    DFSDM1_FLT2_IRQHandler                   0x0802035b   Thumb Code     0  startup_stm32h743xx.o(.text)
    DFSDM1_FLT3_IRQHandler                   0x0802035b   Thumb Code     0  startup_stm32h743xx.o(.text)
    DMA1_Stream1_IRQHandler                  0x0802035b   Thumb Code     0  startup_stm32h743xx.o(.text)
    DMA1_Stream2_IRQHandler                  0x0802035b   Thumb Code     0  startup_stm32h743xx.o(.text)
    DMA1_Stream3_IRQHandler                  0x0802035b   Thumb Code     0  startup_stm32h743xx.o(.text)
    DMA1_Stream4_IRQHandler                  0x0802035b   Thumb Code     0  startup_stm32h743xx.o(.text)
    DMA1_Stream5_IRQHandler                  0x0802035b   Thumb Code     0  startup_stm32h743xx.o(.text)
    DMA1_Stream6_IRQHandler                  0x0802035b   Thumb Code     0  startup_stm32h743xx.o(.text)
    DMA1_Stream7_IRQHandler                  0x0802035b   Thumb Code     0  startup_stm32h743xx.o(.text)
    DMA2D_IRQHandler                         0x0802035b   Thumb Code     0  startup_stm32h743xx.o(.text)
    DMA2_Stream0_IRQHandler                  0x0802035b   Thumb Code     0  startup_stm32h743xx.o(.text)
    DMA2_Stream1_IRQHandler                  0x0802035b   Thumb Code     0  startup_stm32h743xx.o(.text)
    DMA2_Stream2_IRQHandler                  0x0802035b   Thumb Code     0  startup_stm32h743xx.o(.text)
    DMA2_Stream3_IRQHandler                  0x0802035b   Thumb Code     0  startup_stm32h743xx.o(.text)
    DMA2_Stream4_IRQHandler                  0x0802035b   Thumb Code     0  startup_stm32h743xx.o(.text)
    DMA2_Stream5_IRQHandler                  0x0802035b   Thumb Code     0  startup_stm32h743xx.o(.text)
    DMA2_Stream6_IRQHandler                  0x0802035b   Thumb Code     0  startup_stm32h743xx.o(.text)
    DMA2_Stream7_IRQHandler                  0x0802035b   Thumb Code     0  startup_stm32h743xx.o(.text)
    DMAMUX1_OVR_IRQHandler                   0x0802035b   Thumb Code     0  startup_stm32h743xx.o(.text)
    DMAMUX2_OVR_IRQHandler                   0x0802035b   Thumb Code     0  startup_stm32h743xx.o(.text)
    ECC_IRQHandler                           0x0802035b   Thumb Code     0  startup_stm32h743xx.o(.text)
    ETH_IRQHandler                           0x0802035b   Thumb Code     0  startup_stm32h743xx.o(.text)
    ETH_WKUP_IRQHandler                      0x0802035b   Thumb Code     0  startup_stm32h743xx.o(.text)
    EXTI0_IRQHandler                         0x0802035b   Thumb Code     0  startup_stm32h743xx.o(.text)
    EXTI15_10_IRQHandler                     0x0802035b   Thumb Code     0  startup_stm32h743xx.o(.text)
    EXTI1_IRQHandler                         0x0802035b   Thumb Code     0  startup_stm32h743xx.o(.text)
    EXTI2_IRQHandler                         0x0802035b   Thumb Code     0  startup_stm32h743xx.o(.text)
    EXTI3_IRQHandler                         0x0802035b   Thumb Code     0  startup_stm32h743xx.o(.text)
    EXTI4_IRQHandler                         0x0802035b   Thumb Code     0  startup_stm32h743xx.o(.text)
    EXTI9_5_IRQHandler                       0x0802035b   Thumb Code     0  startup_stm32h743xx.o(.text)
    FDCAN1_IT0_IRQHandler                    0x0802035b   Thumb Code     0  startup_stm32h743xx.o(.text)
    FDCAN1_IT1_IRQHandler                    0x0802035b   Thumb Code     0  startup_stm32h743xx.o(.text)
    FDCAN2_IT0_IRQHandler                    0x0802035b   Thumb Code     0  startup_stm32h743xx.o(.text)
    FDCAN2_IT1_IRQHandler                    0x0802035b   Thumb Code     0  startup_stm32h743xx.o(.text)
    FDCAN_CAL_IRQHandler                     0x0802035b   Thumb Code     0  startup_stm32h743xx.o(.text)
    FLASH_IRQHandler                         0x0802035b   Thumb Code     0  startup_stm32h743xx.o(.text)
    FMC_IRQHandler                           0x0802035b   Thumb Code     0  startup_stm32h743xx.o(.text)
    FPU_IRQHandler                           0x0802035b   Thumb Code     0  startup_stm32h743xx.o(.text)
    HRTIM1_FLT_IRQHandler                    0x0802035b   Thumb Code     0  startup_stm32h743xx.o(.text)
    HRTIM1_Master_IRQHandler                 0x0802035b   Thumb Code     0  startup_stm32h743xx.o(.text)
    HRTIM1_TIMA_IRQHandler                   0x0802035b   Thumb Code     0  startup_stm32h743xx.o(.text)
    HRTIM1_TIMB_IRQHandler                   0x0802035b   Thumb Code     0  startup_stm32h743xx.o(.text)
    HRTIM1_TIMC_IRQHandler                   0x0802035b   Thumb Code     0  startup_stm32h743xx.o(.text)
    HRTIM1_TIMD_IRQHandler                   0x0802035b   Thumb Code     0  startup_stm32h743xx.o(.text)
    HRTIM1_TIME_IRQHandler                   0x0802035b   Thumb Code     0  startup_stm32h743xx.o(.text)
    HSEM1_IRQHandler                         0x0802035b   Thumb Code     0  startup_stm32h743xx.o(.text)
    I2C1_ER_IRQHandler                       0x0802035b   Thumb Code     0  startup_stm32h743xx.o(.text)
    I2C1_EV_IRQHandler                       0x0802035b   Thumb Code     0  startup_stm32h743xx.o(.text)
    I2C2_ER_IRQHandler                       0x0802035b   Thumb Code     0  startup_stm32h743xx.o(.text)
    I2C2_EV_IRQHandler                       0x0802035b   Thumb Code     0  startup_stm32h743xx.o(.text)
    I2C3_ER_IRQHandler                       0x0802035b   Thumb Code     0  startup_stm32h743xx.o(.text)
    I2C3_EV_IRQHandler                       0x0802035b   Thumb Code     0  startup_stm32h743xx.o(.text)
    I2C4_ER_IRQHandler                       0x0802035b   Thumb Code     0  startup_stm32h743xx.o(.text)
    I2C4_EV_IRQHandler                       0x0802035b   Thumb Code     0  startup_stm32h743xx.o(.text)
    JPEG_IRQHandler                          0x0802035b   Thumb Code     0  startup_stm32h743xx.o(.text)
    LPTIM1_IRQHandler                        0x0802035b   Thumb Code     0  startup_stm32h743xx.o(.text)
    LPTIM2_IRQHandler                        0x0802035b   Thumb Code     0  startup_stm32h743xx.o(.text)
    LPTIM3_IRQHandler                        0x0802035b   Thumb Code     0  startup_stm32h743xx.o(.text)
    LPTIM4_IRQHandler                        0x0802035b   Thumb Code     0  startup_stm32h743xx.o(.text)
    LPTIM5_IRQHandler                        0x0802035b   Thumb Code     0  startup_stm32h743xx.o(.text)
    LPUART1_IRQHandler                       0x0802035b   Thumb Code     0  startup_stm32h743xx.o(.text)
    LTDC_ER_IRQHandler                       0x0802035b   Thumb Code     0  startup_stm32h743xx.o(.text)
    LTDC_IRQHandler                          0x0802035b   Thumb Code     0  startup_stm32h743xx.o(.text)
    MDIOS_IRQHandler                         0x0802035b   Thumb Code     0  startup_stm32h743xx.o(.text)
    MDIOS_WKUP_IRQHandler                    0x0802035b   Thumb Code     0  startup_stm32h743xx.o(.text)
    MDMA_IRQHandler                          0x0802035b   Thumb Code     0  startup_stm32h743xx.o(.text)
    OTG_FS_EP1_IN_IRQHandler                 0x0802035b   Thumb Code     0  startup_stm32h743xx.o(.text)
    OTG_FS_EP1_OUT_IRQHandler                0x0802035b   Thumb Code     0  startup_stm32h743xx.o(.text)
    OTG_FS_IRQHandler                        0x0802035b   Thumb Code     0  startup_stm32h743xx.o(.text)
    OTG_FS_WKUP_IRQHandler                   0x0802035b   Thumb Code     0  startup_stm32h743xx.o(.text)
    OTG_HS_EP1_IN_IRQHandler                 0x0802035b   Thumb Code     0  startup_stm32h743xx.o(.text)
    OTG_HS_EP1_OUT_IRQHandler                0x0802035b   Thumb Code     0  startup_stm32h743xx.o(.text)
    OTG_HS_IRQHandler                        0x0802035b   Thumb Code     0  startup_stm32h743xx.o(.text)
    OTG_HS_WKUP_IRQHandler                   0x0802035b   Thumb Code     0  startup_stm32h743xx.o(.text)
    PVD_AVD_IRQHandler                       0x0802035b   Thumb Code     0  startup_stm32h743xx.o(.text)
    QUADSPI_IRQHandler                       0x0802035b   Thumb Code     0  startup_stm32h743xx.o(.text)
    RCC_IRQHandler                           0x0802035b   Thumb Code     0  startup_stm32h743xx.o(.text)
    RNG_IRQHandler                           0x0802035b   Thumb Code     0  startup_stm32h743xx.o(.text)
    RTC_Alarm_IRQHandler                     0x0802035b   Thumb Code     0  startup_stm32h743xx.o(.text)
    RTC_WKUP_IRQHandler                      0x0802035b   Thumb Code     0  startup_stm32h743xx.o(.text)
    SAI1_IRQHandler                          0x0802035b   Thumb Code     0  startup_stm32h743xx.o(.text)
    SAI2_IRQHandler                          0x0802035b   Thumb Code     0  startup_stm32h743xx.o(.text)
    SAI3_IRQHandler                          0x0802035b   Thumb Code     0  startup_stm32h743xx.o(.text)
    SAI4_IRQHandler                          0x0802035b   Thumb Code     0  startup_stm32h743xx.o(.text)
    SDMMC1_IRQHandler                        0x0802035b   Thumb Code     0  startup_stm32h743xx.o(.text)
    SDMMC2_IRQHandler                        0x0802035b   Thumb Code     0  startup_stm32h743xx.o(.text)
    SPDIF_RX_IRQHandler                      0x0802035b   Thumb Code     0  startup_stm32h743xx.o(.text)
    SPI1_IRQHandler                          0x0802035b   Thumb Code     0  startup_stm32h743xx.o(.text)
    SPI3_IRQHandler                          0x0802035b   Thumb Code     0  startup_stm32h743xx.o(.text)
    SPI4_IRQHandler                          0x0802035b   Thumb Code     0  startup_stm32h743xx.o(.text)
    SPI5_IRQHandler                          0x0802035b   Thumb Code     0  startup_stm32h743xx.o(.text)
    SPI6_IRQHandler                          0x0802035b   Thumb Code     0  startup_stm32h743xx.o(.text)
    SWPMI1_IRQHandler                        0x0802035b   Thumb Code     0  startup_stm32h743xx.o(.text)
    TAMP_STAMP_IRQHandler                    0x0802035b   Thumb Code     0  startup_stm32h743xx.o(.text)
    TIM15_IRQHandler                         0x0802035b   Thumb Code     0  startup_stm32h743xx.o(.text)
    TIM16_IRQHandler                         0x0802035b   Thumb Code     0  startup_stm32h743xx.o(.text)
    TIM1_BRK_IRQHandler                      0x0802035b   Thumb Code     0  startup_stm32h743xx.o(.text)
    TIM1_CC_IRQHandler                       0x0802035b   Thumb Code     0  startup_stm32h743xx.o(.text)
    TIM1_TRG_COM_IRQHandler                  0x0802035b   Thumb Code     0  startup_stm32h743xx.o(.text)
    TIM1_UP_IRQHandler                       0x0802035b   Thumb Code     0  startup_stm32h743xx.o(.text)
    TIM2_IRQHandler                          0x0802035b   Thumb Code     0  startup_stm32h743xx.o(.text)
    TIM3_IRQHandler                          0x0802035b   Thumb Code     0  startup_stm32h743xx.o(.text)
    TIM4_IRQHandler                          0x0802035b   Thumb Code     0  startup_stm32h743xx.o(.text)
    TIM5_IRQHandler                          0x0802035b   Thumb Code     0  startup_stm32h743xx.o(.text)
    TIM6_DAC_IRQHandler                      0x0802035b   Thumb Code     0  startup_stm32h743xx.o(.text)
    TIM7_IRQHandler                          0x0802035b   Thumb Code     0  startup_stm32h743xx.o(.text)
    TIM8_BRK_TIM12_IRQHandler                0x0802035b   Thumb Code     0  startup_stm32h743xx.o(.text)
    TIM8_CC_IRQHandler                       0x0802035b   Thumb Code     0  startup_stm32h743xx.o(.text)
    TIM8_TRG_COM_TIM14_IRQHandler            0x0802035b   Thumb Code     0  startup_stm32h743xx.o(.text)
    TIM8_UP_TIM13_IRQHandler                 0x0802035b   Thumb Code     0  startup_stm32h743xx.o(.text)
    UART4_IRQHandler                         0x0802035b   Thumb Code     0  startup_stm32h743xx.o(.text)
    UART5_IRQHandler                         0x0802035b   Thumb Code     0  startup_stm32h743xx.o(.text)
    UART7_IRQHandler                         0x0802035b   Thumb Code     0  startup_stm32h743xx.o(.text)
    UART8_IRQHandler                         0x0802035b   Thumb Code     0  startup_stm32h743xx.o(.text)
    USART1_IRQHandler                        0x0802035b   Thumb Code     0  startup_stm32h743xx.o(.text)
    USART2_IRQHandler                        0x0802035b   Thumb Code     0  startup_stm32h743xx.o(.text)
    USART3_IRQHandler                        0x0802035b   Thumb Code     0  startup_stm32h743xx.o(.text)
    USART6_IRQHandler                        0x0802035b   Thumb Code     0  startup_stm32h743xx.o(.text)
    WAKEUP_PIN_IRQHandler                    0x0802035b   Thumb Code     0  startup_stm32h743xx.o(.text)
    WWDG_IRQHandler                          0x0802035b   Thumb Code     0  startup_stm32h743xx.o(.text)
    __user_initial_stackheap                 0x0802035d   Thumb Code     0  startup_stm32h743xx.o(.text)
    __aeabi_memcpy                           0x08020381   Thumb Code     0  rt_memcpy_v6.o(.text)
    __rt_memcpy                              0x08020381   Thumb Code   138  rt_memcpy_v6.o(.text)
    _memcpy_lastbytes                        0x080203e7   Thumb Code     0  rt_memcpy_v6.o(.text)
    __aeabi_memclr4                          0x0802040b   Thumb Code     0  rt_memclr_w.o(.text)
    __aeabi_memclr8                          0x0802040b   Thumb Code     0  rt_memclr_w.o(.text)
    __rt_memclr_w                            0x0802040b   Thumb Code    78  rt_memclr_w.o(.text)
    _memset_w                                0x0802040f   Thumb Code     0  rt_memclr_w.o(.text)
    __use_two_region_memory                  0x08020459   Thumb Code     2  heapauxi.o(.text)
    __rt_heap_escrow                         0x0802045b   Thumb Code     2  heapauxi.o(.text)
    __rt_heap_expand                         0x0802045d   Thumb Code     2  heapauxi.o(.text)
    malloc                                   0x0802045f   Thumb Code    94  h1_alloc.o(.text)
    free                                     0x080204bd   Thumb Code    78  h1_free.o(.text)
    __aeabi_memcpy4                          0x0802050b   Thumb Code     0  rt_memcpy_w.o(.text)
    __aeabi_memcpy8                          0x0802050b   Thumb Code     0  rt_memcpy_w.o(.text)
    __rt_memcpy_w                            0x0802050b   Thumb Code   100  rt_memcpy_w.o(.text)
    _memcpy_lastbytes_aligned                0x08020553   Thumb Code     0  rt_memcpy_w.o(.text)
    _sys_exit                                0x08020571   Thumb Code     8  sys_exit.o(.text)
    __rt_heap_descriptor                     0x0802057d   Thumb Code     8  rt_heap_descriptor_intlibspace.o(.text)
    __use_no_heap                            0x08020585   Thumb Code     2  hguard.o(.text)
    __heap$guard                             0x08020587   Thumb Code     2  hguard.o(.text)
    _terminate_user_alloc                    0x08020589   Thumb Code     2  init_alloc.o(.text)
    _init_user_alloc                         0x0802058b   Thumb Code     2  init_alloc.o(.text)
    __Heap_Full                              0x0802058d   Thumb Code    34  init_alloc.o(.text)
    __Heap_Broken                            0x080205af   Thumb Code     6  init_alloc.o(.text)
    _init_alloc                              0x080205b5   Thumb Code    94  init_alloc.o(.text)
    __Heap_Initialize                        0x08020613   Thumb Code    10  h1_init.o(.text)
    __Heap_DescSize                          0x0802061d   Thumb Code     4  h1_init.o(.text)
    __user_libspace                          0x08020621   Thumb Code     8  libspace.o(.text)
    __user_perproc_libspace                  0x08020621   Thumb Code     0  libspace.o(.text)
    __user_perthread_libspace                0x08020621   Thumb Code     0  libspace.o(.text)
    __I$use$semihosting                      0x08020629   Thumb Code     0  use_no_semi.o(.text)
    __use_no_semihosting_swi                 0x08020629   Thumb Code     2  use_no_semi.o(.text)
    __semihosting_library_function           0x0802062b   Thumb Code     0  indicate_semi.o(.text)
    __user_setup_stackheap                   0x0802062b   Thumb Code    74  sys_stackheap_outer.o(.text)
    __Heap_ProvideMemory                     0x08020675   Thumb Code    52  h1_extend.o(.text)
    _maybe_terminate_alloc                   0x08020675   Thumb Code     0  maybetermalloc1.o(.text)
    exit                                     0x080206a9   Thumb Code    18  exit.o(.text)
    __sig_exit                               0x080206bb   Thumb Code    10  defsig_exit.o(.text)
    __rt_SIGRTMEM                            0x080206c5   Thumb Code    14  defsig_rtmem_outer.o(.text)
    __default_signal_display                 0x080206d3   Thumb Code    50  defsig_general.o(.text)
    __rt_SIGRTMEM_inner                      0x08020705   Thumb Code    22  defsig_rtmem_inner.o(.text)
    _ttywrch                                 0x08020755   Thumb Code    14  sys_wrch.o(.text)
    BusFault_Handler                         0x08020769   Thumb Code     2  stm32h7xx_it.o(.text.BusFault_Handler)
    DMA1_Stream0_IRQHandler                  0x08020771   Thumb Code    16  stm32h7xx_it.o(.text.DMA1_Stream0_IRQHandler)
    DebugMon_Handler                         0x08020d81   Thumb Code     2  stm32h7xx_it.o(.text.DebugMon_Handler)
    Error_Handler                            0x08020d89   Thumb Code     2  main.o(.text.Error_Handler)
    HAL_DMA_Abort_IT                         0x08020d91   Thumb Code   686  stm32h7xx_hal_dma.o(.text.HAL_DMA_Abort_IT)
    HAL_DMA_GetError                         0x08021041   Thumb Code     4  stm32h7xx_hal_dma.o(.text.HAL_DMA_GetError)
    HAL_DMA_IRQHandler                       0x08021049   Thumb Code  2976  stm32h7xx_hal_dma.o(.text.HAL_DMA_IRQHandler)
    HAL_DMA_Init                             0x08021be9   Thumb Code  1376  stm32h7xx_hal_dma.o(.text.HAL_DMA_Init)
    HAL_DMA_Start_IT                         0x08022149   Thumb Code  1120  stm32h7xx_hal_dma.o(.text.HAL_DMA_Start_IT)
    HAL_Delay                                0x080225a9   Thumb Code    40  stm32h7xx_hal.o(.text.HAL_Delay)
    HAL_GPIO_Init                            0x080225d1   Thumb Code   422  stm32h7xx_hal_gpio.o(.text.HAL_GPIO_Init)
    HAL_GPIO_WritePin                        0x08022779   Thumb Code    10  stm32h7xx_hal_gpio.o(.text.HAL_GPIO_WritePin)
    HAL_GetREVID                             0x08022789   Thumb Code    14  stm32h7xx_hal.o(.text.HAL_GetREVID)
    HAL_GetTick                              0x08022799   Thumb Code    12  stm32h7xx_hal.o(.text.HAL_GetTick)
    HAL_IncTick                              0x080227a9   Thumb Code    26  stm32h7xx_hal.o(.text.HAL_IncTick)
    HAL_Init                                 0x080227c9   Thumb Code   100  stm32h7xx_hal.o(.text.HAL_Init)
    HAL_InitTick                             0x08022831   Thumb Code    84  stm32h7xx_hal.o(.text.HAL_InitTick)
    HAL_MspInit                              0x08022889   Thumb Code    32  stm32h7xx_hal_msp.o(.text.HAL_MspInit)
    HAL_NVIC_EnableIRQ                       0x080228a9   Thumb Code     8  stm32h7xx_hal_cortex.o(.text.HAL_NVIC_EnableIRQ)
    HAL_NVIC_SetPriority                     0x080228b1   Thumb Code    30  stm32h7xx_hal_cortex.o(.text.HAL_NVIC_SetPriority)
    HAL_NVIC_SetPriorityGrouping             0x080228d1   Thumb Code     8  stm32h7xx_hal_cortex.o(.text.HAL_NVIC_SetPriorityGrouping)
    HAL_PWREx_ConfigSupply                   0x080228d9   Thumb Code    72  stm32h7xx_hal_pwr_ex.o(.text.HAL_PWREx_ConfigSupply)
    HAL_RCCEx_PeriphCLKConfig                0x08022921   Thumb Code  2374  stm32h7xx_hal_rcc_ex.o(.text.HAL_RCCEx_PeriphCLKConfig)
    HAL_RCC_ClockConfig                      0x08023269   Thumb Code   596  stm32h7xx_hal_rcc.o(.text.HAL_RCC_ClockConfig)
    HAL_RCC_GetSysClockFreq                  0x080234c1   Thumb Code   264  stm32h7xx_hal_rcc.o(.text.HAL_RCC_GetSysClockFreq)
    HAL_RCC_OscConfig                        0x080235c9   Thumb Code  1520  stm32h7xx_hal_rcc.o(.text.HAL_RCC_OscConfig)
    HAL_SPI_ErrorCallback                    0x08023bb9   Thumb Code     2  stm32h7xx_hal_spi.o(.text.HAL_SPI_ErrorCallback)
    HAL_SPI_IRQHandler                       0x08023bc1   Thumb Code   590  stm32h7xx_hal_spi.o(.text.HAL_SPI_IRQHandler)
    HAL_SPI_Init                             0x08023e11   Thumb Code   320  stm32h7xx_hal_spi.o(.text.HAL_SPI_Init)
    HAL_SPI_MspInit                          0x08023f51   Thumb Code   196  spi.o(.text.HAL_SPI_MspInit)
    HAL_SPI_RxCpltCallback                   0x08024019   Thumb Code     2  stm32h7xx_hal_spi.o(.text.HAL_SPI_RxCpltCallback)
    HAL_SPI_Transmit                         0x08024021   Thumb Code   586  stm32h7xx_hal_spi.o(.text.HAL_SPI_Transmit)
    HAL_SPI_Transmit_DMA                     0x08024271   Thumb Code   360  stm32h7xx_hal_spi.o(.text.HAL_SPI_Transmit_DMA)
    HAL_SPI_TxCpltCallback                   0x080243d9   Thumb Code     2  stm32h7xx_hal_spi.o(.text.HAL_SPI_TxCpltCallback)
    HAL_SPI_TxHalfCpltCallback               0x080243e1   Thumb Code     2  stm32h7xx_hal_spi.o(.text.HAL_SPI_TxHalfCpltCallback)
    HAL_SPI_TxRxCpltCallback                 0x080243e9   Thumb Code     2  stm32h7xx_hal_spi.o(.text.HAL_SPI_TxRxCpltCallback)
    HAL_SYSTICK_Config                       0x080243f1   Thumb Code     8  stm32h7xx_hal_cortex.o(.text.HAL_SYSTICK_Config)
    HAL_TIMEx_Break2Callback                 0x080243f9   Thumb Code     2  stm32h7xx_hal_tim_ex.o(.text.HAL_TIMEx_Break2Callback)
    HAL_TIMEx_BreakCallback                  0x08024401   Thumb Code     2  stm32h7xx_hal_tim_ex.o(.text.HAL_TIMEx_BreakCallback)
    HAL_TIMEx_CommutCallback                 0x08024409   Thumb Code     2  stm32h7xx_hal_tim_ex.o(.text.HAL_TIMEx_CommutCallback)
    HAL_TIMEx_MasterConfigSynchronization    0x08024411   Thumb Code   182  stm32h7xx_hal_tim_ex.o(.text.HAL_TIMEx_MasterConfigSynchronization)
    HAL_TIM_Base_Init                        0x080244c9   Thumb Code    96  stm32h7xx_hal_tim.o(.text.HAL_TIM_Base_Init)
    HAL_TIM_Base_MspInit                     0x08024529   Thumb Code   104  tim.o(.text.HAL_TIM_Base_MspInit)
    HAL_TIM_ConfigClockSource                0x08024591   Thumb Code   260  stm32h7xx_hal_tim.o(.text.HAL_TIM_ConfigClockSource)
    HAL_TIM_IC_CaptureCallback               0x08024699   Thumb Code     2  stm32h7xx_hal_tim.o(.text.HAL_TIM_IC_CaptureCallback)
    HAL_TIM_IRQHandler                       0x080246a1   Thumb Code   392  stm32h7xx_hal_tim.o(.text.HAL_TIM_IRQHandler)
    HAL_TIM_OC_DelayElapsedCallback          0x08024829   Thumb Code     2  stm32h7xx_hal_tim.o(.text.HAL_TIM_OC_DelayElapsedCallback)
    HAL_TIM_PWM_PulseFinishedCallback        0x08024831   Thumb Code     2  stm32h7xx_hal_tim.o(.text.HAL_TIM_PWM_PulseFinishedCallback)
    HAL_TIM_PeriodElapsedCallback            0x08024839   Thumb Code     2  main.o(.text.HAL_TIM_PeriodElapsedCallback)
    HAL_TIM_TriggerCallback                  0x08024841   Thumb Code     2  stm32h7xx_hal_tim.o(.text.HAL_TIM_TriggerCallback)
    HardFault_Handler                        0x08024849   Thumb Code     2  stm32h7xx_it.o(.text.HardFault_Handler)
    ILI9341Init                              0x08024851   Thumb Code     8  ili9341driverwrapper.o(.text.ILI9341Init)
    ILI9341SetColor                          0x08024859   Thumb Code     8  ili9341driverwrapper.o(.text.ILI9341SetColor)
    ILI9341_AddPointToWave                   0x08024861   Thumb Code     8  ili9341driverwrapper.o(.text.ILI9341_AddPointToWave)
    ILI9341_AppendList                       0x08024869   Thumb Code     8  ili9341driverwrapper.o(.text.ILI9341_AppendList)
    ILI9341_InitWave                         0x08024871   Thumb Code     8  ili9341driverwrapper.o(.text.ILI9341_InitWave)
    ILI9341_Set_Rotation                     0x08024879   Thumb Code     8  ili9341driverwrapper.o(.text.ILI9341_Set_Rotation)
    ILI9341_UpdateWave                       0x08024881   Thumb Code     8  ili9341driverwrapper.o(.text.ILI9341_UpdateWave)
    MX_DMA_Init                              0x08024889   Thumb Code    50  dma.o(.text.MX_DMA_Init)
    MX_GPIO_Init                             0x080248c1   Thumb Code   188  gpio.o(.text.MX_GPIO_Init)
    MX_SPI2_Init                             0x08024981   Thumb Code    92  spi.o(.text.MX_SPI2_Init)
    MX_TIM17_Init                            0x080249e1   Thumb Code    58  tim.o(.text.MX_TIM17_Init)
    MX_TIM1_Init                             0x08024a21   Thumb Code   128  tim.o(.text.MX_TIM1_Init)
    MemManage_Handler                        0x08024aa1   Thumb Code     2  stm32h7xx_it.o(.text.MemManage_Handler)
    NMI_Handler                              0x08024aa9   Thumb Code     2  stm32h7xx_it.o(.text.NMI_Handler)
    NewLCDGet                                0x08024ae1   Thumb Code    12  ili9341driverwrapper.o(.text.NewLCDGet)
    PendSV_Handler                           0x08024af1   Thumb Code     2  stm32h7xx_it.o(.text.PendSV_Handler)
    SPI2_IRQHandler                          0x08024d39   Thumb Code    16  stm32h7xx_it.o(.text.SPI2_IRQHandler)
    SVC_Handler                              0x08024ed9   Thumb Code     2  stm32h7xx_it.o(.text.SVC_Handler)
    SysTick_Handler                          0x08024f11   Thumb Code     8  stm32h7xx_it.o(.text.SysTick_Handler)
    SystemClock_Config                       0x08024f19   Thumb Code   200  main.o(.text.SystemClock_Config)
    SystemInit                               0x08024fe1   Thumb Code   218  system_stm32h7xx.o(.text.SystemInit)
    TIM17_IRQHandler                         0x080250c1   Thumb Code    16  stm32h7xx_it.o(.text.TIM17_IRQHandler)
    TIM_Base_SetConfig                       0x080250d1   Thumb Code   314  stm32h7xx_hal_tim.o(.text.TIM_Base_SetConfig)
    TIM_ETR_SetConfig                        0x08025211   Thumb Code    20  stm32h7xx_hal_tim.o(.text.TIM_ETR_SetConfig)
    UsageFault_Handler                       0x08025291   Thumb Code     2  stm32h7xx_it.o(.text.UsageFault_Handler)
    ili9341Driver::ILI9341Reset()            0x08025299   Thumb Code    42  ili9341driver.o(.text._ZN13ili9341Driver12ILI9341ResetEv)
    ili9341Driver::ILI9341_init(__SPI_HandleTypeDef*) 0x080252c9   Thumb Code   704  ili9341driver.o(.text._ZN13ili9341Driver12ILI9341_initEP19__SPI_HandleTypeDef)
    ili9341Driver::ILI9341Enable()           0x08025589   Thumb Code    22  ili9341driver.o(.text._ZN13ili9341Driver13ILI9341EnableEv)
    ili9341Driver::ILI9341_DrawChar(char, unsigned char, unsigned char, unsigned short, unsigned short, unsigned short) 0x080255a1   Thumb Code   198  ili9341driver.o(.text._ZN13ili9341Driver16ILI9341_DrawCharEchhttt)
    ili9341Driver::ILI9341_DrawText(char const*, unsigned char, unsigned char, unsigned short, unsigned short, unsigned short) 0x08025669   Thumb Code    72  ili9341driver.o(.text._ZN13ili9341Driver16ILI9341_DrawTextEPKchhttt)
    ili9341Driver::ILI9341_SPI_Send(unsigned char) 0x080256b1   Thumb Code    34  ili9341driver.o(.text._ZN13ili9341Driver16ILI9341_SPI_SendEh)
    ili9341Driver::ILI9341_WriteCmd(unsigned char) 0x080256d9   Thumb Code    34  ili9341driver.o(.text._ZN13ili9341Driver16ILI9341_WriteCmdEh)
    ili9341Driver::ILI9341_DrawPixel(unsigned short, unsigned short, unsigned short) 0x08025701   Thumb Code   244  ili9341driver.o(.text._ZN13ili9341Driver17ILI9341_DrawPixelEttt)
    ili9341Driver::ILI9341_WriteData(unsigned char) 0x080257f9   Thumb Code    34  ili9341driver.o(.text._ZN13ili9341Driver17ILI9341_WriteDataEh)
    ili9341Driver::ILI9341_AppendList(unsigned char*) 0x08025821   Thumb Code   174  ili9341driver.o(.text._ZN13ili9341Driver18ILI9341_AppendListEPh)
    ili9341Driver::ILI9341_FillScreen(unsigned short) 0x080258d1   Thumb Code    44  ili9341driver.o(.text._ZN13ili9341Driver18ILI9341_FillScreenEt)
    ili9341Driver::ILI9341_SetAddress(unsigned short, unsigned short, unsigned short, unsigned short) 0x08025901   Thumb Code   110  ili9341driver.o(.text._ZN13ili9341Driver18ILI9341_SetAddressEtttt)
    ili9341Driver::ILI9341_SetRotation(unsigned char) 0x08025971   Thumb Code    82  ili9341driver.o(.text._ZN13ili9341Driver19ILI9341_SetRotationEh)
    ili9341Driver::ILI9341_DrawLineToMEM(unsigned short, unsigned short, unsigned short, unsigned short) 0x080259c9   Thumb Code   194  ili9341driver.o(.text._ZN13ili9341Driver21ILI9341_DrawLineToMEMEtttt)
    ili9341Driver::ILI9341_DrawRectangle(unsigned short, unsigned short, unsigned short, unsigned short, unsigned short) 0x08025a91   Thumb Code    86  ili9341driver.o(.text._ZN13ili9341Driver21ILI9341_DrawRectangleEttttt)
    ili9341Driver::ILI9341_ClearReaginSet(int, int, int, int) 0x08025ae9   Thumb Code    62  ili9341driver.o(.text._ZN13ili9341Driver22ILI9341_ClearReaginSetEiiii)
    ili9341Driver::ILI9341_DrawPointToMEM(unsigned short, unsigned short) 0x08025b29   Thumb Code    20  ili9341driver.o(.text._ZN13ili9341Driver22ILI9341_DrawPointToMEMEtt)
    ili9341Driver::ILI9341_DrawColourBurst(unsigned short, unsigned int) 0x08025b41   Thumb Code   162  ili9341driver.o(.text._ZN13ili9341Driver23ILI9341_DrawColourBurstEtj)
    ili9341Driver::ILI9341_InitDynamicGraph(unsigned int, unsigned int) 0x08025be9   Thumb Code    42  ili9341driver.o(.text._ZN13ili9341Driver24ILI9341_InitDynamicGraphEjj)
    ili9341Driver::ILI9341_UpdateDynamicGraph() 0x08025c19   Thumb Code   126  ili9341driver.o(.text._ZN13ili9341Driver26ILI9341_UpdateDynamicGraphEv)
    ili9341Driver::ILI9341_AddLineToDynamicGraph() 0x08025c99   Thumb Code   176  ili9341driver.o(.text._ZN13ili9341Driver29ILI9341_AddLineToDynamicGraphEv)
    ili9341Driver::ILI9341_AddPointToDynamicGraph(unsigned short) 0x08025d49   Thumb Code    32  ili9341driver.o(.text._ZN13ili9341Driver30ILI9341_AddPointToDynamicGraphEt)
    std::get_new_handler()                   0x08025d69   Thumb Code    12  cxa_handlers.cpp.o(.text._ZSt15get_new_handlerv)
    operator new(unsigned int)               0x08025d75   Thumb Code    38  new.cpp.o(.text._Znwj)
    main                                     0x08025e19   Thumb Code   156  main.o(.text.main)
    _fp_init                                 0x08025eb5   Thumb Code    26  fpinit.o(x$fpl$fpinit)
    __fplib_config_fpu_vfp                   0x08025ecd   Thumb Code     0  fpinit.o(x$fpl$fpinit)
    __fplib_config_pureend_doubles           0x08025ecd   Thumb Code     0  fpinit.o(x$fpl$fpinit)
    D1CorePrescTable                         0x08025ece   Data          16  system_stm32h7xx.o(.rodata.D1CorePrescTable)
    Region$$Table$$Base                      0x08026120   Number         0  anon$$obj.o(Region$$Table)
    Region$$Table$$Limit                     0x08026140   Number         0  anon$$obj.o(Region$$Table)
    SystemCoreClock                          0x24000000   Data           4  system_stm32h7xx.o(.data.SystemCoreClock)
    SystemD2Clock                            0x24000004   Data           4  system_stm32h7xx.o(.data.SystemD2Clock)
    str1                                     0x24000008   Data          12  main.o(.data.str1)
    uwTickFreq                               0x24000014   Data           1  stm32h7xx_hal.o(.data.uwTickFreq)
    uwTickPrio                               0x24000018   Data           4  stm32h7xx_hal.o(.data.uwTickPrio)
    __libspace_start                         0x24000020   Data          96  libspace.o(.bss)
    LCD1                                     0x24000080   Data           4  main.o(.bss.LCD1)
    __temporary_stack_top$libspace           0x24000080   Data           0  libspace.o(.bss)
    UpDateFlag                               0x24000084   Data           1  main.o(.bss.UpDateFlag)
    __cxa_new_handler                        0x240000c8   Data           4  cxa_handlers.cpp.o(.bss.__cxa_new_handler)
    hdma_spi2_tx                             0x240000cc   Data         120  spi.o(.bss.hdma_spi2_tx)
    hspi2                                    0x24000144   Data         136  spi.o(.bss.hspi2)
    htim1                                    0x240001cc   Data          76  tim.o(.bss.htim1)
    htim17                                   0x24000218   Data          76  tim.o(.bss.htim17)
    temp1                                    0x24000264   Data           2  ili9341driver.o(.bss.temp1)
    temp2                                    0x24000266   Data           2  ili9341driver.o(.bss.temp2)
    uwTick                                   0x24000268   Data           4  stm32h7xx_hal.o(.bss.uwTick)



==============================================================================

Memory Map of the image

  Image Entry point : 0x08020299

  Load Region LR_IROM1 (Base: 0x08020000, Size: 0x00006160, Max: 0x00200000, ABSOLUTE)

    Execution Region ER_IROM1 (Exec base: 0x08020000, Load base: 0x08020000, Size: 0x00006140, Max: 0x00200000, ABSOLUTE)

    Exec Addr    Load Addr    Size         Type   Attr      Idx    E Section Name        Object

    0x08020000   0x08020000   0x00000298   Data   RO            3    RESET               startup_stm32h743xx.o
    0x08020298   0x08020298   0x00000008   Code   RO         1618  * !!!main             c_w.l(__main.o)
    0x080202a0   0x080202a0   0x00000034   Code   RO         1973    !!!scatter          c_w.l(__scatter.o)
    0x080202d4   0x080202d4   0x0000001a   Code   RO         1975    !!handler_copy      c_w.l(__scatter_copy.o)
    0x080202ee   0x080202ee   0x00000002   PAD
    0x080202f0   0x080202f0   0x0000001c   Code   RO         1977    !!handler_zi        c_w.l(__scatter_zi.o)
    0x0802030c   0x0802030c   0x00000002   Code   RO         1904    .ARM.Collect$$libinit$$00000000  c_w.l(libinit.o)
    0x0802030e   0x0802030e   0x00000004   Code   RO         1805    .ARM.Collect$$libinit$$00000001  c_w.l(libinit2.o)
    0x08020312   0x08020312   0x00000000   Code   RO         1808    .ARM.Collect$$libinit$$00000004  c_w.l(libinit2.o)
    0x08020312   0x08020312   0x00000008   Code   RO         1809    .ARM.Collect$$libinit$$00000005  c_w.l(libinit2.o)
    0x0802031a   0x0802031a   0x00000000   Code   RO         1811    .ARM.Collect$$libinit$$0000000A  c_w.l(libinit2.o)
    0x0802031a   0x0802031a   0x00000000   Code   RO         1813    .ARM.Collect$$libinit$$0000000C  c_w.l(libinit2.o)
    0x0802031a   0x0802031a   0x00000000   Code   RO         1815    .ARM.Collect$$libinit$$0000000E  c_w.l(libinit2.o)
    0x0802031a   0x0802031a   0x00000000   Code   RO         1818    .ARM.Collect$$libinit$$00000011  c_w.l(libinit2.o)
    0x0802031a   0x0802031a   0x00000000   Code   RO         1820    .ARM.Collect$$libinit$$00000013  c_w.l(libinit2.o)
    0x0802031a   0x0802031a   0x00000000   Code   RO         1822    .ARM.Collect$$libinit$$00000015  c_w.l(libinit2.o)
    0x0802031a   0x0802031a   0x00000000   Code   RO         1824    .ARM.Collect$$libinit$$00000017  c_w.l(libinit2.o)
    0x0802031a   0x0802031a   0x00000000   Code   RO         1826    .ARM.Collect$$libinit$$00000019  c_w.l(libinit2.o)
    0x0802031a   0x0802031a   0x00000000   Code   RO         1828    .ARM.Collect$$libinit$$0000001B  c_w.l(libinit2.o)
    0x0802031a   0x0802031a   0x00000000   Code   RO         1830    .ARM.Collect$$libinit$$0000001D  c_w.l(libinit2.o)
    0x0802031a   0x0802031a   0x00000000   Code   RO         1832    .ARM.Collect$$libinit$$0000001F  c_w.l(libinit2.o)
    0x0802031a   0x0802031a   0x00000000   Code   RO         1834    .ARM.Collect$$libinit$$00000021  c_w.l(libinit2.o)
    0x0802031a   0x0802031a   0x00000000   Code   RO         1836    .ARM.Collect$$libinit$$00000023  c_w.l(libinit2.o)
    0x0802031a   0x0802031a   0x00000000   Code   RO         1838    .ARM.Collect$$libinit$$00000025  c_w.l(libinit2.o)
    0x0802031a   0x0802031a   0x00000000   Code   RO         1842    .ARM.Collect$$libinit$$0000002C  c_w.l(libinit2.o)
    0x0802031a   0x0802031a   0x00000000   Code   RO         1844    .ARM.Collect$$libinit$$0000002E  c_w.l(libinit2.o)
    0x0802031a   0x0802031a   0x00000000   Code   RO         1846    .ARM.Collect$$libinit$$00000030  c_w.l(libinit2.o)
    0x0802031a   0x0802031a   0x00000000   Code   RO         1848    .ARM.Collect$$libinit$$00000032  c_w.l(libinit2.o)
    0x0802031a   0x0802031a   0x00000002   Code   RO         1849    .ARM.Collect$$libinit$$00000033  c_w.l(libinit2.o)
    0x0802031c   0x0802031c   0x00000002   Code   RO         1970    .ARM.Collect$$libshutdown$$00000000  c_w.l(libshutdown.o)
    0x0802031e   0x0802031e   0x00000000   Code   RO         1939    .ARM.Collect$$libshutdown$$00000002  c_w.l(libshutdown2.o)
    0x0802031e   0x0802031e   0x00000000   Code   RO         1941    .ARM.Collect$$libshutdown$$00000004  c_w.l(libshutdown2.o)
    0x0802031e   0x0802031e   0x00000000   Code   RO         1944    .ARM.Collect$$libshutdown$$00000007  c_w.l(libshutdown2.o)
    0x0802031e   0x0802031e   0x00000000   Code   RO         1947    .ARM.Collect$$libshutdown$$0000000A  c_w.l(libshutdown2.o)
    0x0802031e   0x0802031e   0x00000000   Code   RO         1949    .ARM.Collect$$libshutdown$$0000000C  c_w.l(libshutdown2.o)
    0x0802031e   0x0802031e   0x00000000   Code   RO         1952    .ARM.Collect$$libshutdown$$0000000F  c_w.l(libshutdown2.o)
    0x0802031e   0x0802031e   0x00000002   Code   RO         1953    .ARM.Collect$$libshutdown$$00000010  c_w.l(libshutdown2.o)
    0x08020320   0x08020320   0x00000000   Code   RO         1665    .ARM.Collect$$rtentry$$00000000  c_w.l(__rtentry.o)
    0x08020320   0x08020320   0x00000000   Code   RO         1762    .ARM.Collect$$rtentry$$00000002  c_w.l(__rtentry2.o)
    0x08020320   0x08020320   0x00000006   Code   RO         1774    .ARM.Collect$$rtentry$$00000004  c_w.l(__rtentry4.o)
    0x08020326   0x08020326   0x00000000   Code   RO         1764    .ARM.Collect$$rtentry$$00000009  c_w.l(__rtentry2.o)
    0x08020326   0x08020326   0x00000004   Code   RO         1765    .ARM.Collect$$rtentry$$0000000A  c_w.l(__rtentry2.o)
    0x0802032a   0x0802032a   0x00000000   Code   RO         1767    .ARM.Collect$$rtentry$$0000000C  c_w.l(__rtentry2.o)
    0x0802032a   0x0802032a   0x00000008   Code   RO         1768    .ARM.Collect$$rtentry$$0000000D  c_w.l(__rtentry2.o)
    0x08020332   0x08020332   0x00000002   Code   RO         1907    .ARM.Collect$$rtexit$$00000000  c_w.l(rtexit.o)
    0x08020334   0x08020334   0x00000000   Code   RO         1926    .ARM.Collect$$rtexit$$00000002  c_w.l(rtexit2.o)
    0x08020334   0x08020334   0x00000004   Code   RO         1927    .ARM.Collect$$rtexit$$00000003  c_w.l(rtexit2.o)
    0x08020338   0x08020338   0x00000006   Code   RO         1928    .ARM.Collect$$rtexit$$00000004  c_w.l(rtexit2.o)
    0x0802033e   0x0802033e   0x00000002   PAD
    0x08020340   0x08020340   0x00000040   Code   RO            4    .text               startup_stm32h743xx.o
    0x08020380   0x08020380   0x0000008a   Code   RO         1612    .text               c_w.l(rt_memcpy_v6.o)
    0x0802040a   0x0802040a   0x0000004e   Code   RO         1614    .text               c_w.l(rt_memclr_w.o)
    0x08020458   0x08020458   0x00000006   Code   RO         1616    .text               c_w.l(heapauxi.o)
    0x0802045e   0x0802045e   0x0000005e   Code   RO         1670    .text               c_w.l(h1_alloc.o)
    0x080204bc   0x080204bc   0x0000004e   Code   RO         1672    .text               c_w.l(h1_free.o)
    0x0802050a   0x0802050a   0x00000064   Code   RO         1734    .text               c_w.l(rt_memcpy_w.o)
    0x0802056e   0x0802056e   0x00000002   PAD
    0x08020570   0x08020570   0x0000000c   Code   RO         1755    .text               c_w.l(sys_exit.o)
    0x0802057c   0x0802057c   0x00000008   Code   RO         1779    .text               c_w.l(rt_heap_descriptor_intlibspace.o)
    0x08020584   0x08020584   0x00000004   Code   RO         1781    .text               c_w.l(hguard.o)
    0x08020588   0x08020588   0x0000008a   Code   RO         1783    .text               c_w.l(init_alloc.o)
    0x08020612   0x08020612   0x0000000e   Code   RO         1787    .text               c_w.l(h1_init.o)
    0x08020620   0x08020620   0x00000008   Code   RO         1866    .text               c_w.l(libspace.o)
    0x08020628   0x08020628   0x00000002   Code   RO         1869    .text               c_w.l(use_no_semi.o)
    0x0802062a   0x0802062a   0x00000000   Code   RO         1871    .text               c_w.l(indicate_semi.o)
    0x0802062a   0x0802062a   0x0000004a   Code   RO         1872    .text               c_w.l(sys_stackheap_outer.o)
    0x08020674   0x08020674   0x00000000   Code   RO         1878    .text               c_w.l(maybetermalloc1.o)
    0x08020674   0x08020674   0x00000034   Code   RO         1880    .text               c_w.l(h1_extend.o)
    0x080206a8   0x080206a8   0x00000012   Code   RO         1884    .text               c_w.l(exit.o)
    0x080206ba   0x080206ba   0x0000000a   Code   RO         1886    .text               c_w.l(defsig_exit.o)
    0x080206c4   0x080206c4   0x0000000e   Code   RO         1890    .text               c_w.l(defsig_rtmem_outer.o)
    0x080206d2   0x080206d2   0x00000032   Code   RO         1913    .text               c_w.l(defsig_general.o)
    0x08020704   0x08020704   0x00000050   Code   RO         1915    .text               c_w.l(defsig_rtmem_inner.o)
    0x08020754   0x08020754   0x0000000e   Code   RO         1921    .text               c_w.l(sys_wrch.o)
    0x08020762   0x08020762   0x00000006   PAD
    0x08020768   0x08020768   0x00000002   Code   RO           89    .text.BusFault_Handler  stm32h7xx_it.o
    0x0802076a   0x0802076a   0x00000006   PAD
    0x08020770   0x08020770   0x00000010   Code   RO          101    .text.DMA1_Stream0_IRQHandler  stm32h7xx_it.o
    0x08020780   0x08020780   0x0000011c   Code   RO          455    .text.DMA_CalcBaseAndBitshift  stm32h7xx_hal_dma.o
    0x0802089c   0x0802089c   0x00000004   PAD
    0x080208a0   0x080208a0   0x000000ec   Code   RO          457    .text.DMA_CalcDMAMUXChannelBaseAndMask  stm32h7xx_hal_dma.o
    0x0802098c   0x0802098c   0x00000004   PAD
    0x08020990   0x08020990   0x000000ae   Code   RO          459    .text.DMA_CalcDMAMUXRequestGenBaseAndMask  stm32h7xx_hal_dma.o
    0x08020a3e   0x08020a3e   0x00000002   PAD
    0x08020a40   0x08020a40   0x00000050   Code   RO          453    .text.DMA_CheckFifoParam  stm32h7xx_hal_dma.o
    0x08020a90   0x08020a90   0x000002ee   Code   RO          465    .text.DMA_SetConfig  stm32h7xx_hal_dma.o
    0x08020d7e   0x08020d7e   0x00000002   PAD
    0x08020d80   0x08020d80   0x00000002   Code   RO           95    .text.DebugMon_Handler  stm32h7xx_it.o
    0x08020d82   0x08020d82   0x00000006   PAD
    0x08020d88   0x08020d88   0x00000002   Code   RO           15    .text.Error_Handler  main.o
    0x08020d8a   0x08020d8a   0x00000006   PAD
    0x08020d90   0x08020d90   0x000002ae   Code   RO          471    .text.HAL_DMA_Abort_IT  stm32h7xx_hal_dma.o
    0x0802103e   0x0802103e   0x00000002   PAD
    0x08021040   0x08021040   0x00000004   Code   RO          483    .text.HAL_DMA_GetError  stm32h7xx_hal_dma.o
    0x08021044   0x08021044   0x00000004   PAD
    0x08021048   0x08021048   0x00000ba0   Code   RO          475    .text.HAL_DMA_IRQHandler  stm32h7xx_hal_dma.o
    0x08021be8   0x08021be8   0x00000560   Code   RO          451    .text.HAL_DMA_Init  stm32h7xx_hal_dma.o
    0x08022148   0x08022148   0x00000460   Code   RO          467    .text.HAL_DMA_Start_IT  stm32h7xx_hal_dma.o
    0x080225a8   0x080225a8   0x00000028   Code   RO          719    .text.HAL_Delay     stm32h7xx_hal.o
    0x080225d0   0x080225d0   0x000001a6   Code   RO          397    .text.HAL_GPIO_Init  stm32h7xx_hal_gpio.o
    0x08022776   0x08022776   0x00000002   PAD
    0x08022778   0x08022778   0x0000000a   Code   RO          403    .text.HAL_GPIO_WritePin  stm32h7xx_hal_gpio.o
    0x08022782   0x08022782   0x00000006   PAD
    0x08022788   0x08022788   0x0000000e   Code   RO          727    .text.HAL_GetREVID  stm32h7xx_hal.o
    0x08022796   0x08022796   0x00000002   PAD
    0x08022798   0x08022798   0x0000000c   Code   RO          711    .text.HAL_GetTick   stm32h7xx_hal.o
    0x080227a4   0x080227a4   0x00000004   PAD
    0x080227a8   0x080227a8   0x0000001a   Code   RO          709    .text.HAL_IncTick   stm32h7xx_hal.o
    0x080227c2   0x080227c2   0x00000006   PAD
    0x080227c8   0x080227c8   0x00000064   Code   RO          699    .text.HAL_Init      stm32h7xx_hal.o
    0x0802282c   0x0802282c   0x00000004   PAD
    0x08022830   0x08022830   0x00000054   Code   RO          701    .text.HAL_InitTick  stm32h7xx_hal.o
    0x08022884   0x08022884   0x00000004   PAD
    0x08022888   0x08022888   0x00000020   Code   RO          114    .text.HAL_MspInit   stm32h7xx_hal_msp.o
    0x080228a8   0x080228a8   0x00000008   Code   RO          134    .text.HAL_NVIC_EnableIRQ  stm32h7xx_hal_cortex.o
    0x080228b0   0x080228b0   0x0000001e   Code   RO          126    .text.HAL_NVIC_SetPriority  stm32h7xx_hal_cortex.o
    0x080228ce   0x080228ce   0x00000002   PAD
    0x080228d0   0x080228d0   0x00000008   Code   RO          122    .text.HAL_NVIC_SetPriorityGrouping  stm32h7xx_hal_cortex.o
    0x080228d8   0x080228d8   0x00000048   Code   RO          611    .text.HAL_PWREx_ConfigSupply  stm32h7xx_hal_pwr_ex.o
    0x08022920   0x08022920   0x00000946   Code   RO          232    .text.HAL_RCCEx_PeriphCLKConfig  stm32h7xx_hal_rcc_ex.o
    0x08023266   0x08023266   0x00000002   PAD
    0x08023268   0x08023268   0x00000254   Code   RO          200    .text.HAL_RCC_ClockConfig  stm32h7xx_hal_rcc.o
    0x080234bc   0x080234bc   0x00000004   PAD
    0x080234c0   0x080234c0   0x00000108   Code   RO          202    .text.HAL_RCC_GetSysClockFreq  stm32h7xx_hal_rcc.o
    0x080235c8   0x080235c8   0x000005f0   Code   RO          198    .text.HAL_RCC_OscConfig  stm32h7xx_hal_rcc.o
    0x08023bb8   0x08023bb8   0x00000002   Code   RO         1104    .text.HAL_SPI_ErrorCallback  stm32h7xx_hal_spi.o
    0x08023bba   0x08023bba   0x00000006   PAD
    0x08023bc0   0x08023bc0   0x0000024e   Code   RO         1102    .text.HAL_SPI_IRQHandler  stm32h7xx_hal_spi.o
    0x08023e0e   0x08023e0e   0x00000002   PAD
    0x08023e10   0x08023e10   0x00000140   Code   RO         1026    .text.HAL_SPI_Init  stm32h7xx_hal_spi.o
    0x08023f50   0x08023f50   0x000000c4   Code   RO           51    .text.HAL_SPI_MspInit  spi.o
    0x08024014   0x08024014   0x00000004   PAD
    0x08024018   0x08024018   0x00000002   Code   RO         1108    .text.HAL_SPI_RxCpltCallback  stm32h7xx_hal_spi.o
    0x0802401a   0x0802401a   0x00000006   PAD
    0x08024020   0x08024020   0x0000024a   Code   RO         1036    .text.HAL_SPI_Transmit  stm32h7xx_hal_spi.o
    0x0802426a   0x0802426a   0x00000006   PAD
    0x08024270   0x08024270   0x00000168   Code   RO         1064    .text.HAL_SPI_Transmit_DMA  stm32h7xx_hal_spi.o
    0x080243d8   0x080243d8   0x00000002   Code   RO         1110    .text.HAL_SPI_TxCpltCallback  stm32h7xx_hal_spi.o
    0x080243da   0x080243da   0x00000006   PAD
    0x080243e0   0x080243e0   0x00000002   Code   RO         1114    .text.HAL_SPI_TxHalfCpltCallback  stm32h7xx_hal_spi.o
    0x080243e2   0x080243e2   0x00000006   PAD
    0x080243e8   0x080243e8   0x00000002   Code   RO         1106    .text.HAL_SPI_TxRxCpltCallback  stm32h7xx_hal_spi.o
    0x080243ea   0x080243ea   0x00000006   PAD
    0x080243f0   0x080243f0   0x00000008   Code   RO          146    .text.HAL_SYSTICK_Config  stm32h7xx_hal_cortex.o
    0x080243f8   0x080243f8   0x00000002   Code   RO         1482    .text.HAL_TIMEx_Break2Callback  stm32h7xx_hal_tim_ex.o
    0x080243fa   0x080243fa   0x00000006   PAD
    0x08024400   0x08024400   0x00000002   Code   RO         1480    .text.HAL_TIMEx_BreakCallback  stm32h7xx_hal_tim_ex.o
    0x08024402   0x08024402   0x00000006   PAD
    0x08024408   0x08024408   0x00000002   Code   RO         1476    .text.HAL_TIMEx_CommutCallback  stm32h7xx_hal_tim_ex.o
    0x0802440a   0x0802440a   0x00000006   PAD
    0x08024410   0x08024410   0x000000b6   Code   RO         1464    .text.HAL_TIMEx_MasterConfigSynchronization  stm32h7xx_hal_tim_ex.o
    0x080244c6   0x080244c6   0x00000002   PAD
    0x080244c8   0x080244c8   0x00000060   Code   RO         1146    .text.HAL_TIM_Base_Init  stm32h7xx_hal_tim.o
    0x08024528   0x08024528   0x00000068   Code   RO           69    .text.HAL_TIM_Base_MspInit  tim.o
    0x08024590   0x08024590   0x00000104   Code   RO         1342    .text.HAL_TIM_ConfigClockSource  stm32h7xx_hal_tim.o
    0x08024694   0x08024694   0x00000004   PAD
    0x08024698   0x08024698   0x00000002   Code   RO         1282    .text.HAL_TIM_IC_CaptureCallback  stm32h7xx_hal_tim.o
    0x0802469a   0x0802469a   0x00000006   PAD
    0x080246a0   0x080246a0   0x00000188   Code   RO         1280    .text.HAL_TIM_IRQHandler  stm32h7xx_hal_tim.o
    0x08024828   0x08024828   0x00000002   Code   RO         1284    .text.HAL_TIM_OC_DelayElapsedCallback  stm32h7xx_hal_tim.o
    0x0802482a   0x0802482a   0x00000006   PAD
    0x08024830   0x08024830   0x00000002   Code   RO         1286    .text.HAL_TIM_PWM_PulseFinishedCallback  stm32h7xx_hal_tim.o
    0x08024832   0x08024832   0x00000006   PAD
    0x08024838   0x08024838   0x00000002   Code   RO           17    .text.HAL_TIM_PeriodElapsedCallback  main.o
    0x0802483a   0x0802483a   0x00000006   PAD
    0x08024840   0x08024840   0x00000002   Code   RO         1290    .text.HAL_TIM_TriggerCallback  stm32h7xx_hal_tim.o
    0x08024842   0x08024842   0x00000006   PAD
    0x08024848   0x08024848   0x00000002   Code   RO           85    .text.HardFault_Handler  stm32h7xx_it.o
    0x0802484a   0x0802484a   0x00000006   PAD
    0x08024850   0x08024850   0x00000008   Code   RO         1515    .text.ILI9341Init   ili9341driverwrapper.o
    0x08024858   0x08024858   0x00000008   Code   RO         1513    .text.ILI9341SetColor  ili9341driverwrapper.o
    0x08024860   0x08024860   0x00000008   Code   RO         1527    .text.ILI9341_AddPointToWave  ili9341driverwrapper.o
    0x08024868   0x08024868   0x00000008   Code   RO         1529    .text.ILI9341_AppendList  ili9341driverwrapper.o
    0x08024870   0x08024870   0x00000008   Code   RO         1523    .text.ILI9341_InitWave  ili9341driverwrapper.o
    0x08024878   0x08024878   0x00000008   Code   RO         1517    .text.ILI9341_Set_Rotation  ili9341driverwrapper.o
    0x08024880   0x08024880   0x00000008   Code   RO         1525    .text.ILI9341_UpdateWave  ili9341driverwrapper.o
    0x08024888   0x08024888   0x00000032   Code   RO           40    .text.MX_DMA_Init   dma.o
    0x080248ba   0x080248ba   0x00000006   PAD
    0x080248c0   0x080248c0   0x000000bc   Code   RO           31    .text.MX_GPIO_Init  gpio.o
    0x0802497c   0x0802497c   0x00000004   PAD
    0x08024980   0x08024980   0x0000005c   Code   RO           49    .text.MX_SPI2_Init  spi.o
    0x080249dc   0x080249dc   0x00000004   PAD
    0x080249e0   0x080249e0   0x0000003a   Code   RO           67    .text.MX_TIM17_Init  tim.o
    0x08024a1a   0x08024a1a   0x00000006   PAD
    0x08024a20   0x08024a20   0x00000080   Code   RO           65    .text.MX_TIM1_Init  tim.o
    0x08024aa0   0x08024aa0   0x00000002   Code   RO           87    .text.MemManage_Handler  stm32h7xx_it.o
    0x08024aa2   0x08024aa2   0x00000006   PAD
    0x08024aa8   0x08024aa8   0x00000002   Code   RO           83    .text.NMI_Handler   stm32h7xx_it.o
    0x08024aaa   0x08024aaa   0x00000006   PAD
    0x08024ab0   0x08024ab0   0x0000002e   Code   RO          132    .text.NVIC_EncodePriority  stm32h7xx_hal_cortex.o
    0x08024ade   0x08024ade   0x00000002   PAD
    0x08024ae0   0x08024ae0   0x0000000c   Code   RO         1511    .text.NewLCDGet     ili9341driverwrapper.o
    0x08024aec   0x08024aec   0x00000004   PAD
    0x08024af0   0x08024af0   0x00000002   Code   RO           97    .text.PendSV_Handler  stm32h7xx_it.o
    0x08024af2   0x08024af2   0x00000006   PAD
    0x08024af8   0x08024af8   0x0000011e   Code   RO          234    .text.RCCEx_PLL2_Config  stm32h7xx_hal_rcc_ex.o
    0x08024c16   0x08024c16   0x00000002   PAD
    0x08024c18   0x08024c18   0x0000011e   Code   RO          236    .text.RCCEx_PLL3_Config  stm32h7xx_hal_rcc_ex.o
    0x08024d36   0x08024d36   0x00000002   PAD
    0x08024d38   0x08024d38   0x00000010   Code   RO          103    .text.SPI2_IRQHandler  stm32h7xx_it.o
    0x08024d48   0x08024d48   0x000000b6   Code   RO         1038    .text.SPI_CloseTransfer  stm32h7xx_hal_spi.o
    0x08024dfe   0x08024dfe   0x00000002   PAD
    0x08024e00   0x08024e00   0x0000001a   Code   RO         1112    .text.SPI_DMAAbortOnError  stm32h7xx_hal_spi.o
    0x08024e1a   0x08024e1a   0x00000006   PAD
    0x08024e20   0x08024e20   0x0000002e   Code   RO         1070    .text.SPI_DMAError  stm32h7xx_hal_spi.o
    0x08024e4e   0x08024e4e   0x00000002   PAD
    0x08024e50   0x08024e50   0x0000000a   Code   RO         1066    .text.SPI_DMAHalfTransmitCplt  stm32h7xx_hal_spi.o
    0x08024e5a   0x08024e5a   0x00000006   PAD
    0x08024e60   0x08024e60   0x0000002a   Code   RO         1068    .text.SPI_DMATransmitCplt  stm32h7xx_hal_spi.o
    0x08024e8a   0x08024e8a   0x00000006   PAD
    0x08024e90   0x08024e90   0x00000012   Code   RO         1028    .text.SPI_GetPacketSize  stm32h7xx_hal_spi.o
    0x08024ea2   0x08024ea2   0x00000006   PAD
    0x08024ea8   0x08024ea8   0x0000002e   Code   RO         1040    .text.SPI_WaitOnFlagUntilTimeout  stm32h7xx_hal_spi.o
    0x08024ed6   0x08024ed6   0x00000002   PAD
    0x08024ed8   0x08024ed8   0x00000002   Code   RO           93    .text.SVC_Handler   stm32h7xx_it.o
    0x08024eda   0x08024eda   0x00000006   PAD
    0x08024ee0   0x08024ee0   0x0000002e   Code   RO          148    .text.SysTick_Config  stm32h7xx_hal_cortex.o
    0x08024f0e   0x08024f0e   0x00000002   PAD
    0x08024f10   0x08024f10   0x00000008   Code   RO           99    .text.SysTick_Handler  stm32h7xx_it.o
    0x08024f18   0x08024f18   0x000000c8   Code   RO           13    .text.SystemClock_Config  main.o
    0x08024fe0   0x08024fe0   0x000000da   Code   RO         1496    .text.SystemInit    system_stm32h7xx.o
    0x080250ba   0x080250ba   0x00000006   PAD
    0x080250c0   0x080250c0   0x00000010   Code   RO          105    .text.TIM17_IRQHandler  stm32h7xx_it.o
    0x080250d0   0x080250d0   0x0000013a   Code   RO         1150    .text.TIM_Base_SetConfig  stm32h7xx_hal_tim.o
    0x0802520a   0x0802520a   0x00000006   PAD
    0x08025210   0x08025210   0x00000014   Code   RO         1340    .text.TIM_ETR_SetConfig  stm32h7xx_hal_tim.o
    0x08025224   0x08025224   0x00000004   PAD
    0x08025228   0x08025228   0x00000016   Code   RO         1346    .text.TIM_ITRx_SetConfig  stm32h7xx_hal_tim.o
    0x0802523e   0x0802523e   0x00000002   PAD
    0x08025240   0x08025240   0x00000022   Code   RO         1344    .text.TIM_TI1_ConfigInputStage  stm32h7xx_hal_tim.o
    0x08025262   0x08025262   0x00000006   PAD
    0x08025268   0x08025268   0x00000024   Code   RO         1348    .text.TIM_TI2_ConfigInputStage  stm32h7xx_hal_tim.o
    0x0802528c   0x0802528c   0x00000004   PAD
    0x08025290   0x08025290   0x00000002   Code   RO           91    .text.UsageFault_Handler  stm32h7xx_it.o
    0x08025292   0x08025292   0x00000006   PAD
    0x08025298   0x08025298   0x0000002a   Code   RO         1593    .text._ZN13ili9341Driver12ILI9341ResetEv  ili9341driver.o
    0x080252c2   0x080252c2   0x00000006   PAD
    0x080252c8   0x080252c8   0x000002c0   Code   RO         1541    .text._ZN13ili9341Driver12ILI9341_initEP19__SPI_HandleTypeDef  ili9341driver.o
    0x08025588   0x08025588   0x00000016   Code   RO         1591    .text._ZN13ili9341Driver13ILI9341EnableEv  ili9341driver.o
    0x0802559e   0x0802559e   0x00000002   PAD
    0x080255a0   0x080255a0   0x000000c6   Code   RO         1553    .text._ZN13ili9341Driver16ILI9341_DrawCharEchhttt  ili9341driver.o
    0x08025666   0x08025666   0x00000002   PAD
    0x08025668   0x08025668   0x00000048   Code   RO         1551    .text._ZN13ili9341Driver16ILI9341_DrawTextEPKchhttt  ili9341driver.o
    0x080256b0   0x080256b0   0x00000022   Code   RO         1599    .text._ZN13ili9341Driver16ILI9341_SPI_SendEh  ili9341driver.o
    0x080256d2   0x080256d2   0x00000006   PAD
    0x080256d8   0x080256d8   0x00000022   Code   RO         1595    .text._ZN13ili9341Driver16ILI9341_WriteCmdEh  ili9341driver.o
    0x080256fa   0x080256fa   0x00000006   PAD
    0x08025700   0x08025700   0x000000f4   Code   RO         1557    .text._ZN13ili9341Driver17ILI9341_DrawPixelEttt  ili9341driver.o
    0x080257f4   0x080257f4   0x00000004   PAD
    0x080257f8   0x080257f8   0x00000022   Code   RO         1597    .text._ZN13ili9341Driver17ILI9341_WriteDataEh  ili9341driver.o
    0x0802581a   0x0802581a   0x00000006   PAD
    0x08025820   0x08025820   0x000000ae   Code   RO         1573    .text._ZN13ili9341Driver18ILI9341_AppendListEPh  ili9341driver.o
    0x080258ce   0x080258ce   0x00000002   PAD
    0x080258d0   0x080258d0   0x0000002c   Code   RO         1545    .text._ZN13ili9341Driver18ILI9341_FillScreenEt  ili9341driver.o
    0x080258fc   0x080258fc   0x00000004   PAD
    0x08025900   0x08025900   0x0000006e   Code   RO         1547    .text._ZN13ili9341Driver18ILI9341_SetAddressEtttt  ili9341driver.o
    0x0802596e   0x0802596e   0x00000002   PAD
    0x08025970   0x08025970   0x00000052   Code   RO         1543    .text._ZN13ili9341Driver19ILI9341_SetRotationEh  ili9341driver.o
    0x080259c2   0x080259c2   0x00000006   PAD
    0x080259c8   0x080259c8   0x000000c2   Code   RO         1563    .text._ZN13ili9341Driver21ILI9341_DrawLineToMEMEtttt  ili9341driver.o
    0x08025a8a   0x08025a8a   0x00000006   PAD
    0x08025a90   0x08025a90   0x00000056   Code   RO         1555    .text._ZN13ili9341Driver21ILI9341_DrawRectangleEttttt  ili9341driver.o
    0x08025ae6   0x08025ae6   0x00000002   PAD
    0x08025ae8   0x08025ae8   0x0000003e   Code   RO         1575    .text._ZN13ili9341Driver22ILI9341_ClearReaginSetEiiii  ili9341driver.o
    0x08025b26   0x08025b26   0x00000002   PAD
    0x08025b28   0x08025b28   0x00000014   Code   RO         1569    .text._ZN13ili9341Driver22ILI9341_DrawPointToMEMEtt  ili9341driver.o
    0x08025b3c   0x08025b3c   0x00000004   PAD
    0x08025b40   0x08025b40   0x000000a2   Code   RO         1549    .text._ZN13ili9341Driver23ILI9341_DrawColourBurstEtj  ili9341driver.o
    0x08025be2   0x08025be2   0x00000006   PAD
    0x08025be8   0x08025be8   0x0000002a   Code   RO         1559    .text._ZN13ili9341Driver24ILI9341_InitDynamicGraphEjj  ili9341driver.o
    0x08025c12   0x08025c12   0x00000006   PAD
    0x08025c18   0x08025c18   0x0000007e   Code   RO         1567    .text._ZN13ili9341Driver26ILI9341_UpdateDynamicGraphEv  ili9341driver.o
    0x08025c96   0x08025c96   0x00000002   PAD
    0x08025c98   0x08025c98   0x000000b0   Code   RO         1561    .text._ZN13ili9341Driver29ILI9341_AddLineToDynamicGraphEv  ili9341driver.o
    0x08025d48   0x08025d48   0x00000020   Code   RO         1565    .text._ZN13ili9341Driver30ILI9341_AddPointToDynamicGraphEt  ili9341driver.o
    0x08025d68   0x08025d68   0x0000000c   Code   RO         1751    .text._ZSt15get_new_handlerv  libcppabi_w.l(cxa_handlers.cpp.o)
    0x08025d74   0x08025d74   0x00000026   Code   RO         1623    .text._Znwj         libcpp_w.l(new.cpp.o)
    0x08025d9a   0x08025d9a   0x00000006   PAD
    0x08025da0   0x08025da0   0x00000020   Code   RO          136    .text.__NVIC_EnableIRQ  stm32h7xx_hal_cortex.o
    0x08025dc0   0x08025dc0   0x00000010   Code   RO          128    .text.__NVIC_GetPriorityGrouping  stm32h7xx_hal_cortex.o
    0x08025dd0   0x08025dd0   0x00000022   Code   RO          130    .text.__NVIC_SetPriority  stm32h7xx_hal_cortex.o
    0x08025df2   0x08025df2   0x00000006   PAD
    0x08025df8   0x08025df8   0x00000020   Code   RO          124    .text.__NVIC_SetPriorityGrouping  stm32h7xx_hal_cortex.o
    0x08025e18   0x08025e18   0x0000009c   Code   RO           11    .text.main          main.o
    0x08025eb4   0x08025eb4   0x0000001a   Code   RO         1905    x$fpl$fpinit        fz_wv.l(fpinit.o)
    0x08025ece   0x08025ece   0x00000010   Data   RO         1502    .rodata.D1CorePrescTable  system_stm32h7xx.o
    0x08025ede   0x08025ede   0x00000240   Data   RO         1579    .rodata._ZL4font    ili9341driver.o
    0x0802611e   0x0802611e   0x00000002   PAD
    0x08026120   0x08026120   0x00000020   Data   RO         1972    Region$$Table       anon$$obj.o


    Execution Region RW_IRAM1 (Exec base: 0x20000000, Load base: 0x08026140, Size: 0x00000000, Max: 0x00020000, ABSOLUTE)

    **** No section assigned to this execution region ****


    Execution Region RW_IRAM2 (Exec base: 0x24000000, Load base: 0x08026140, Size: 0x00000870, Max: 0x00080000, ABSOLUTE)

    Exec Addr    Load Addr    Size         Type   Attr      Idx    E Section Name        Object

    0x24000000   0x08026140   0x00000004   Data   RW         1500    .data.SystemCoreClock  system_stm32h7xx.o
    0x24000004   0x08026144   0x00000004   Data   RW         1501    .data.SystemD2Clock  system_stm32h7xx.o
    0x24000008   0x08026148   0x0000000c   Data   RW           21    .data.str1          main.o
    0x24000014   0x08026154   0x00000001   Data   RW          804    .data.uwTickFreq    stm32h7xx_hal.o
    0x24000015   0x08026155   0x00000003   PAD
    0x24000018   0x08026158   0x00000004   Data   RW          803    .data.uwTickPrio    stm32h7xx_hal.o
    0x2400001c   0x0802615c   0x00000004   PAD
    0x24000020        -       0x00000060   Zero   RW         1867    .bss                c_w.l(libspace.o)
    0x24000080        -       0x00000004   Zero   RW           22    .bss.LCD1           main.o
    0x24000084        -       0x00000001   Zero   RW           20    .bss.UpDateFlag     main.o
    0x24000085   0x0802615c   0x00000003   PAD
    0x24000088        -       0x00000004   Zero   RW         1582    .bss._ZZN13ili9341Driver18ILI9341_AppendListEPhE13AppendListNum  ili9341driver.o
    0x2400008c        -       0x0000003c   Zero   RW         1583    .bss._ZZN13ili9341Driver18ILI9341_AppendListEPhE7ListGet  ili9341driver.o
    0x240000c8        -       0x00000004   Zero   RW         1753    .bss.__cxa_new_handler  libcppabi_w.l(cxa_handlers.cpp.o)
    0x240000cc        -       0x00000078   Zero   RW           56    .bss.hdma_spi2_tx   spi.o
    0x24000144        -       0x00000088   Zero   RW           55    .bss.hspi2          spi.o
    0x240001cc        -       0x0000004c   Zero   RW           73    .bss.htim1          tim.o
    0x24000218        -       0x0000004c   Zero   RW           74    .bss.htim17         tim.o
    0x24000264        -       0x00000002   Zero   RW         1577    .bss.temp1          ili9341driver.o
    0x24000266        -       0x00000002   Zero   RW         1578    .bss.temp2          ili9341driver.o
    0x24000268        -       0x00000004   Zero   RW          805    .bss.uwTick         stm32h7xx_hal.o
    0x2400026c   0x0802615c   0x00000004   PAD
    0x24000270        -       0x00000200   Zero   RW            2    HEAP                startup_stm32h743xx.o
    0x24000470        -       0x00000400   Zero   RW            1    STACK               startup_stm32h743xx.o


==============================================================================

Image component sizes


      Code (inc. data)   RO Data    RW Data    ZI Data      Debug   Object Name

        50          0          0          0          0       5292   dma.o
       188          0          0          0          0       2976   gpio.o
      2694         12        576          0         68      28777   ili9341driver.o
        68          0          0          0          0      17599   ili9341driverwrapper.o
       360          0          0         12          5       9436   main.o
       288          0          0          0        256       9814   spi.o
        64         26        664          0       1536        836   startup_stm32h743xx.o
       276          0          0          5          4      15376   stm32h7xx_hal.o
       260          0          0          0          0      12669   stm32h7xx_hal_cortex.o
      7686         12          0          0          0      17897   stm32h7xx_hal_dma.o
       432          0          0          0          0       6860   stm32h7xx_hal_gpio.o
        32          0          0          0          0       2206   stm32h7xx_hal_msp.o
        72          0          0          0          0      10468   stm32h7xx_hal_pwr_ex.o
      2380         16          0          0          0      11289   stm32h7xx_hal_rcc.o
      2946         90          0          0          0      16819   stm32h7xx_hal_rcc_ex.o
      2236          0          0          0          0      21643   stm32h7xx_hal_spi.o
      1182          0          0          0          0      48013   stm32h7xx_hal_tim.o
       188          0          0          0          0      20455   stm32h7xx_hal_tim_ex.o
        72          0          0          0          0       1303   stm32h7xx_it.o
       218          0         16          8          0       5871   system_stm32h7xx.o
       290          0          0          0        152       9871   tim.o

    ----------------------------------------------------------------------
     22356        160       1290         28       2032     275470   Object Totals
         0          0         32          0          0          0   (incl. Generated)
       374          4          2          3         11          0   (incl. Padding)

    ----------------------------------------------------------------------

      Code (inc. data)   RO Data    RW Data    ZI Data      Debug   Library Member Name

         8          0          0          0          0         68   __main.o
         0          0          0          0          0          0   __rtentry.o
        12          0          0          0          0          0   __rtentry2.o
         6          0          0          0          0          0   __rtentry4.o
        52          8          0          0          0          0   __scatter.o
        26          0          0          0          0          0   __scatter_copy.o
        28          0          0          0          0          0   __scatter_zi.o
        10          0          0          0          0         68   defsig_exit.o
        50          0          0          0          0         88   defsig_general.o
        80         58          0          0          0         76   defsig_rtmem_inner.o
        14          0          0          0          0         80   defsig_rtmem_outer.o
        18          0          0          0          0         80   exit.o
        94          0          0          0          0         80   h1_alloc.o
        52          0          0          0          0         68   h1_extend.o
        78          0          0          0          0         80   h1_free.o
        14          0          0          0          0         84   h1_init.o
         6          0          0          0          0        152   heapauxi.o
         4          0          0          0          0        136   hguard.o
         0          0          0          0          0          0   indicate_semi.o
       138          0          0          0          0        168   init_alloc.o
         2          0          0          0          0          0   libinit.o
        14          0          0          0          0          0   libinit2.o
         2          0          0          0          0          0   libshutdown.o
         2          0          0          0          0          0   libshutdown2.o
         8          4          0          0         96         68   libspace.o
         0          0          0          0          0          0   maybetermalloc1.o
         8          4          0          0          0         68   rt_heap_descriptor_intlibspace.o
        78          0          0          0          0         80   rt_memclr_w.o
       138          0          0          0          0         68   rt_memcpy_v6.o
       100          0          0          0          0         80   rt_memcpy_w.o
         2          0          0          0          0          0   rtexit.o
        10          0          0          0          0          0   rtexit2.o
        12          4          0          0          0         68   sys_exit.o
        74          0          0          0          0         80   sys_stackheap_outer.o
        14          0          0          0          0         76   sys_wrch.o
         2          0          0          0          0         68   use_no_semi.o
        26          0          0          0          0        116   fpinit.o
        38          0          0          0          0        380   new.cpp.o
        12          0          0          0          4        148   cxa_handlers.cpp.o

    ----------------------------------------------------------------------
      1250         78          0          0        100       2528   Library Totals
        18          0          0          0          0          0   (incl. Padding)

    ----------------------------------------------------------------------

      Code (inc. data)   RO Data    RW Data    ZI Data      Debug   Library Name

      1156         78          0          0         96       1884   c_w.l
        26          0          0          0          0        116   fz_wv.l
        38          0          0          0          0        380   libcpp_w.l
        12          0          0          0          4        148   libcppabi_w.l

    ----------------------------------------------------------------------
      1250         78          0          0        100       2528   Library Totals

    ----------------------------------------------------------------------

==============================================================================


      Code (inc. data)   RO Data    RW Data    ZI Data      Debug   

     23606        238       1290         28       2132     276686   Grand Totals
     23606        238       1290         28       2132     276686   ELF Image Totals
     23606        238       1290         28          0          0   ROM Totals

==============================================================================

    Total RO  Size (Code + RO Data)                24896 (  24.31kB)
    Total RW  Size (RW Data + ZI Data)              2160 (   2.11kB)
    Total ROM Size (Code + RO Data + RW Data)      24924 (  24.34kB)

==============================================================================

