Component: ARM Compiler 6.15 Tool: armlink [5dd79300]

==============================================================================

Section Cross References

    startup_stm32h743xx.o(STACK) refers (Special) to heapauxi.o(.text) for __use_two_region_memory
    startup_stm32h743xx.o(HEAP) refers (Special) to heapauxi.o(.text) for __use_two_region_memory
    startup_stm32h743xx.o(RESET) refers (Special) to heapauxi.o(.text) for __use_two_region_memory
    startup_stm32h743xx.o(RESET) refers to startup_stm32h743xx.o(STACK) for __initial_sp
    startup_stm32h743xx.o(RESET) refers to startup_stm32h743xx.o(.text) for Reset_Handler
    startup_stm32h743xx.o(RESET) refers to stm32h7xx_it.o(.text.NMI_Handler) for NMI_Handler
    startup_stm32h743xx.o(RESET) refers to stm32h7xx_it.o(.text.HardFault_Handler) for HardFault_Handler
    startup_stm32h743xx.o(RESET) refers to stm32h7xx_it.o(.text.MemManage_Handler) for MemManage_Handler
    startup_stm32h743xx.o(RESET) refers to stm32h7xx_it.o(.text.BusFault_Handler) for BusFault_Handler
    startup_stm32h743xx.o(RESET) refers to stm32h7xx_it.o(.text.UsageFault_Handler) for UsageFault_Handler
    startup_stm32h743xx.o(RESET) refers to stm32h7xx_it.o(.text.SVC_Handler) for SVC_Handler
    startup_stm32h743xx.o(RESET) refers to stm32h7xx_it.o(.text.DebugMon_Handler) for DebugMon_Handler
    startup_stm32h743xx.o(RESET) refers to stm32h7xx_it.o(.text.PendSV_Handler) for PendSV_Handler
    startup_stm32h743xx.o(RESET) refers to stm32h7xx_it.o(.text.SysTick_Handler) for SysTick_Handler
    startup_stm32h743xx.o(RESET) refers to stm32h7xx_it.o(.text.DMA1_Stream0_IRQHandler) for DMA1_Stream0_IRQHandler
    startup_stm32h743xx.o(RESET) refers to stm32h7xx_it.o(.text.ADC_IRQHandler) for ADC_IRQHandler
    startup_stm32h743xx.o(RESET) refers to stm32h7xx_it.o(.text.SPI2_IRQHandler) for SPI2_IRQHandler
    startup_stm32h743xx.o(RESET) refers to stm32h7xx_it.o(.text.TIM17_IRQHandler) for TIM17_IRQHandler
    startup_stm32h743xx.o(.text) refers (Special) to heapauxi.o(.text) for __use_two_region_memory
    startup_stm32h743xx.o(.text) refers to system_stm32h7xx.o(.text.SystemInit) for SystemInit
    startup_stm32h743xx.o(.text) refers to __main.o(!!!main) for __main
    startup_stm32h743xx.o(.text) refers to startup_stm32h743xx.o(HEAP) for Heap_Mem
    startup_stm32h743xx.o(.text) refers to startup_stm32h743xx.o(STACK) for Stack_Mem
    main.o(.text.main) refers to stm32h7xx_hal.o(.text.HAL_Init) for HAL_Init
    main.o(.text.main) refers to main.o(.text.SystemClock_Config) for SystemClock_Config
    main.o(.text.main) refers to gpio.o(.text.MX_GPIO_Init) for MX_GPIO_Init
    main.o(.text.main) refers to dma.o(.text.MX_DMA_Init) for MX_DMA_Init
    main.o(.text.main) refers to spi.o(.text.MX_SPI2_Init) for MX_SPI2_Init
    main.o(.text.main) refers to tim.o(.text.MX_TIM1_Init) for MX_TIM1_Init
    main.o(.text.main) refers to tim.o(.text.MX_TIM17_Init) for MX_TIM17_Init
    main.o(.text.main) refers to adc.o(.text.MX_ADC1_Init) for MX_ADC1_Init
    main.o(.text.main) refers to tim.o(.text.MX_TIM3_Init) for MX_TIM3_Init
    main.o(.text.main) refers to ili9341driverwrapper.o(.text.NewLCDGet) for NewLCDGet
    main.o(.text.main) refers to main.o(.bss.LCD1) for LCD1
    main.o(.text.main) refers to spi.o(.bss.hspi2) for hspi2
    main.o(.text.main) refers to ili9341driverwrapper.o(.text.ILI9341Init) for ILI9341Init
    main.o(.text.main) refers to ili9341driverwrapper.o(.text.ILI9341_Set_Rotation) for ILI9341_Set_Rotation
    main.o(.text.main) refers to ili9341driverwrapper.o(.text.ILI9341SetColor) for ILI9341SetColor
    main.o(.text.main) refers to main.o(.data.str1) for str1
    main.o(.text.main) refers to ili9341driverwrapper.o(.text.ILI9341_AppendList) for ILI9341_AppendList
    main.o(.text.main) refers to tim.o(.bss.htim3) for htim3
    main.o(.text.main) refers to stm32h7xx_hal_tim.o(.text.HAL_TIM_Base_Start_IT) for HAL_TIM_Base_Start_IT
    main.o(.text.main) refers to ili9341driverwrapper.o(.text.ILI9341_InitWave) for ILI9341_InitWave
    main.o(.text.main) refers to main.o(.bss.UpDateFlag) for UpDateFlag
    main.o(.text.main) refers to ili9341driverwrapper.o(.text.ILI9341_AddPointToWave) for ILI9341_AddPointToWave
    main.o(.text.main) refers to ili9341driverwrapper.o(.text.ILI9341_UpdateWave) for ILI9341_UpdateWave
    main.o(.ARM.exidx.text.main) refers to main.o(.text.main) for [Anonymous Symbol]
    main.o(.text.SystemClock_Config) refers to rt_memclr_w.o(.text) for __aeabi_memclr4
    main.o(.text.SystemClock_Config) refers to stm32h7xx_hal_pwr_ex.o(.text.HAL_PWREx_ConfigSupply) for HAL_PWREx_ConfigSupply
    main.o(.text.SystemClock_Config) refers to stm32h7xx_hal_rcc.o(.text.HAL_RCC_OscConfig) for HAL_RCC_OscConfig
    main.o(.text.SystemClock_Config) refers to stm32h7xx_hal_rcc.o(.text.HAL_RCC_ClockConfig) for HAL_RCC_ClockConfig
    main.o(.text.SystemClock_Config) refers to stm32h7xx_hal_rcc_ex.o(.text.HAL_RCCEx_PeriphCLKConfig) for HAL_RCCEx_PeriphCLKConfig
[...]
    [Anonymous Symbol]                       0x08027088   Section        0  ili9341driver.o(.text._ZN13ili9341Driver23ILI9341_DrawColourBurstEtj)
    [Anonymous Symbol]                       0x08027130   Section        0  ili9341driver.o(.text._ZN13ili9341Driver24ILI9341_InitDynamicGraphEjj)
    [Anonymous Symbol]                       0x08027160   Section        0  ili9341driver.o(.text._ZN13ili9341Driver26ILI9341_UpdateDynamicGraphEv)
    [Anonymous Symbol]                       0x080271f8   Section        0  ili9341driver.o(.text._ZN13ili9341Driver29ILI9341_AddLineToDynamicGraphEv)
    [Anonymous Symbol]                       0x080272a8   Section        0  ili9341driver.o(.text._ZN13ili9341Driver30ILI9341_AddPointToDynamicGraphEt)
    [Anonymous Symbol]                       0x080272c8   Section        0  cxa_handlers.cpp.o(.text._ZSt15get_new_handlerv)
    [Anonymous Symbol]                       0x080272d4   Section        0  new.cpp.o(.text._Znwj)
    __NVIC_EnableIRQ                         0x08027301   Thumb Code    32  stm32h7xx_hal_cortex.o(.text.__NVIC_EnableIRQ)
    [Anonymous Symbol]                       0x08027300   Section        0  stm32h7xx_hal_cortex.o(.text.__NVIC_EnableIRQ)
    __NVIC_GetPriorityGrouping               0x08027321   Thumb Code    16  stm32h7xx_hal_cortex.o(.text.__NVIC_GetPriorityGrouping)
    [Anonymous Symbol]                       0x08027320   Section        0  stm32h7xx_hal_cortex.o(.text.__NVIC_GetPriorityGrouping)
    __NVIC_SetPriority                       0x08027331   Thumb Code    34  stm32h7xx_hal_cortex.o(.text.__NVIC_SetPriority)
    [Anonymous Symbol]                       0x08027330   Section        0  stm32h7xx_hal_cortex.o(.text.__NVIC_SetPriority)
    __NVIC_SetPriorityGrouping               0x08027359   Thumb Code    32  stm32h7xx_hal_cortex.o(.text.__NVIC_SetPriorityGrouping)
    [Anonymous Symbol]                       0x08027358   Section        0  stm32h7xx_hal_cortex.o(.text.__NVIC_SetPriorityGrouping)
    [Anonymous Symbol]                       0x08027378   Section        0  main.o(.text.main)
    $v0                                      0x08027428   Number         0  fpinit.o(x$fpl$fpinit)
    x$fpl$fpinit                             0x08027428   Section       26  fpinit.o(x$fpl$fpinit)
    .bss                                     0x24000020   Section       96  libspace.o(.bss)
    ili9341Driver::ILI9341_AppendList(unsigned char*)::AppendListNum 0x24000088   Data           4  ili9341driver.o(.bss._ZZN13ili9341Driver18ILI9341_AppendListEPhE13AppendListNum)
    [Anonymous Symbol]                       0x24000088   Section        0  ili9341driver.o(.bss._ZZN13ili9341Driver18ILI9341_AppendListEPhE13AppendListNum)
    ili9341Driver::ILI9341_AppendList(unsigned char*)::ListGet 0x2400008c   Data          60  ili9341driver.o(.bss._ZZN13ili9341Driver18ILI9341_AppendListEPhE7ListGet)
    [Anonymous Symbol]                       0x2400008c   Section        0  ili9341driver.o(.bss._ZZN13ili9341Driver18ILI9341_AppendListEPhE7ListGet)
    Heap_Mem                                 0x24000320   Data         512  startup_stm32h743xx.o(HEAP)
    HEAP                                     0x24000320   Section      512  startup_stm32h743xx.o(HEAP)
    Stack_Mem                                0x24000520   Data        1024  startup_stm32h743xx.o(STACK)
    STACK                                    0x24000520   Section     1024  startup_stm32h743xx.o(STACK)
    __initial_sp                             0x24000920   Data           0  startup_stm32h743xx.o(STACK)

    Global Symbols

    Symbol Name                              Value     Ov Type        Size  Object(Section)

    BuildAttributes$$THM_ISAv4$E$P$D$K$B$S$7EM$VFPv5_D16$PE$PLD8$A:L22UL41UL21$X:L11$S22US41US21$IEEE1$IW$~IW$USESV6$~STKCKD$USESV7$~SHL$OTIME$ROPI$EBA8$UX$STANDARDLIB$REQ8$PRES8$EABIv2 0x00000000   Number         0  anon$$obj.o ABSOLUTE
    __ARM_exceptions_init                     - Undefined Weak Reference
    __alloca_initialize                       - Undefined Weak Reference
    __arm_preinit_                            - Undefined Weak Reference
    __cpp_initialize__aeabi_                  - Undefined Weak Reference
    __cxa_finalize                            - Undefined Weak Reference
    __rt_locale                               - Undefined Weak Reference
    __sigvec_lookup                           - Undefined Weak Reference
    __user_heap_extent                        - Undefined Weak Reference
    _atexit_init                              - Undefined Weak Reference
    _call_atexit_fns                          - Undefined Weak Reference
    _clock_init                               - Undefined Weak Reference
    _fp_trap_init                             - Undefined Weak Reference
    _fp_trap_shutdown                         - Undefined Weak Reference
    _get_lc_collate                           - Undefined Weak Reference
    _get_lc_ctype                             - Undefined Weak Reference
    _get_lc_monetary                          - Undefined Weak Reference
    _get_lc_numeric                           - Undefined Weak Reference
    _get_lc_time                              - Undefined Weak Reference
    _getenv_init                              - Undefined Weak Reference
    _handle_redirection                       - Undefined Weak Reference
    _initio                                   - Undefined Weak Reference
    _mutex_acquire                            - Undefined Weak Reference
    _mutex_free                               - Undefined Weak Reference
    _mutex_release                            - Undefined Weak Reference
    _rand_init                                - Undefined Weak Reference
    _signal_finish                            - Undefined Weak Reference
    _signal_init                              - Undefined Weak Reference
    _terminateio                              - Undefined Weak Reference
    __Vectors_Size                           0x00000298   Number         0  startup_stm32h743xx.o ABSOLUTE
    __Vectors                                0x08020000   Data           4  startup_stm32h743xx.o(RESET)
    __Vectors_End                            0x08020298   Data           0  startup_stm32h743xx.o(RESET)
    __main                                   0x08020299   Thumb Code     8  __main.o(!!!main)
    __scatterload                            0x080202a1   Thumb Code     0  __scatter.o(!!!scatter)
    __scatterload_rt2                        0x080202a1   Thumb Code    44  __scatter.o(!!!scatter)
    __scatterload_rt2_thumb_only             0x080202a1   Thumb Code     0  __scatter.o(!!!scatter)
    __scatterload_null                       0x080202af   Thumb Code     0  __scatter.o(!!!scatter)
    __scatterload_copy                       0x080202d5   Thumb Code    26  __scatter_copy.o(!!handler_copy)
    __scatterload_zeroinit                   0x080202f1   Thumb Code    28  __scatter_zi.o(!!handler_zi)
    __rt_lib_init                            0x0802030d   Thumb Code     0  libinit.o(.ARM.Collect$$libinit$$00000000)
    __rt_lib_init_fp_1                       0x0802030f   Thumb Code     0  libinit2.o(.ARM.Collect$$libinit$$00000001)
    __rt_lib_init_heap_2                     0x08020313   Thumb Code     0  libinit2.o(.ARM.Collect$$libinit$$00000005)
    __rt_lib_init_preinit_1                  0x08020313   Thumb Code     0  libinit2.o(.ARM.Collect$$libinit$$00000004)
    __rt_lib_init_alloca_1                   0x0802031b   Thumb Code     0  libinit2.o(.ARM.Collect$$libinit$$0000002E)
    __rt_lib_init_argv_1                     0x0802031b   Thumb Code     0  libinit2.o(.ARM.Collect$$libinit$$0000002C)
    __rt_lib_init_atexit_1                   0x0802031b   Thumb Code     0  libinit2.o(.ARM.Collect$$libinit$$0000001B)
    __rt_lib_init_clock_1                    0x0802031b   Thumb Code     0  libinit2.o(.ARM.Collect$$libinit$$00000021)
    __rt_lib_init_cpp_1                      0x0802031b   Thumb Code     0  libinit2.o(.ARM.Collect$$libinit$$00000032)
    __rt_lib_init_exceptions_1               0x0802031b   Thumb Code     0  libinit2.o(.ARM.Collect$$libinit$$00000030)
    __rt_lib_init_fp_trap_1                  0x0802031b   Thumb Code     0  libinit2.o(.ARM.Collect$$libinit$$0000001F)
    __rt_lib_init_getenv_1                   0x0802031b   Thumb Code     0  libinit2.o(.ARM.Collect$$libinit$$00000023)
    __rt_lib_init_heap_1                     0x0802031b   Thumb Code     0  libinit2.o(.ARM.Collect$$libinit$$0000000A)
    __rt_lib_init_lc_collate_1               0x0802031b   Thumb Code     0  libinit2.o(.ARM.Collect$$libinit$$00000011)
    __rt_lib_init_lc_ctype_1                 0x0802031b   Thumb Code     0  libinit2.o(.ARM.Collect$$libinit$$00000013)
    __rt_lib_init_lc_monetary_1              0x0802031b   Thumb Code     0  libinit2.o(.ARM.Collect$$libinit$$00000015)
    __rt_lib_init_lc_numeric_1               0x0802031b   Thumb Code     0  libinit2.o(.ARM.Collect$$libinit$$00000017)
    __rt_lib_init_lc_time_1                  0x0802031b   Thumb Code     0  libinit2.o(.ARM.Collect$$libinit$$00000019)
    __rt_lib_init_rand_1                     0x0802031b   Thumb Code     0  libinit2.o(.ARM.Collect$$libinit$$0000000E)
    __rt_lib_init_return                     0x0802031b   Thumb Code     0  libinit2.o(.ARM.Collect$$libinit$$00000033)
    __rt_lib_init_signal_1                   0x0802031b   Thumb Code     0  libinit2.o(.ARM.Collect$$libinit$$0000001D)
    __rt_lib_init_stdio_1                    0x0802031b   Thumb Code     0  libinit2.o(.ARM.Collect$$libinit$$00000025)
    __rt_lib_init_user_alloc_1               0x0802031b   Thumb Code     0  libinit2.o(.ARM.Collect$$libinit$$0000000C)
    __rt_lib_shutdown                        0x0802031d   Thumb Code     0  libshutdown.o(.ARM.Collect$$libshutdown$$00000000)
    __rt_lib_shutdown_cpp_1                  0x0802031f   Thumb Code     0  libshutdown2.o(.ARM.Collect$$libshutdown$$00000002)
    __rt_lib_shutdown_fp_trap_1              0x0802031f   Thumb Code     0  libshutdown2.o(.ARM.Collect$$libshutdown$$00000007)
    __rt_lib_shutdown_heap_1                 0x0802031f   Thumb Code     0  libshutdown2.o(.ARM.Collect$$libshutdown$$0000000F)
    __rt_lib_shutdown_return                 0x0802031f   Thumb Code     0  libshutdown2.o(.ARM.Collect$$libshutdown$$00000010)
    __rt_lib_shutdown_signal_1               0x0802031f   Thumb Code     0  libshutdown2.o(.ARM.Collect$$libshutdown$$0000000A)
    __rt_lib_shutdown_stdio_1                0x0802031f   Thumb Code     0  libshutdown2.o(.ARM.Collect$$libshutdown$$00000004)
    __rt_lib_shutdown_user_alloc_1           0x0802031f   Thumb Code     0  libshutdown2.o(.ARM.Collect$$libshutdown$$0000000C)
    __rt_entry                               0x08020321   Thumb Code     0  __rtentry.o(.ARM.Collect$$rtentry$$00000000)
    __rt_entry_presh_1                       0x08020321   Thumb Code     0  __rtentry2.o(.ARM.Collect$$rtentry$$00000002)
    __rt_entry_sh                            0x08020321   Thumb Code     0  __rtentry4.o(.ARM.Collect$$rtentry$$00000004)
    __rt_entry_li                            0x08020327   Thumb Code     0  __rtentry2.o(.ARM.Collect$$rtentry$$0000000A)
    __rt_entry_postsh_1                      0x08020327   Thumb Code     0  __rtentry2.o(.ARM.Collect$$rtentry$$00000009)
    __rt_entry_main                          0x0802032b   Thumb Code     0  __rtentry2.o(.ARM.Collect$$rtentry$$0000000D)
    __rt_entry_postli_1                      0x0802032b   Thumb Code     0  __rtentry2.o(.ARM.Collect$$rtentry$$0000000C)
    __rt_exit                                0x08020333   Thumb Code     0  rtexit.o(.ARM.Collect$$rtexit$$00000000)
    __rt_exit_ls                             0x08020335   Thumb Code     0  rtexit2.o(.ARM.Collect$$rtexit$$00000003)
    __rt_exit_prels_1                        0x08020335   Thumb Code     0  rtexit2.o(.ARM.Collect$$rtexit$$00000002)
    __rt_exit_exit                           0x08020339   Thumb Code     0  rtexit2.o(.ARM.Collect$$rtexit$$00000004)
    Reset_Handler                            0x08020341   Thumb Code     8  startup_stm32h743xx.o(.text)
    ADC3_IRQHandler                          0x0802035b   Thumb Code     0  startup_stm32h743xx.o(.text)
    BDMA_Channel0_IRQHandler                 0x0802035b   Thumb Code     0  startup_stm32h743xx.o(.text)
    BDMA_Channel1_IRQHandler                 0x0802035b   Thumb Code     0  startup_stm32h743xx.o(.text)
    BDMA_Channel2_IRQHandler                 0x0802035b   Thumb Code     0  startup_stm32h743xx.o(.text)
    BDMA_Channel3_IRQHandler                 0x0802035b   Thumb Code     0  startup_stm32h743xx.o(.text)
    BDMA_Channel4_IRQHandler                 0x0802035b   Thumb Code     0  startup_stm32h743xx.o(.text)
    BDMA_Channel5_IRQHandler                 0x0802035b   Thumb Code     0  startup_stm32h743xx.o(.text)
    BDMA_Channel6_IRQHandler                 0x0802035b   Thumb Code     0  startup_stm32h743xx.o(.text)
    BDMA_Channel7_IRQHandler                 0x0802035b   Thumb Code     0  startup_stm32h743xx.o(.text)
    CEC_IRQHandler                           0x0802035b   Thumb Code     0  startup_stm32h743xx.o(.text)
    COMP1_IRQHandler                         0x0802035b   Thumb Code     0  startup_stm32h743xx.o(.text)
    CRS_IRQHandler                           0x0802035b   Thumb Code     0  startup_stm32h743xx.o(.text)
    DCMI_IRQHandler                          0x0802035b   Thumb Code     0  startup_stm32h743xx.o(.text)
    DFSDM1_FLT0_IRQHandler                   0x0802035b   Thumb Code     0  startup_stm32h743xx.o(.text)
    DFSDM1_FLT1_IRQHandler                   0x0802035b   Thumb Code     0  startup_stm32h743xx.o(.text)
    DFSDM1_FLT2_IRQHandler                   0x0802035b   Thumb Code     0  startup_stm32h743xx.o(.text)
    DFSDM1_FLT3_IRQHandler                   0x0802035b   Thumb Code     0  startup_stm32h743xx.o(.text)
    DMA1_Stream1_IRQHandler                  0x0802035b   Thumb Code     0  startup_stm32h743xx.o(.text)
    DMA1_Stream2_IRQHandler                  0x0802035b   Thumb Code     0  startup_stm32h743xx.o(.text)
    DMA1_Stream3_IRQHandler                  0x0802035b   Thumb Code     0  startup_stm32h743xx.o(.text)
    DMA1_Stream4_IRQHandler                  0x0802035b   Thumb Code     0  startup_stm32h743xx.o(.text)
    DMA1_Stream5_IRQHandler                  0x0802035b   Thumb Code     0  startup_stm32h743xx.o(.text)
    DMA1_Stream6_IRQHandler                  0x0802035b   Thumb Code     0  startup_stm32h743xx.o(.text)
    DMA1_Stream7_IRQHandler                  0x0802035b   Thumb Code     0  startup_stm32h743xx.o(.text)
    DMA2D_IRQHandler                         0x0802035b   Thumb Code     0  startup_stm32h743xx.o(.text)
    DMA2_Stream0_IRQHandler                  0x0802035b   Thumb Code     0  startup_stm32h743xx.o(.text)
    DMA2_Stream1_IRQHandler                  0x0802035b   Thumb Code     0  startup_stm32h743xx.o(.text)
    DMA2_Stream2_IRQHandler                  0x0802035b   Thumb Code     0  startup_stm32h743xx.o(.text)
    DMA2_Stream3_IRQHandler                  0x0802035b   Thumb Code     0  startup_stm32h743xx.o(.text)
    DMA2_Stream4_IRQHandler                  0x0802035b   Thumb Code     0  startup_stm32h743xx.o(.text)
    DMA2_Stream5_IRQHandler                  0x0802035b   Thumb Code     0  startup_stm32h743xx.o(.text)
    DMA2_Stream6_IRQHandler                  0x0802035b   Thumb Code     0  startup_stm32h743xx.o(.text)
    DMA2_Stream7_IRQHandler                  0x0802035b   Thumb Code     0  startup_stm32h743xx.o(.text)
    DMAMUX1_OVR_IRQHandler                   0x0802035b   Thumb Code     0  startup_stm32h743xx.o(.text)
    DMAMUX2_OVR_IRQHandler                   0x0802035b   Thumb Code     0  startup_stm32h743xx.o(.text)
    ECC_IRQHandler                           0x0802035b   Thumb Code     0  startup_stm32h743xx.o(.text)
    ETH_IRQHandler                           0x0802035b   Thumb Code     0  startup_stm32h743xx.o(.text)
    ETH_WKUP_IRQHandler                      0x0802035b   Thumb Code     0  startup_stm32h743xx.o(.text)
    EXTI0_IRQHandler                         0x0802035b   Thumb Code     0  startup_stm32h743xx.o(.text)
    EXTI15_10_IRQHandler                     0x0802035b   Thumb Code     0  startup_stm32h743xx.o(.text)
    EXTI1_IRQHandler                         0x0802035b   Thumb Code     0  startup_stm32h743xx.o(.text)
    EXTI2_IRQHandler                         0x0802035b   Thumb Code     0  startup_stm32h743xx.o(.text)
    EXTI3_IRQHandler                         0x0802035b   Thumb Code     0  startup_stm32h743xx.o(.text)
    EXTI4_IRQHandler                         0x0802035b   Thumb Code     0  startup_stm32h743xx.o(.text)
    EXTI9_5_IRQHandler                       0x0802035b   Thumb Code     0  startup_stm32h743xx.o(.text)
    FDCAN1_IT0_IRQHandler                    0x0802035b   Thumb Code     0  startup_stm32h743xx.o(.text)
    FDCAN1_IT1_IRQHandler                    0x0802035b   Thumb Code     0  startup_stm32h743xx.o(.text)
    FDCAN2_IT0_IRQHandler                    0x0802035b   Thumb Code     0  startup_stm32h743xx.o(.text)
    FDCAN2_IT1_IRQHandler                    0x0802035b   Thumb Code     0  startup_stm32h743xx.o(.text)
    FDCAN_CAL_IRQHandler                     0x0802035b   Thumb Code     0  startup_stm32h743xx.o(.text)
    FLASH_IRQHandler                         0x0802035b   Thumb Code     0  startup_stm32h743xx.o(.text)
    FMC_IRQHandler                           0x0802035b   Thumb Code     0  startup_stm32h743xx.o(.text)
    FPU_IRQHandler                           0x0802035b   Thumb Code     0  startup_stm32h743xx.o(.text)
    HRTIM1_FLT_IRQHandler                    0x0802035b   Thumb Code     0  startup_stm32h743xx.o(.text)
    HRTIM1_Master_IRQHandler                 0x0802035b   Thumb Code     0  startup_stm32h743xx.o(.text)
    HRTIM1_TIMA_IRQHandler                   0x0802035b   Thumb Code     0  startup_stm32h743xx.o(.text)
    HRTIM1_TIMB_IRQHandler                   0x0802035b   Thumb Code     0  startup_stm32h743xx.o(.text)
    HRTIM1_TIMC_IRQHandler                   0x0802035b   Thumb Code     0  startup_stm32h743xx.o(.text)
    HRTIM1_TIMD_IRQHandler                   0x0802035b   Thumb Code     0  startup_stm32h743xx.o(.text)
    HRTIM1_TIME_IRQHandler                   0x0802035b   Thumb Code     0  startup_stm32h743xx.o(.text)
    HSEM1_IRQHandler                         0x0802035b   Thumb Code     0  startup_stm32h743xx.o(.text)
    I2C1_ER_IRQHandler                       0x0802035b   Thumb Code     0  startup_stm32h743xx.o(.text)
    I2C1_EV_IRQHandler                       0x0802035b   Thumb Code     0  startup_stm32h743xx.o(.text)
    I2C2_ER_IRQHandler                       0x0802035b   Thumb Code     0  startup_stm32h743xx.o(.text)
    I2C2_EV_IRQHandler                       0x0802035b   Thumb Code     0  startup_stm32h743xx.o(.text)
    I2C3_ER_IRQHandler                       0x0802035b   Thumb Code     0  startup_stm32h743xx.o(.text)
    I2C3_EV_IRQHandler                       0x0802035b   Thumb Code     0  startup_stm32h743xx.o(.text)
    I2C4_ER_IRQHandler                       0x0802035b   Thumb Code     0  startup_stm32h743xx.o(.text)
    I2C4_EV_IRQHandler                       0x0802035b   Thumb Code     0  startup_stm32h743xx.o(.text)
    JPEG_IRQHandler                          0x0802035b   Thumb Code     0  startup_stm32h743xx.o(.text)
    LPTIM1_IRQHandler                        0x0802035b   Thumb Code     0  startup_stm32h743xx.o(.text)
    LPTIM2_IRQHandler                        0x0802035b   Thumb Code     0  startup_stm32h743xx.o(.text)
    LPTIM3_IRQHandler                        0x0802035b   Thumb Code     0  startup_stm32h743xx.o(.text)
    LPTIM4_IRQHandler                        0x0802035b   Thumb Code     0  startup_stm32h743xx.o(.text)
    LPTIM5_IRQHandler                        0x0802035b   Thumb Code     0  startup_stm32h743xx.o(.text)
    LPUART1_IRQHandler                       0x0802035b   Thumb Code     0  startup_stm32h743xx.o(.text)
    LTDC_ER_IRQHandler                       0x0802035b   Thumb Code     0  startup_stm32h743xx.o(.text)
    LTDC_IRQHandler                          0x0802035b   Thumb Code     0  startup_stm32h743xx.o(.text)
    MDIOS_IRQHandler                         0x0802035b   Thumb Code     0  startup_stm32h743xx.o(.text)
    MDIOS_WKUP_IRQHandler                    0x0802035b   Thumb Code     0  startup_stm32h743xx.o(.text)
    MDMA_IRQHandler                          0x0802035b   Thumb Code     0  startup_stm32h743xx.o(.text)
    OTG_FS_EP1_IN_IRQHandler                 0x0802035b   Thumb Code     0  startup_stm32h743xx.o(.text)
    OTG_FS_EP1_OUT_IRQHandler                0x0802035b   Thumb Code     0  startup_stm32h743xx.o(.text)
    OTG_FS_IRQHandler                        0x0802035b   Thumb Code     0  startup_stm32h743xx.o(.text)
    OTG_FS_WKUP_IRQHandler                   0x0802035b   Thumb Code     0  startup_stm32h743xx.o(.text)
    OTG_HS_EP1_IN_IRQHandler                 0x0802035b   Thumb Code     0  startup_stm32h743xx.o(.text)
    OTG_HS_EP1_OUT_IRQHandler                0x0802035b   Thumb Code     0  startup_stm32h743xx.o(.text)
    OTG_HS_IRQHandler                        0x0802035b   Thumb Code     0  startup_stm32h743xx.o(.text)
    OTG_HS_WKUP_IRQHandler                   0x0802035b   Thumb Code     0  startup_stm32h743xx.o(.text)
    PVD_AVD_IRQHandler                       0x0802035b   Thumb Code     0  startup_stm32h743xx.o(.text)
    QUADSPI_IRQHandler                       0x0802035b   Thumb Code     0  startup_stm32h743xx.o(.text)
    RCC_IRQHandler                           0x0802035b   Thumb Code     0  startup_stm32h743xx.o(.text)
    RNG_IRQHandler                           0x0802035b   Thumb Code     0  startup_stm32h743xx.o(.text)
    RTC_Alarm_IRQHandler                     0x0802035b   Thumb Code     0  startup_stm32h743xx.o(.text)
    RTC_WKUP_IRQHandler                      0x0802035b   Thumb Code     0  startup_stm32h743xx.o(.text)
    SAI1_IRQHandler                          0x0802035b   Thumb Code     0  startup_stm32h743xx.o(.text)
    SAI2_IRQHandler                          0x0802035b   Thumb Code     0  startup_stm32h743xx.o(.text)
    SAI3_IRQHandler                          0x0802035b   Thumb Code     0  startup_stm32h743xx.o(.text)
    SAI4_IRQHandler                          0x0802035b   Thumb Code     0  startup_stm32h743xx.o(.text)
    SDMMC1_IRQHandler                        0x0802035b   Thumb Code     0  startup_stm32h743xx.o(.text)
    SDMMC2_IRQHandler                        0x0802035b   Thumb Code     0  startup_stm32h743xx.o(.text)
    SPDIF_RX_IRQHandler                      0x0802035b   Thumb Code     0  startup_stm32h743xx.o(.text)
    SPI1_IRQHandler                          0x0802035b   Thumb Code     0  startup_stm32h743xx.o(.text)
    SPI3_IRQHandler                          0x0802035b   Thumb Code     0  startup_stm32h743xx.o(.text)
    SPI4_IRQHandler                          0x0802035b   Thumb Code     0  startup_stm32h743xx.o(.text)
    SPI5_IRQHandler                          0x0802035b   Thumb Code     0  startup_stm32h743xx.o(.text)
    SPI6_IRQHandler                          0x0802035b   Thumb Code     0  startup_stm32h743xx.o(.text)
    SWPMI1_IRQHandler                        0x0802035b   Thumb Code     0  startup_stm32h743xx.o(.text)
    TAMP_STAMP_IRQHandler                    0x0802035b   Thumb Code     0  startup_stm32h743xx.o(.text)
    TIM15_IRQHandler                         0x0802035b   Thumb Code     0  startup_stm32h743xx.o(.text)
    TIM16_IRQHandler                         0x0802035b   Thumb Code     0  startup_stm32h743xx.o(.text)
    TIM1_BRK_IRQHandler                      0x0802035b   Thumb Code     0  startup_stm32h743xx.o(.text)
    TIM1_CC_IRQHandler                       0x0802035b   Thumb Code     0  startup_stm32h743xx.o(.text)
    TIM1_TRG_COM_IRQHandler                  0x0802035b   Thumb Code     0  startup_stm32h743xx.o(.text)
    TIM1_UP_IRQHandler                       0x0802035b   Thumb Code     0  startup_stm32h743xx.o(.text)
    TIM2_IRQHandler                          0x0802035b   Thumb Code     0  startup_stm32h743xx.o(.text)
    TIM3_IRQHandler                          0x0802035b   Thumb Code     0  startup_stm32h743xx.o(.text)
    TIM4_IRQHandler                          0x0802035b   Thumb Code     0  startup_stm32h743xx.o(.text)
    TIM5_IRQHandler                          0x0802035b   Thumb Code     0  startup_stm32h743xx.o(.text)
    TIM6_DAC_IRQHandler                      0x0802035b   Thumb Code     0  startup_stm32h743xx.o(.text)
    TIM7_IRQHandler                          0x0802035b   Thumb Code     0  startup_stm32h743xx.o(.text)
    TIM8_BRK_TIM12_IRQHandler                0x0802035b   Thumb Code     0  startup_stm32h743xx.o(.text)
    TIM8_CC_IRQHandler                       0x0802035b   Thumb Code     0  startup_stm32h743xx.o(.text)
    TIM8_TRG_COM_TIM14_IRQHandler            0x0802035b   Thumb Code     0  startup_stm32h743xx.o(.text)
    TIM8_UP_TIM13_IRQHandler                 0x0802035b   Thumb Code     0  startup_stm32h743xx.o(.text)
    UART4_IRQHandler                         0x0802035b   Thumb Code     0  startup_stm32h743xx.o(.text)
    UART5_IRQHandler                         0x0802035b   Thumb Code     0  startup_stm32h743xx.o(.text)
    UART7_IRQHandler                         0x0802035b   Thumb Code     0  startup_stm32h743xx.o(.text)
    UART8_IRQHandler                         0x0802035b   Thumb Code     0  startup_stm32h743xx.o(.text)
    USART1_IRQHandler                        0x0802035b   Thumb Code     0  startup_stm32h743xx.o(.text)
    USART2_IRQHandler                        0x0802035b   Thumb Code     0  startup_stm32h743xx.o(.text)
    USART3_IRQHandler                        0x0802035b   Thumb Code     0  startup_stm32h743xx.o(.text)
    USART6_IRQHandler                        0x0802035b   Thumb Code     0  startup_stm32h743xx.o(.text)
    WAKEUP_PIN_IRQHandler                    0x0802035b   Thumb Code     0  startup_stm32h743xx.o(.text)
    WWDG_IRQHandler                          0x0802035b   Thumb Code     0  startup_stm32h743xx.o(.text)
    __user_initial_stackheap                 0x0802035d   Thumb Code     0  startup_stm32h743xx.o(.text)
    __aeabi_memcpy                           0x08020381   Thumb Code     0  rt_memcpy_v6.o(.text)
    __rt_memcpy                              0x08020381   Thumb Code   138  rt_memcpy_v6.o(.text)
    _memcpy_lastbytes                        0x080203e7   Thumb Code     0  rt_memcpy_v6.o(.text)
    __aeabi_memclr4                          0x0802040b   Thumb Code     0  rt_memclr_w.o(.text)
    __aeabi_memclr8                          0x0802040b   Thumb Code     0  rt_memclr_w.o(.text)
    __rt_memclr_w                            0x0802040b   Thumb Code    78  rt_memclr_w.o(.text)
    _memset_w                                0x0802040f   Thumb Code     0  rt_memclr_w.o(.text)
    __use_two_region_memory                  0x08020459   Thumb Code     2  heapauxi.o(.text)
    __rt_heap_escrow                         0x0802045b   Thumb Code     2  heapauxi.o(.text)
    __rt_heap_expand                         0x0802045d   Thumb Code     2  heapauxi.o(.text)
    malloc                                   0x0802045f   Thumb Code    94  h1_alloc.o(.text)
    free                                     0x080204bd   Thumb Code    78  h1_free.o(.text)
    __aeabi_memcpy4                          0x0802050b   Thumb Code     0  rt_memcpy_w.o(.text)
    __aeabi_memcpy8                          0x0802050b   Thumb Code     0  rt_memcpy_w.o(.text)
    __rt_memcpy_w                            0x0802050b   Thumb Code   100  rt_memcpy_w.o(.text)
    _memcpy_lastbytes_aligned                0x08020553   Thumb Code     0  rt_memcpy_w.o(.text)
    _sys_exit                                0x08020571   Thumb Code     8  sys_exit.o(.text)
    __rt_heap_descriptor                     0x0802057d   Thumb Code     8  rt_heap_descriptor_intlibspace.o(.text)
    __use_no_heap                            0x08020585   Thumb Code     2  hguard.o(.text)
    __heap$guard                             0x08020587   Thumb Code     2  hguard.o(.text)
    _terminate_user_alloc                    0x08020589   Thumb Code     2  init_alloc.o(.text)
    _init_user_alloc                         0x0802058b   Thumb Code     2  init_alloc.o(.text)
    __Heap_Full                              0x0802058d   Thumb Code    34  init_alloc.o(.text)
    __Heap_Broken                            0x080205af   Thumb Code     6  init_alloc.o(.text)
    _init_alloc                              0x080205b5   Thumb Code    94  init_alloc.o(.text)
    __Heap_Initialize                        0x08020613   Thumb Code    10  h1_init.o(.text)
    __Heap_DescSize                          0x0802061d   Thumb Code     4  h1_init.o(.text)
    __user_libspace                          0x08020621   Thumb Code     8  libspace.o(.text)
    __user_perproc_libspace                  0x08020621   Thumb Code     0  libspace.o(.text)
    __user_perthread_libspace                0x08020621   Thumb Code     0  libspace.o(.text)
    __I$use$semihosting                      0x08020629   Thumb Code     0  use_no_semi.o(.text)
    __use_no_semihosting_swi                 0x08020629   Thumb Code     2  use_no_semi.o(.text)
    __semihosting_library_function           0x0802062b   Thumb Code     0  indicate_semi.o(.text)
    __user_setup_stackheap                   0x0802062b   Thumb Code    74  sys_stackheap_outer.o(.text)
    __Heap_ProvideMemory                     0x08020675   Thumb Code    52  h1_extend.o(.text)
    _maybe_terminate_alloc                   0x08020675   Thumb Code     0  maybetermalloc1.o(.text)
    exit                                     0x080206a9   Thumb Code    18  exit.o(.text)
    __sig_exit                               0x080206bb   Thumb Code    10  defsig_exit.o(.text)
    __rt_SIGRTMEM                            0x080206c5   Thumb Code    14  defsig_rtmem_outer.o(.text)
    __default_signal_display                 0x080206d3   Thumb Code    50  defsig_general.o(.text)
    __rt_SIGRTMEM_inner                      0x08020705   Thumb Code    22  defsig_rtmem_inner.o(.text)
    _ttywrch                                 0x08020755   Thumb Code    14  sys_wrch.o(.text)
    ADC_ConfigureBoostMode                   0x08020769   Thumb Code   276  stm32h7xx_hal_adc.o(.text.ADC_ConfigureBoostMode)
    ADC_IRQHandler                           0x08020881   Thumb Code    16  stm32h7xx_it.o(.text.ADC_IRQHandler)
    BusFault_Handler                         0x08020891   Thumb Code     2  stm32h7xx_it.o(.text.BusFault_Handler)
    DMA1_Stream0_IRQHandler                  0x08020899   Thumb Code    16  stm32h7xx_it.o(.text.DMA1_Stream0_IRQHandler)
    DebugMon_Handler                         0x08020ea9   Thumb Code     2  stm32h7xx_it.o(.text.DebugMon_Handler)
    Error_Handler                            0x08020eb1   Thumb Code     2  main.o(.text.Error_Handler)
    HAL_ADCEx_EndOfSamplingCallback          0x08020eb9   Thumb Code     2  stm32h7xx_hal_adc_ex.o(.text.HAL_ADCEx_EndOfSamplingCallback)
    HAL_ADCEx_InjectedConvCpltCallback       0x08020ec1   Thumb Code     2  stm32h7xx_hal_adc_ex.o(.text.HAL_ADCEx_InjectedConvCpltCallback)
    HAL_ADCEx_InjectedQueueOverflowCallback  0x08020ec9   Thumb Code     2  stm32h7xx_hal_adc_ex.o(.text.HAL_ADCEx_InjectedQueueOverflowCallback)
    HAL_ADCEx_LevelOutOfWindow2Callback      0x08020ed1   Thumb Code     2  stm32h7xx_hal_adc_ex.o(.text.HAL_ADCEx_LevelOutOfWindow2Callback)
    HAL_ADCEx_LevelOutOfWindow3Callback      0x08020ed9   Thumb Code     2  stm32h7xx_hal_adc_ex.o(.text.HAL_ADCEx_LevelOutOfWindow3Callback)
    HAL_ADCEx_MultiModeConfigChannel         0x08020ee1   Thumb Code   262  stm32h7xx_hal_adc_ex.o(.text.HAL_ADCEx_MultiModeConfigChannel)
    HAL_ADC_ConfigChannel                    0x08020fe9   Thumb Code   748  stm32h7xx_hal_adc.o(.text.HAL_ADC_ConfigChannel)
    HAL_ADC_ConvCpltCallback                 0x080212d9   Thumb Code     2  stm32h7xx_hal_adc.o(.text.HAL_ADC_ConvCpltCallback)
    HAL_ADC_ErrorCallback                    0x080212e1   Thumb Code     2  stm32h7xx_hal_adc.o(.text.HAL_ADC_ErrorCallback)
    HAL_ADC_IRQHandler                       0x080212e9   Thumb Code   616  stm32h7xx_hal_adc.o(.text.HAL_ADC_IRQHandler)
    HAL_ADC_Init                             0x08021551   Thumb Code   550  stm32h7xx_hal_adc.o(.text.HAL_ADC_Init)
    HAL_ADC_LevelOutOfWindowCallback         0x08021779   Thumb Code     2  stm32h7xx_hal_adc.o(.text.HAL_ADC_LevelOutOfWindowCallback)
    HAL_ADC_MspInit                          0x08021781   Thumb Code   202  adc.o(.text.HAL_ADC_MspInit)
    HAL_DMA_Abort_IT                         0x08021851   Thumb Code   686  stm32h7xx_hal_dma.o(.text.HAL_DMA_Abort_IT)
    HAL_DMA_GetError                         0x08021b01   Thumb Code     4  stm32h7xx_hal_dma.o(.text.HAL_DMA_GetError)
    HAL_DMA_IRQHandler                       0x08021b09   Thumb Code  2976  stm32h7xx_hal_dma.o(.text.HAL_DMA_IRQHandler)
    HAL_DMA_Init                             0x080226a9   Thumb Code  1376  stm32h7xx_hal_dma.o(.text.HAL_DMA_Init)
    HAL_DMA_Start_IT                         0x08022c09   Thumb Code  1120  stm32h7xx_hal_dma.o(.text.HAL_DMA_Start_IT)
    HAL_Delay                                0x08023069   Thumb Code    40  stm32h7xx_hal.o(.text.HAL_Delay)
    HAL_GPIO_Init                            0x08023091   Thumb Code   422  stm32h7xx_hal_gpio.o(.text.HAL_GPIO_Init)
    HAL_GPIO_WritePin                        0x08023239   Thumb Code    10  stm32h7xx_hal_gpio.o(.text.HAL_GPIO_WritePin)
    HAL_GetREVID                             0x08023249   Thumb Code    14  stm32h7xx_hal.o(.text.HAL_GetREVID)
    HAL_GetTick                              0x08023259   Thumb Code    12  stm32h7xx_hal.o(.text.HAL_GetTick)
    HAL_IncTick                              0x08023269   Thumb Code    26  stm32h7xx_hal.o(.text.HAL_IncTick)
    HAL_Init                                 0x08023289   Thumb Code   100  stm32h7xx_hal.o(.text.HAL_Init)
    HAL_InitTick                             0x080232f1   Thumb Code    84  stm32h7xx_hal.o(.text.HAL_InitTick)
    HAL_MspInit                              0x08023349   Thumb Code    32  stm32h7xx_hal_msp.o(.text.HAL_MspInit)
    HAL_NVIC_EnableIRQ                       0x08023369   Thumb Code     8  stm32h7xx_hal_cortex.o(.text.HAL_NVIC_EnableIRQ)
    HAL_NVIC_SetPriority                     0x08023371   Thumb Code    30  stm32h7xx_hal_cortex.o(.text.HAL_NVIC_SetPriority)
    HAL_NVIC_SetPriorityGrouping             0x08023391   Thumb Code     8  stm32h7xx_hal_cortex.o(.text.HAL_NVIC_SetPriorityGrouping)
    HAL_PWREx_ConfigSupply                   0x08023399   Thumb Code    72  stm32h7xx_hal_pwr_ex.o(.text.HAL_PWREx_ConfigSupply)
    HAL_RCCEx_GetD3PCLK1Freq                 0x080233e1   Thumb Code    38  stm32h7xx_hal_rcc_ex.o(.text.HAL_RCCEx_GetD3PCLK1Freq)
    HAL_RCCEx_GetPLL1ClockFreq               0x08023409   Thumb Code   292  stm32h7xx_hal_rcc_ex.o(.text.HAL_RCCEx_GetPLL1ClockFreq)
    HAL_RCCEx_GetPLL2ClockFreq               0x08023531   Thumb Code   292  stm32h7xx_hal_rcc_ex.o(.text.HAL_RCCEx_GetPLL2ClockFreq)
    HAL_RCCEx_GetPLL3ClockFreq               0x08023659   Thumb Code   292  stm32h7xx_hal_rcc_ex.o(.text.HAL_RCCEx_GetPLL3ClockFreq)
    HAL_RCCEx_GetPeriphCLKFreq               0x08023781   Thumb Code   640  stm32h7xx_hal_rcc_ex.o(.text.HAL_RCCEx_GetPeriphCLKFreq)
    HAL_RCCEx_PeriphCLKConfig                0x08023a01   Thumb Code  2374  stm32h7xx_hal_rcc_ex.o(.text.HAL_RCCEx_PeriphCLKConfig)
    HAL_RCC_ClockConfig                      0x08024349   Thumb Code   596  stm32h7xx_hal_rcc.o(.text.HAL_RCC_ClockConfig)
    HAL_RCC_GetHCLKFreq                      0x080245a1   Thumb Code    76  stm32h7xx_hal_rcc.o(.text.HAL_RCC_GetHCLKFreq)
    HAL_RCC_GetSysClockFreq                  0x080245f1   Thumb Code   264  stm32h7xx_hal_rcc.o(.text.HAL_RCC_GetSysClockFreq)
    HAL_RCC_OscConfig                        0x080246f9   Thumb Code  1520  stm32h7xx_hal_rcc.o(.text.HAL_RCC_OscConfig)
    HAL_SPI_ErrorCallback                    0x08024ce9   Thumb Code     2  stm32h7xx_hal_spi.o(.text.HAL_SPI_ErrorCallback)
    HAL_SPI_IRQHandler                       0x08024cf1   Thumb Code   590  stm32h7xx_hal_spi.o(.text.HAL_SPI_IRQHandler)
    HAL_SPI_Init                             0x08024f41   Thumb Code   320  stm32h7xx_hal_spi.o(.text.HAL_SPI_Init)
    HAL_SPI_MspInit                          0x08025081   Thumb Code   196  spi.o(.text.HAL_SPI_MspInit)
    HAL_SPI_RxCpltCallback                   0x08025149   Thumb Code     2  stm32h7xx_hal_spi.o(.text.HAL_SPI_RxCpltCallback)
    HAL_SPI_Transmit                         0x08025151   Thumb Code   586  stm32h7xx_hal_spi.o(.text.HAL_SPI_Transmit)
    HAL_SPI_Transmit_DMA                     0x080253a1   Thumb Code   360  stm32h7xx_hal_spi.o(.text.HAL_SPI_Transmit_DMA)
    HAL_SPI_TxCpltCallback                   0x08025509   Thumb Code     2  stm32h7xx_hal_spi.o(.text.HAL_SPI_TxCpltCallback)
    HAL_SPI_TxHalfCpltCallback               0x08025511   Thumb Code     2  stm32h7xx_hal_spi.o(.text.HAL_SPI_TxHalfCpltCallback)
    HAL_SPI_TxRxCpltCallback                 0x08025519   Thumb Code     2  stm32h7xx_hal_spi.o(.text.HAL_SPI_TxRxCpltCallback)
    HAL_SYSTICK_Config                       0x08025521   Thumb Code     8  stm32h7xx_hal_cortex.o(.text.HAL_SYSTICK_Config)
    HAL_TIMEx_Break2Callback                 0x08025529   Thumb Code     2  stm32h7xx_hal_tim_ex.o(.text.HAL_TIMEx_Break2Callback)
    HAL_TIMEx_BreakCallback                  0x08025531   Thumb Code     2  stm32h7xx_hal_tim_ex.o(.text.HAL_TIMEx_BreakCallback)
    HAL_TIMEx_CommutCallback                 0x08025539   Thumb Code     2  stm32h7xx_hal_tim_ex.o(.text.HAL_TIMEx_CommutCallback)
    HAL_TIMEx_MasterConfigSynchronization    0x08025541   Thumb Code   182  stm32h7xx_hal_tim_ex.o(.text.HAL_TIMEx_MasterConfigSynchronization)
    HAL_TIM_Base_Init                        0x080255f9   Thumb Code    96  stm32h7xx_hal_tim.o(.text.HAL_TIM_Base_Init)
    HAL_TIM_Base_MspInit                     0x08025659   Thumb Code   152  tim.o(.text.HAL_TIM_Base_MspInit)
    HAL_TIM_Base_Start_IT                    0x080256f1   Thumb Code    64  stm32h7xx_hal_tim.o(.text.HAL_TIM_Base_Start_IT)
    HAL_TIM_ConfigClockSource                0x08025731   Thumb Code   260  stm32h7xx_hal_tim.o(.text.HAL_TIM_ConfigClockSource)
    HAL_TIM_IC_CaptureCallback               0x08025839   Thumb Code     2  stm32h7xx_hal_tim.o(.text.HAL_TIM_IC_CaptureCallback)
    HAL_TIM_IRQHandler                       0x08025841   Thumb Code   392  stm32h7xx_hal_tim.o(.text.HAL_TIM_IRQHandler)
    HAL_TIM_OC_DelayElapsedCallback          0x080259c9   Thumb Code     2  stm32h7xx_hal_tim.o(.text.HAL_TIM_OC_DelayElapsedCallback)
    HAL_TIM_PWM_PulseFinishedCallback        0x080259d1   Thumb Code     2  stm32h7xx_hal_tim.o(.text.HAL_TIM_PWM_PulseFinishedCallback)
    HAL_TIM_PeriodElapsedCallback            0x080259d9   Thumb Code     2  main.o(.text.HAL_TIM_PeriodElapsedCallback)
    HAL_TIM_TriggerCallback                  0x080259e1   Thumb Code     2  stm32h7xx_hal_tim.o(.text.HAL_TIM_TriggerCallback)
    HardFault_Handler                        0x080259e9   Thumb Code     2  stm32h7xx_it.o(.text.HardFault_Handler)
    ILI9341Init                              0x080259f1   Thumb Code     8  ili9341driverwrapper.o(.text.ILI9341Init)
    ILI9341SetColor                          0x080259f9   Thumb Code     8  ili9341driverwrapper.o(.text.ILI9341SetColor)
    ILI9341_AddPointToWave                   0x08025a01   Thumb Code     8  ili9341driverwrapper.o(.text.ILI9341_AddPointToWave)
    ILI9341_AppendList                       0x08025a09   Thumb Code     8  ili9341driverwrapper.o(.text.ILI9341_AppendList)
    ILI9341_InitWave                         0x08025a11   Thumb Code     8  ili9341driverwrapper.o(.text.ILI9341_InitWave)
    ILI9341_Set_Rotation                     0x08025a19   Thumb Code     8  ili9341driverwrapper.o(.text.ILI9341_Set_Rotation)
    ILI9341_UpdateWave                       0x08025a21   Thumb Code     8  ili9341driverwrapper.o(.text.ILI9341_UpdateWave)
    MX_ADC1_Init                             0x08025ba9   Thumb Code   242  adc.o(.text.MX_ADC1_Init)
    MX_DMA_Init                              0x08025ca1   Thumb Code    50  dma.o(.text.MX_DMA_Init)
    MX_GPIO_Init                             0x08025cd9   Thumb Code   206  gpio.o(.text.MX_GPIO_Init)
    MX_SPI2_Init                             0x08025da9   Thumb Code    92  spi.o(.text.MX_SPI2_Init)
    MX_TIM17_Init                            0x08025e09   Thumb Code    58  tim.o(.text.MX_TIM17_Init)
    MX_TIM1_Init                             0x08025e49   Thumb Code   128  tim.o(.text.MX_TIM1_Init)
    MX_TIM3_Init                             0x08025ec9   Thumb Code   124  tim.o(.text.MX_TIM3_Init)
    MemManage_Handler                        0x08025f49   Thumb Code     2  stm32h7xx_it.o(.text.MemManage_Handler)
    NMI_Handler                              0x08025f51   Thumb Code     2  stm32h7xx_it.o(.text.NMI_Handler)
    NewLCDGet                                0x08025f89   Thumb Code    12  ili9341driverwrapper.o(.text.NewLCDGet)
    PendSV_Handler                           0x08025f99   Thumb Code     2  stm32h7xx_it.o(.text.PendSV_Handler)
    SPI2_IRQHandler                          0x080261e1   Thumb Code    16  stm32h7xx_it.o(.text.SPI2_IRQHandler)
    SVC_Handler                              0x08026381   Thumb Code     2  stm32h7xx_it.o(.text.SVC_Handler)
    SysTick_Handler                          0x080263b9   Thumb Code     8  stm32h7xx_it.o(.text.SysTick_Handler)
    SystemClock_Config                       0x080263c1   Thumb Code   238  main.o(.text.SystemClock_Config)
    SystemInit                               0x080264b1   Thumb Code   218  system_stm32h7xx.o(.text.SystemInit)
    TIM17_IRQHandler                         0x08026591   Thumb Code    16  stm32h7xx_it.o(.text.TIM17_IRQHandler)
    TIM_Base_SetConfig                       0x080265a1   Thumb Code   314  stm32h7xx_hal_tim.o(.text.TIM_Base_SetConfig)
    TIM_ETR_SetConfig                        0x080266e1   Thumb Code    20  stm32h7xx_hal_tim.o(.text.TIM_ETR_SetConfig)
    UsageFault_Handler                       0x08026761   Thumb Code     2  stm32h7xx_it.o(.text.UsageFault_Handler)
    ili9341Driver::ILI9341Reset()            0x08026769   Thumb Code    42  ili9341driver.o(.text._ZN13ili9341Driver12ILI9341ResetEv)
    ili9341Driver::ILI9341_init(__SPI_HandleTypeDef*) 0x08026799   Thumb Code   704  ili9341driver.o(.text._ZN13ili9341Driver12ILI9341_initEP19__SPI_HandleTypeDef)
    ili9341Driver::ILI9341Enable()           0x08026a59   Thumb Code    22  ili9341driver.o(.text._ZN13ili9341Driver13ILI9341EnableEv)
    ili9341Driver::ILI9341_DrawChar(unsigned short, unsigned short, unsigned short, unsigned short, unsigned char*) 0x08026a71   Thumb Code   452  ili9341driver.o(.text._ZN13ili9341Driver16ILI9341_DrawCharEttttPh)
    ili9341Driver::ILI9341_DrawText(unsigned char*, unsigned char, unsigned char, unsigned short, unsigned short, unsigned short) 0x08026c39   Thumb Code    28  ili9341driver.o(.text._ZN13ili9341Driver16ILI9341_DrawTextEPhhhttt)
    ili9341Driver::ILI9341_SPI_Send(unsigned char) 0x08026c59   Thumb Code    34  ili9341driver.o(.text._ZN13ili9341Driver16ILI9341_SPI_SendEh)
    ili9341Driver::ILI9341_WriteCmd(unsigned char) 0x08026c81   Thumb Code    34  ili9341driver.o(.text._ZN13ili9341Driver16ILI9341_WriteCmdEh)
    ili9341Driver::ILI9341_DrawPixel(unsigned short, unsigned short, unsigned short) 0x08026ca9   Thumb Code   244  ili9341driver.o(.text._ZN13ili9341Driver17ILI9341_DrawPixelEttt)
    ili9341Driver::ILI9341_WriteData(unsigned char) 0x08026da1   Thumb Code    34  ili9341driver.o(.text._ZN13ili9341Driver17ILI9341_WriteDataEh)
    ili9341Driver::ILI9341_AppendList(unsigned char*) 0x08026dc9   Thumb Code   166  ili9341driver.o(.text._ZN13ili9341Driver18ILI9341_AppendListEPh)
    ili9341Driver::ILI9341_FillScreen(unsigned short) 0x08026e71   Thumb Code    44  ili9341driver.o(.text._ZN13ili9341Driver18ILI9341_FillScreenEt)
    ili9341Driver::ILI9341_SetAddress(unsigned short, unsigned short, unsigned short, unsigned short) 0x08026ea1   Thumb Code   110  ili9341driver.o(.text._ZN13ili9341Driver18ILI9341_SetAddressEtttt)
    ili9341Driver::ILI9341_SetRotation(unsigned char) 0x08026f11   Thumb Code    82  ili9341driver.o(.text._ZN13ili9341Driver19ILI9341_SetRotationEh)
    ili9341Driver::ILI9341_DrawLineToMEM(unsigned short, unsigned short, unsigned short, unsigned short) 0x08026f69   Thumb Code   194  ili9341driver.o(.text._ZN13ili9341Driver21ILI9341_DrawLineToMEMEtttt)
    ili9341Driver::ILI9341_ClearReaginSet(int, int, int, int) 0x08027031   Thumb Code    62  ili9341driver.o(.text._ZN13ili9341Driver22ILI9341_ClearReaginSetEiiii)
    ili9341Driver::ILI9341_DrawPointToMEM(unsigned short, unsigned short) 0x08027071   Thumb Code    20  ili9341driver.o(.text._ZN13ili9341Driver22ILI9341_DrawPointToMEMEtt)
    ili9341Driver::ILI9341_DrawColourBurst(unsigned short, unsigned int) 0x08027089   Thumb Code   162  ili9341driver.o(.text._ZN13ili9341Driver23ILI9341_DrawColourBurstEtj)
    ili9341Driver::ILI9341_InitDynamicGraph(unsigned int, unsigned int) 0x08027131   Thumb Code    42  ili9341driver.o(.text._ZN13ili9341Driver24ILI9341_InitDynamicGraphEjj)
    ili9341Driver::ILI9341_UpdateDynamicGraph() 0x08027161   Thumb Code   148  ili9341driver.o(.text._ZN13ili9341Driver26ILI9341_UpdateDynamicGraphEv)
    ili9341Driver::ILI9341_AddLineToDynamicGraph() 0x080271f9   Thumb Code   176  ili9341driver.o(.text._ZN13ili9341Driver29ILI9341_AddLineToDynamicGraphEv)
    ili9341Driver::ILI9341_AddPointToDynamicGraph(unsigned short) 0x080272a9   Thumb Code    32  ili9341driver.o(.text._ZN13ili9341Driver30ILI9341_AddPointToDynamicGraphEt)
    std::get_new_handler()                   0x080272c9   Thumb Code    12  cxa_handlers.cpp.o(.text._ZSt15get_new_handlerv)
    operator new(unsigned int)               0x080272d5   Thumb Code    38  new.cpp.o(.text._Znwj)
    main                                     0x08027379   Thumb Code   176  main.o(.text.main)
    _fp_init                                 0x08027429   Thumb Code    26  fpinit.o(x$fpl$fpinit)
    __fplib_config_fpu_vfp                   0x08027441   Thumb Code     0  fpinit.o(x$fpl$fpinit)
    __fplib_config_pureend_doubles           0x08027441   Thumb Code     0  fpinit.o(x$fpl$fpinit)
    D1CorePrescTable                         0x08027442   Data          16  system_stm32h7xx.o(.rodata.D1CorePrescTable)
    asc16                                    0x08027452   Data        1521  font.o(.rodata.asc16)
    hz16                                     0x08027a43   Data          34  font.o(.rodata.hz16)
    Region$$Table$$Base                      0x08027a68   Number         0  anon$$obj.o(Region$$Table)
    Region$$Table$$Limit                     0x08027a88   Number         0  anon$$obj.o(Region$$Table)
    SystemCoreClock                          0x24000000   Data           4  system_stm32h7xx.o(.data.SystemCoreClock)
    SystemD2Clock                            0x24000004   Data           4  system_stm32h7xx.o(.data.SystemD2Clock)
    str1                                     0x24000008   Data          12  main.o(.data.str1)
    uwTickFreq                               0x24000014   Data           1  stm32h7xx_hal.o(.data.uwTickFreq)
    uwTickPrio                               0x24000018   Data           4  stm32h7xx_hal.o(.data.uwTickPrio)
    __libspace_start                         0x24000020   Data          96  libspace.o(.bss)
    LCD1                                     0x24000080   Data           4  main.o(.bss.LCD1)
    __temporary_stack_top$libspace           0x24000080   Data           0  libspace.o(.bss)
    UpDateFlag                               0x24000084   Data           1  main.o(.bss.UpDateFlag)
    __cxa_new_handler                        0x240000c8   Data           4  cxa_handlers.cpp.o(.bss.__cxa_new_handler)
    hadc1                                    0x240000cc   Data         100  adc.o(.bss.hadc1)
    hdma_spi2_tx                             0x24000130   Data         120  spi.o(.bss.hdma_spi2_tx)
    hspi2                                    0x240001a8   Data         136  spi.o(.bss.hspi2)
    htim1                                    0x24000230   Data          76  tim.o(.bss.htim1)
    htim17                                   0x2400027c   Data          76  tim.o(.bss.htim17)
    htim3                                    0x240002c8   Data          76  tim.o(.bss.htim3)
    temp1                                    0x24000314   Data           2  ili9341driver.o(.bss.temp1)
    temp2                                    0x24000316   Data           2  ili9341driver.o(.bss.temp2)
    uwTick                                   0x24000318   Data           4  stm32h7xx_hal.o(.bss.uwTick)



==============================================================================

Memory Map of the image

  Image Entry point : 0x08020299

  Load Region LR_IROM1 (Base: 0x08020000, Size: 0x00007aa8, Max: 0x00200000, ABSOLUTE)

    Execution Region ER_IROM1 (Exec base: 0x08020000, Load base: 0x08020000, Size: 0x00007a88, Max: 0x00200000, ABSOLUTE)

    Exec Addr    Load Addr    Size         Type   Attr      Idx    E Section Name        Object

    0x08020000   0x08020000   0x00000298   Data   RO            3    RESET               startup_stm32h743xx.o
    0x08020298   0x08020298   0x00000008   Code   RO         1901  * !!!main             c_w.l(__main.o)
    0x080202a0   0x080202a0   0x00000034   Code   RO         2256    !!!scatter          c_w.l(__scatter.o)
    0x080202d4   0x080202d4   0x0000001a   Code   RO         2258    !!handler_copy      c_w.l(__scatter_copy.o)
    0x080202ee   0x080202ee   0x00000002   PAD
    0x080202f0   0x080202f0   0x0000001c   Code   RO         2260    !!handler_zi        c_w.l(__scatter_zi.o)
    0x0802030c   0x0802030c   0x00000002   Code   RO         2187    .ARM.Collect$$libinit$$00000000  c_w.l(libinit.o)
    0x0802030e   0x0802030e   0x00000004   Code   RO         2088    .ARM.Collect$$libinit$$00000001  c_w.l(libinit2.o)
    0x08020312   0x08020312   0x00000000   Code   RO         2091    .ARM.Collect$$libinit$$00000004  c_w.l(libinit2.o)
    0x08020312   0x08020312   0x00000008   Code   RO         2092    .ARM.Collect$$libinit$$00000005  c_w.l(libinit2.o)
    0x0802031a   0x0802031a   0x00000000   Code   RO         2094    .ARM.Collect$$libinit$$0000000A  c_w.l(libinit2.o)
    0x0802031a   0x0802031a   0x00000000   Code   RO         2096    .ARM.Collect$$libinit$$0000000C  c_w.l(libinit2.o)
    0x0802031a   0x0802031a   0x00000000   Code   RO         2098    .ARM.Collect$$libinit$$0000000E  c_w.l(libinit2.o)
    0x0802031a   0x0802031a   0x00000000   Code   RO         2101    .ARM.Collect$$libinit$$00000011  c_w.l(libinit2.o)
    0x0802031a   0x0802031a   0x00000000   Code   RO         2103    .ARM.Collect$$libinit$$00000013  c_w.l(libinit2.o)
    0x0802031a   0x0802031a   0x00000000   Code   RO         2105    .ARM.Collect$$libinit$$00000015  c_w.l(libinit2.o)
    0x0802031a   0x0802031a   0x00000000   Code   RO         2107    .ARM.Collect$$libinit$$00000017  c_w.l(libinit2.o)
    0x0802031a   0x0802031a   0x00000000   Code   RO         2109    .ARM.Collect$$libinit$$00000019  c_w.l(libinit2.o)
    0x0802031a   0x0802031a   0x00000000   Code   RO         2111    .ARM.Collect$$libinit$$0000001B  c_w.l(libinit2.o)
    0x0802031a   0x0802031a   0x00000000   Code   RO         2113    .ARM.Collect$$libinit$$0000001D  c_w.l(libinit2.o)
    0x0802031a   0x0802031a   0x00000000   Code   RO         2115    .ARM.Collect$$libinit$$0000001F  c_w.l(libinit2.o)
    0x0802031a   0x0802031a   0x00000000   Code   RO         2117    .ARM.Collect$$libinit$$00000021  c_w.l(libinit2.o)
    0x0802031a   0x0802031a   0x00000000   Code   RO         2119    .ARM.Collect$$libinit$$00000023  c_w.l(libinit2.o)
    0x0802031a   0x0802031a   0x00000000   Code   RO         2121    .ARM.Collect$$libinit$$00000025  c_w.l(libinit2.o)
    0x0802031a   0x0802031a   0x00000000   Code   RO         2125    .ARM.Collect$$libinit$$0000002C  c_w.l(libinit2.o)
    0x0802031a   0x0802031a   0x00000000   Code   RO         2127    .ARM.Collect$$libinit$$0000002E  c_w.l(libinit2.o)
    0x0802031a   0x0802031a   0x00000000   Code   RO         2129    .ARM.Collect$$libinit$$00000030  c_w.l(libinit2.o)
    0x0802031a   0x0802031a   0x00000000   Code   RO         2131    .ARM.Collect$$libinit$$00000032  c_w.l(libinit2.o)
    0x0802031a   0x0802031a   0x00000002   Code   RO         2132    .ARM.Collect$$libinit$$00000033  c_w.l(libinit2.o)
    0x0802031c   0x0802031c   0x00000002   Code   RO         2253    .ARM.Collect$$libshutdown$$00000000  c_w.l(libshutdown.o)
    0x0802031e   0x0802031e   0x00000000   Code   RO         2222    .ARM.Collect$$libshutdown$$00000002  c_w.l(libshutdown2.o)
    0x0802031e   0x0802031e   0x00000000   Code   RO         2224    .ARM.Collect$$libshutdown$$00000004  c_w.l(libshutdown2.o)
    0x0802031e   0x0802031e   0x00000000   Code   RO         2227    .ARM.Collect$$libshutdown$$00000007  c_w.l(libshutdown2.o)
    0x0802031e   0x0802031e   0x00000000   Code   RO         2230    .ARM.Collect$$libshutdown$$0000000A  c_w.l(libshutdown2.o)
    0x0802031e   0x0802031e   0x00000000   Code   RO         2232    .ARM.Collect$$libshutdown$$0000000C  c_w.l(libshutdown2.o)
    0x0802031e   0x0802031e   0x00000000   Code   RO         2235    .ARM.Collect$$libshutdown$$0000000F  c_w.l(libshutdown2.o)
    0x0802031e   0x0802031e   0x00000002   Code   RO         2236    .ARM.Collect$$libshutdown$$00000010  c_w.l(libshutdown2.o)
    0x08020320   0x08020320   0x00000000   Code   RO         1948    .ARM.Collect$$rtentry$$00000000  c_w.l(__rtentry.o)
    0x08020320   0x08020320   0x00000000   Code   RO         2045    .ARM.Collect$$rtentry$$00000002  c_w.l(__rtentry2.o)
    0x08020320   0x08020320   0x00000006   Code   RO         2057    .ARM.Collect$$rtentry$$00000004  c_w.l(__rtentry4.o)
    0x08020326   0x08020326   0x00000000   Code   RO         2047    .ARM.Collect$$rtentry$$00000009  c_w.l(__rtentry2.o)
    0x08020326   0x08020326   0x00000004   Code   RO         2048    .ARM.Collect$$rtentry$$0000000A  c_w.l(__rtentry2.o)
    0x0802032a   0x0802032a   0x00000000   Code   RO         2050    .ARM.Collect$$rtentry$$0000000C  c_w.l(__rtentry2.o)
    0x0802032a   0x0802032a   0x00000008   Code   RO         2051    .ARM.Collect$$rtentry$$0000000D  c_w.l(__rtentry2.o)
    0x08020332   0x08020332   0x00000002   Code   RO         2190    .ARM.Collect$$rtexit$$00000000  c_w.l(rtexit.o)
    0x08020334   0x08020334   0x00000000   Code   RO         2209    .ARM.Collect$$rtexit$$00000002  c_w.l(rtexit2.o)
    0x08020334   0x08020334   0x00000004   Code   RO         2210    .ARM.Collect$$rtexit$$00000003  c_w.l(rtexit2.o)
    0x08020338   0x08020338   0x00000006   Code   RO         2211    .ARM.Collect$$rtexit$$00000004  c_w.l(rtexit2.o)
    0x0802033e   0x0802033e   0x00000002   PAD
    0x08020340   0x08020340   0x00000040   Code   RO            4    .text               startup_stm32h743xx.o
    0x08020380   0x08020380   0x0000008a   Code   RO         1895    .text               c_w.l(rt_memcpy_v6.o)
    0x0802040a   0x0802040a   0x0000004e   Code   RO         1897    .text               c_w.l(rt_memclr_w.o)
    0x08020458   0x08020458   0x00000006   Code   RO         1899    .text               c_w.l(heapauxi.o)
    0x0802045e   0x0802045e   0x0000005e   Code   RO         1953    .text               c_w.l(h1_alloc.o)
    0x080204bc   0x080204bc   0x0000004e   Code   RO         1955    .text               c_w.l(h1_free.o)
    0x0802050a   0x0802050a   0x00000064   Code   RO         2017    .text               c_w.l(rt_memcpy_w.o)
    0x0802056e   0x0802056e   0x00000002   PAD
    0x08020570   0x08020570   0x0000000c   Code   RO         2038    .text               c_w.l(sys_exit.o)
    0x0802057c   0x0802057c   0x00000008   Code   RO         2062    .text               c_w.l(rt_heap_descriptor_intlibspace.o)
    0x08020584   0x08020584   0x00000004   Code   RO         2064    .text               c_w.l(hguard.o)
    0x08020588   0x08020588   0x0000008a   Code   RO         2066    .text               c_w.l(init_alloc.o)
    0x08020612   0x08020612   0x0000000e   Code   RO         2070    .text               c_w.l(h1_init.o)
    0x08020620   0x08020620   0x00000008   Code   RO         2149    .text               c_w.l(libspace.o)
    0x08020628   0x08020628   0x00000002   Code   RO         2152    .text               c_w.l(use_no_semi.o)
    0x0802062a   0x0802062a   0x00000000   Code   RO         2154    .text               c_w.l(indicate_semi.o)
    0x0802062a   0x0802062a   0x0000004a   Code   RO         2155    .text               c_w.l(sys_stackheap_outer.o)
    0x08020674   0x08020674   0x00000000   Code   RO         2161    .text               c_w.l(maybetermalloc1.o)
    0x08020674   0x08020674   0x00000034   Code   RO         2163    .text               c_w.l(h1_extend.o)
    0x080206a8   0x080206a8   0x00000012   Code   RO         2167    .text               c_w.l(exit.o)
    0x080206ba   0x080206ba   0x0000000a   Code   RO         2169    .text               c_w.l(defsig_exit.o)
    0x080206c4   0x080206c4   0x0000000e   Code   RO         2173    .text               c_w.l(defsig_rtmem_outer.o)
    0x080206d2   0x080206d2   0x00000032   Code   RO         2196    .text               c_w.l(defsig_general.o)
    0x08020704   0x08020704   0x00000050   Code   RO         2198    .text               c_w.l(defsig_rtmem_inner.o)
    0x08020754   0x08020754   0x0000000e   Code   RO         2204    .text               c_w.l(sys_wrch.o)
    0x08020762   0x08020762   0x00000006   PAD
    0x08020768   0x08020768   0x00000114   Code   RO          164    .text.ADC_ConfigureBoostMode  stm32h7xx_hal_adc.o
    0x0802087c   0x0802087c   0x00000004   PAD
    0x08020880   0x08020880   0x00000010   Code   RO          123    .text.ADC_IRQHandler  stm32h7xx_it.o
    0x08020890   0x08020890   0x00000002   Code   RO          109    .text.BusFault_Handler  stm32h7xx_it.o
    0x08020892   0x08020892   0x00000006   PAD
    0x08020898   0x08020898   0x00000010   Code   RO          121    .text.DMA1_Stream0_IRQHandler  stm32h7xx_it.o
    0x080208a8   0x080208a8   0x0000011c   Code   RO          663    .text.DMA_CalcBaseAndBitshift  stm32h7xx_hal_dma.o
    0x080209c4   0x080209c4   0x00000004   PAD
    0x080209c8   0x080209c8   0x000000ec   Code   RO          665    .text.DMA_CalcDMAMUXChannelBaseAndMask  stm32h7xx_hal_dma.o
    0x08020ab4   0x08020ab4   0x00000004   PAD
    0x08020ab8   0x08020ab8   0x000000ae   Code   RO          667    .text.DMA_CalcDMAMUXRequestGenBaseAndMask  stm32h7xx_hal_dma.o
    0x08020b66   0x08020b66   0x00000002   PAD
    0x08020b68   0x08020b68   0x00000050   Code   RO          661    .text.DMA_CheckFifoParam  stm32h7xx_hal_dma.o
    0x08020bb8   0x08020bb8   0x000002ee   Code   RO          673    .text.DMA_SetConfig  stm32h7xx_hal_dma.o
    0x08020ea6   0x08020ea6   0x00000002   PAD
    0x08020ea8   0x08020ea8   0x00000002   Code   RO          115    .text.DebugMon_Handler  stm32h7xx_it.o
    0x08020eaa   0x08020eaa   0x00000006   PAD
    0x08020eb0   0x08020eb0   0x00000002   Code   RO           15    .text.Error_Handler  main.o
    0x08020eb2   0x08020eb2   0x00000006   PAD
    0x08020eb8   0x08020eb8   0x00000002   Code   RO          354    .text.HAL_ADCEx_EndOfSamplingCallback  stm32h7xx_hal_adc_ex.o
    0x08020eba   0x08020eba   0x00000006   PAD
    0x08020ec0   0x08020ec0   0x00000002   Code   RO          346    .text.HAL_ADCEx_InjectedConvCpltCallback  stm32h7xx_hal_adc_ex.o
    0x08020ec2   0x08020ec2   0x00000006   PAD
    0x08020ec8   0x08020ec8   0x00000002   Code   RO          348    .text.HAL_ADCEx_InjectedQueueOverflowCallback  stm32h7xx_hal_adc_ex.o
    0x08020eca   0x08020eca   0x00000006   PAD
    0x08020ed0   0x08020ed0   0x00000002   Code   RO          350    .text.HAL_ADCEx_LevelOutOfWindow2Callback  stm32h7xx_hal_adc_ex.o
    0x08020ed2   0x08020ed2   0x00000006   PAD
    0x08020ed8   0x08020ed8   0x00000002   Code   RO          352    .text.HAL_ADCEx_LevelOutOfWindow3Callback  stm32h7xx_hal_adc_ex.o
    0x08020eda   0x08020eda   0x00000006   PAD
    0x08020ee0   0x08020ee0   0x00000106   Code   RO          380    .text.HAL_ADCEx_MultiModeConfigChannel  stm32h7xx_hal_adc_ex.o
    0x08020fe6   0x08020fe6   0x00000002   PAD
    0x08020fe8   0x08020fe8   0x000002ec   Code   RO          222    .text.HAL_ADC_ConfigChannel  stm32h7xx_hal_adc.o
    0x080212d4   0x080212d4   0x00000004   PAD
    0x080212d8   0x080212d8   0x00000002   Code   RO          212    .text.HAL_ADC_ConvCpltCallback  stm32h7xx_hal_adc.o
    0x080212da   0x080212da   0x00000006   PAD
    0x080212e0   0x080212e0   0x00000002   Code   RO          218    .text.HAL_ADC_ErrorCallback  stm32h7xx_hal_adc.o
    0x080212e2   0x080212e2   0x00000006   PAD
    0x080212e8   0x080212e8   0x00000268   Code   RO          210    .text.HAL_ADC_IRQHandler  stm32h7xx_hal_adc.o
    0x08021550   0x08021550   0x00000226   Code   RO          144    .text.HAL_ADC_Init  stm32h7xx_hal_adc.o
    0x08021776   0x08021776   0x00000002   PAD
    0x08021778   0x08021778   0x00000002   Code   RO          216    .text.HAL_ADC_LevelOutOfWindowCallback  stm32h7xx_hal_adc.o
    0x0802177a   0x0802177a   0x00000006   PAD
    0x08021780   0x08021780   0x000000ca   Code   RO           44    .text.HAL_ADC_MspInit  adc.o
    0x0802184a   0x0802184a   0x00000006   PAD
    0x08021850   0x08021850   0x000002ae   Code   RO          679    .text.HAL_DMA_Abort_IT  stm32h7xx_hal_dma.o
    0x08021afe   0x08021afe   0x00000002   PAD
    0x08021b00   0x08021b00   0x00000004   Code   RO          691    .text.HAL_DMA_GetError  stm32h7xx_hal_dma.o
    0x08021b04   0x08021b04   0x00000004   PAD
    0x08021b08   0x08021b08   0x00000ba0   Code   RO          683    .text.HAL_DMA_IRQHandler  stm32h7xx_hal_dma.o
    0x080226a8   0x080226a8   0x00000560   Code   RO          659    .text.HAL_DMA_Init  stm32h7xx_hal_dma.o
    0x08022c08   0x08022c08   0x00000460   Code   RO          675    .text.HAL_DMA_Start_IT  stm32h7xx_hal_dma.o
    0x08023068   0x08023068   0x00000028   Code   RO         1001    .text.HAL_Delay     stm32h7xx_hal.o
    0x08023090   0x08023090   0x000001a6   Code   RO          605    .text.HAL_GPIO_Init  stm32h7xx_hal_gpio.o
    0x08023236   0x08023236   0x00000002   PAD
    0x08023238   0x08023238   0x0000000a   Code   RO          611    .text.HAL_GPIO_WritePin  stm32h7xx_hal_gpio.o
    0x08023242   0x08023242   0x00000006   PAD
    0x08023248   0x08023248   0x0000000e   Code   RO         1009    .text.HAL_GetREVID  stm32h7xx_hal.o
    0x08023256   0x08023256   0x00000002   PAD
    0x08023258   0x08023258   0x0000000c   Code   RO          993    .text.HAL_GetTick   stm32h7xx_hal.o
    0x08023264   0x08023264   0x00000004   PAD
    0x08023268   0x08023268   0x0000001a   Code   RO          991    .text.HAL_IncTick   stm32h7xx_hal.o
    0x08023282   0x08023282   0x00000006   PAD
    0x08023288   0x08023288   0x00000064   Code   RO          981    .text.HAL_Init      stm32h7xx_hal.o
    0x080232ec   0x080232ec   0x00000004   PAD
    0x080232f0   0x080232f0   0x00000054   Code   RO          983    .text.HAL_InitTick  stm32h7xx_hal.o
    0x08023344   0x08023344   0x00000004   PAD
    0x08023348   0x08023348   0x00000020   Code   RO          136    .text.HAL_MspInit   stm32h7xx_hal_msp.o
    0x08023368   0x08023368   0x00000008   Code   RO          919    .text.HAL_NVIC_EnableIRQ  stm32h7xx_hal_cortex.o
    0x08023370   0x08023370   0x0000001e   Code   RO          911    .text.HAL_NVIC_SetPriority  stm32h7xx_hal_cortex.o
    0x0802338e   0x0802338e   0x00000002   PAD
    0x08023390   0x08023390   0x00000008   Code   RO          907    .text.HAL_NVIC_SetPriorityGrouping  stm32h7xx_hal_cortex.o
    0x08023398   0x08023398   0x00000048   Code   RO          819    .text.HAL_PWREx_ConfigSupply  stm32h7xx_hal_pwr_ex.o
    0x080233e0   0x080233e0   0x00000026   Code   RO          456    .text.HAL_RCCEx_GetD3PCLK1Freq  stm32h7xx_hal_rcc_ex.o
    0x08023406   0x08023406   0x00000002   PAD
    0x08023408   0x08023408   0x00000124   Code   RO          450    .text.HAL_RCCEx_GetPLL1ClockFreq  stm32h7xx_hal_rcc_ex.o
    0x0802352c   0x0802352c   0x00000004   PAD
    0x08023530   0x08023530   0x00000124   Code   RO          452    .text.HAL_RCCEx_GetPLL2ClockFreq  stm32h7xx_hal_rcc_ex.o
    0x08023654   0x08023654   0x00000004   PAD
    0x08023658   0x08023658   0x00000124   Code   RO          454    .text.HAL_RCCEx_GetPLL3ClockFreq  stm32h7xx_hal_rcc_ex.o
    0x0802377c   0x0802377c   0x00000004   PAD
    0x08023780   0x08023780   0x00000280   Code   RO          448    .text.HAL_RCCEx_GetPeriphCLKFreq  stm32h7xx_hal_rcc_ex.o
    0x08023a00   0x08023a00   0x00000946   Code   RO          440    .text.HAL_RCCEx_PeriphCLKConfig  stm32h7xx_hal_rcc_ex.o
    0x08024346   0x08024346   0x00000002   PAD
    0x08024348   0x08024348   0x00000254   Code   RO          408    .text.HAL_RCC_ClockConfig  stm32h7xx_hal_rcc.o
    0x0802459c   0x0802459c   0x00000004   PAD
    0x080245a0   0x080245a0   0x0000004c   Code   RO          418    .text.HAL_RCC_GetHCLKFreq  stm32h7xx_hal_rcc.o
    0x080245ec   0x080245ec   0x00000004   PAD
    0x080245f0   0x080245f0   0x00000108   Code   RO          410    .text.HAL_RCC_GetSysClockFreq  stm32h7xx_hal_rcc.o
    0x080246f8   0x080246f8   0x000005f0   Code   RO          406    .text.HAL_RCC_OscConfig  stm32h7xx_hal_rcc.o
    0x08024ce8   0x08024ce8   0x00000002   Code   RO         1386    .text.HAL_SPI_ErrorCallback  stm32h7xx_hal_spi.o
    0x08024cea   0x08024cea   0x00000006   PAD
    0x08024cf0   0x08024cf0   0x0000024e   Code   RO         1384    .text.HAL_SPI_IRQHandler  stm32h7xx_hal_spi.o
    0x08024f3e   0x08024f3e   0x00000002   PAD
    0x08024f40   0x08024f40   0x00000140   Code   RO         1308    .text.HAL_SPI_Init  stm32h7xx_hal_spi.o
    0x08025080   0x08025080   0x000000c4   Code   RO           68    .text.HAL_SPI_MspInit  spi.o
    0x08025144   0x08025144   0x00000004   PAD
    0x08025148   0x08025148   0x00000002   Code   RO         1390    .text.HAL_SPI_RxCpltCallback  stm32h7xx_hal_spi.o
    0x0802514a   0x0802514a   0x00000006   PAD
    0x08025150   0x08025150   0x0000024a   Code   RO         1318    .text.HAL_SPI_Transmit  stm32h7xx_hal_spi.o
    0x0802539a   0x0802539a   0x00000006   PAD
    0x080253a0   0x080253a0   0x00000168   Code   RO         1346    .text.HAL_SPI_Transmit_DMA  stm32h7xx_hal_spi.o
    0x08025508   0x08025508   0x00000002   Code   RO         1392    .text.HAL_SPI_TxCpltCallback  stm32h7xx_hal_spi.o
    0x0802550a   0x0802550a   0x00000006   PAD
    0x08025510   0x08025510   0x00000002   Code   RO         1396    .text.HAL_SPI_TxHalfCpltCallback  stm32h7xx_hal_spi.o
    0x08025512   0x08025512   0x00000006   PAD
    0x08025518   0x08025518   0x00000002   Code   RO         1388    .text.HAL_SPI_TxRxCpltCallback  stm32h7xx_hal_spi.o
    0x0802551a   0x0802551a   0x00000006   PAD
    0x08025520   0x08025520   0x00000008   Code   RO          931    .text.HAL_SYSTICK_Config  stm32h7xx_hal_cortex.o
    0x08025528   0x08025528   0x00000002   Code   RO         1764    .text.HAL_TIMEx_Break2Callback  stm32h7xx_hal_tim_ex.o
    0x0802552a   0x0802552a   0x00000006   PAD
    0x08025530   0x08025530   0x00000002   Code   RO         1762    .text.HAL_TIMEx_BreakCallback  stm32h7xx_hal_tim_ex.o
    0x08025532   0x08025532   0x00000006   PAD
    0x08025538   0x08025538   0x00000002   Code   RO         1758    .text.HAL_TIMEx_CommutCallback  stm32h7xx_hal_tim_ex.o
    0x0802553a   0x0802553a   0x00000006   PAD
    0x08025540   0x08025540   0x000000b6   Code   RO         1746    .text.HAL_TIMEx_MasterConfigSynchronization  stm32h7xx_hal_tim_ex.o
    0x080255f6   0x080255f6   0x00000002   PAD
    0x080255f8   0x080255f8   0x00000060   Code   RO         1428    .text.HAL_TIM_Base_Init  stm32h7xx_hal_tim.o
    0x08025658   0x08025658   0x00000098   Code   RO           88    .text.HAL_TIM_Base_MspInit  tim.o
    0x080256f0   0x080256f0   0x00000040   Code   RO         1442    .text.HAL_TIM_Base_Start_IT  stm32h7xx_hal_tim.o
    0x08025730   0x08025730   0x00000104   Code   RO         1624    .text.HAL_TIM_ConfigClockSource  stm32h7xx_hal_tim.o
    0x08025834   0x08025834   0x00000004   PAD
    0x08025838   0x08025838   0x00000002   Code   RO         1564    .text.HAL_TIM_IC_CaptureCallback  stm32h7xx_hal_tim.o
    0x0802583a   0x0802583a   0x00000006   PAD
    0x08025840   0x08025840   0x00000188   Code   RO         1562    .text.HAL_TIM_IRQHandler  stm32h7xx_hal_tim.o
    0x080259c8   0x080259c8   0x00000002   Code   RO         1566    .text.HAL_TIM_OC_DelayElapsedCallback  stm32h7xx_hal_tim.o
    0x080259ca   0x080259ca   0x00000006   PAD
    0x080259d0   0x080259d0   0x00000002   Code   RO         1568    .text.HAL_TIM_PWM_PulseFinishedCallback  stm32h7xx_hal_tim.o
    0x080259d2   0x080259d2   0x00000006   PAD
    0x080259d8   0x080259d8   0x00000002   Code   RO           17    .text.HAL_TIM_PeriodElapsedCallback  main.o
    0x080259da   0x080259da   0x00000006   PAD
    0x080259e0   0x080259e0   0x00000002   Code   RO         1572    .text.HAL_TIM_TriggerCallback  stm32h7xx_hal_tim.o
    0x080259e2   0x080259e2   0x00000006   PAD
    0x080259e8   0x080259e8   0x00000002   Code   RO          105    .text.HardFault_Handler  stm32h7xx_it.o
    0x080259ea   0x080259ea   0x00000006   PAD
    0x080259f0   0x080259f0   0x00000008   Code   RO         1797    .text.ILI9341Init   ili9341driverwrapper.o
    0x080259f8   0x080259f8   0x00000008   Code   RO         1795    .text.ILI9341SetColor  ili9341driverwrapper.o
    0x08025a00   0x08025a00   0x00000008   Code   RO         1811    .text.ILI9341_AddPointToWave  ili9341driverwrapper.o
    0x08025a08   0x08025a08   0x00000008   Code   RO         1813    .text.ILI9341_AppendList  ili9341driverwrapper.o
    0x08025a10   0x08025a10   0x00000008   Code   RO         1807    .text.ILI9341_InitWave  ili9341driverwrapper.o
    0x08025a18   0x08025a18   0x00000008   Code   RO         1799    .text.ILI9341_Set_Rotation  ili9341driverwrapper.o
    0x08025a20   0x08025a20   0x00000008   Code   RO         1809    .text.ILI9341_UpdateWave  ili9341driverwrapper.o
    0x08025a28   0x08025a28   0x00000010   Code   RO          150    .text.LL_ADC_DisableDeepPowerDown  stm32h7xx_hal_adc.o
    0x08025a38   0x08025a38   0x00000014   Code   RO          154    .text.LL_ADC_EnableInternalRegulator  stm32h7xx_hal_adc.o
    0x08025a4c   0x08025a4c   0x00000004   PAD
    0x08025a50   0x08025a50   0x00000008   Code   RO          236    .text.LL_ADC_GetCommonPathInternalCh  stm32h7xx_hal_adc.o
    0x08025a58   0x08025a58   0x00000008   Code   RO          186    .text.LL_ADC_GetMultiDMATransfer  stm32h7xx_hal_adc.o
    0x08025a60   0x08025a60   0x00000008   Code   RO          176    .text.LL_ADC_GetMultimode  stm32h7xx_hal_adc.o
    0x08025a68   0x08025a68   0x00000008   Code   RO          162    .text.LL_ADC_INJ_IsConversionOngoing  stm32h7xx_hal_adc.o
    0x08025a70   0x08025a70   0x0000000e   Code   RO          214    .text.LL_ADC_INJ_IsTriggerSourceSWStart  stm32h7xx_hal_adc.o
    0x08025a7e   0x08025a7e   0x00000002   PAD
    0x08025a80   0x08025a80   0x00000008   Code   RO          148    .text.LL_ADC_IsDeepPowerDownEnabled  stm32h7xx_hal_adc.o
    0x08025a88   0x08025a88   0x00000008   Code   RO          158    .text.LL_ADC_IsEnabled  stm32h7xx_hal_adc.o
    0x08025a90   0x08025a90   0x00000008   Code   RO          296    .text.LL_ADC_IsEnabled  stm32h7xx_hal_adc_ex.o
    0x08025a98   0x08025a98   0x00000008   Code   RO          152    .text.LL_ADC_IsInternalRegulatorEnabled  stm32h7xx_hal_adc.o
    0x08025aa0   0x08025aa0   0x00000008   Code   RO          156    .text.LL_ADC_REG_IsConversionOngoing  stm32h7xx_hal_adc.o
    0x08025aa8   0x08025aa8   0x00000008   Code   RO          298    .text.LL_ADC_REG_IsConversionOngoing  stm32h7xx_hal_adc_ex.o
    0x08025ab0   0x08025ab0   0x0000000e   Code   RO          188    .text.LL_ADC_REG_IsTriggerSourceSWStart  stm32h7xx_hal_adc.o
    0x08025abe   0x08025abe   0x00000002   PAD
    0x08025ac0   0x08025ac0   0x0000002c   Code   RO          224    .text.LL_ADC_REG_SetSequencerRanks  stm32h7xx_hal_adc.o
    0x08025aec   0x08025aec   0x00000004   PAD
    0x08025af0   0x08025af0   0x00000028   Code   RO          226    .text.LL_ADC_SetChannelSamplingTime  stm32h7xx_hal_adc.o
    0x08025b18   0x08025b18   0x0000002a   Code   RO          234    .text.LL_ADC_SetChannelSingleDiff  stm32h7xx_hal_adc.o
    0x08025b42   0x08025b42   0x00000006   PAD
    0x08025b48   0x08025b48   0x0000000c   Code   RO          160    .text.LL_ADC_SetCommonClock  stm32h7xx_hal_adc.o
    0x08025b54   0x08025b54   0x00000004   PAD
    0x08025b58   0x08025b58   0x0000000c   Code   RO          238    .text.LL_ADC_SetCommonPathInternalCh  stm32h7xx_hal_adc.o
    0x08025b64   0x08025b64   0x00000004   PAD
    0x08025b68   0x08025b68   0x00000014   Code   RO          232    .text.LL_ADC_SetDataRightShift  stm32h7xx_hal_adc.o
    0x08025b7c   0x08025b7c   0x00000004   PAD
    0x08025b80   0x08025b80   0x00000016   Code   RO          228    .text.LL_ADC_SetOffset  stm32h7xx_hal_adc.o
    0x08025b96   0x08025b96   0x00000002   PAD
    0x08025b98   0x08025b98   0x00000010   Code   RO          230    .text.LL_ADC_SetOffsetSignedSaturation  stm32h7xx_hal_adc.o
    0x08025ba8   0x08025ba8   0x000000f2   Code   RO           42    .text.MX_ADC1_Init  adc.o
    0x08025c9a   0x08025c9a   0x00000006   PAD
    0x08025ca0   0x08025ca0   0x00000032   Code   RO           57    .text.MX_DMA_Init   dma.o
    0x08025cd2   0x08025cd2   0x00000006   PAD
    0x08025cd8   0x08025cd8   0x000000ce   Code   RO           33    .text.MX_GPIO_Init  gpio.o
    0x08025da6   0x08025da6   0x00000002   PAD
    0x08025da8   0x08025da8   0x0000005c   Code   RO           66    .text.MX_SPI2_Init  spi.o
    0x08025e04   0x08025e04   0x00000004   PAD
    0x08025e08   0x08025e08   0x0000003a   Code   RO           86    .text.MX_TIM17_Init  tim.o
    0x08025e42   0x08025e42   0x00000006   PAD
    0x08025e48   0x08025e48   0x00000080   Code   RO           82    .text.MX_TIM1_Init  tim.o
    0x08025ec8   0x08025ec8   0x0000007c   Code   RO           84    .text.MX_TIM3_Init  tim.o
    0x08025f44   0x08025f44   0x00000004   PAD
    0x08025f48   0x08025f48   0x00000002   Code   RO          107    .text.MemManage_Handler  stm32h7xx_it.o
    0x08025f4a   0x08025f4a   0x00000006   PAD
    0x08025f50   0x08025f50   0x00000002   Code   RO          103    .text.NMI_Handler   stm32h7xx_it.o
    0x08025f52   0x08025f52   0x00000006   PAD
    0x08025f58   0x08025f58   0x0000002e   Code   RO          917    .text.NVIC_EncodePriority  stm32h7xx_hal_cortex.o
    0x08025f86   0x08025f86   0x00000002   PAD
    0x08025f88   0x08025f88   0x0000000c   Code   RO         1793    .text.NewLCDGet     ili9341driverwrapper.o
    0x08025f94   0x08025f94   0x00000004   PAD
    0x08025f98   0x08025f98   0x00000002   Code   RO          117    .text.PendSV_Handler  stm32h7xx_it.o
    0x08025f9a   0x08025f9a   0x00000006   PAD
    0x08025fa0   0x08025fa0   0x0000011e   Code   RO          442    .text.RCCEx_PLL2_Config  stm32h7xx_hal_rcc_ex.o
    0x080260be   0x080260be   0x00000002   PAD
    0x080260c0   0x080260c0   0x0000011e   Code   RO          444    .text.RCCEx_PLL3_Config  stm32h7xx_hal_rcc_ex.o
    0x080261de   0x080261de   0x00000002   PAD
    0x080261e0   0x080261e0   0x00000010   Code   RO          125    .text.SPI2_IRQHandler  stm32h7xx_it.o
    0x080261f0   0x080261f0   0x000000b6   Code   RO         1320    .text.SPI_CloseTransfer  stm32h7xx_hal_spi.o
    0x080262a6   0x080262a6   0x00000002   PAD
    0x080262a8   0x080262a8   0x0000001a   Code   RO         1394    .text.SPI_DMAAbortOnError  stm32h7xx_hal_spi.o
    0x080262c2   0x080262c2   0x00000006   PAD
    0x080262c8   0x080262c8   0x0000002e   Code   RO         1352    .text.SPI_DMAError  stm32h7xx_hal_spi.o
    0x080262f6   0x080262f6   0x00000002   PAD
    0x080262f8   0x080262f8   0x0000000a   Code   RO         1348    .text.SPI_DMAHalfTransmitCplt  stm32h7xx_hal_spi.o
    0x08026302   0x08026302   0x00000006   PAD
    0x08026308   0x08026308   0x0000002a   Code   RO         1350    .text.SPI_DMATransmitCplt  stm32h7xx_hal_spi.o
    0x08026332   0x08026332   0x00000006   PAD
    0x08026338   0x08026338   0x00000012   Code   RO         1310    .text.SPI_GetPacketSize  stm32h7xx_hal_spi.o
    0x0802634a   0x0802634a   0x00000006   PAD
    0x08026350   0x08026350   0x0000002e   Code   RO         1322    .text.SPI_WaitOnFlagUntilTimeout  stm32h7xx_hal_spi.o
    0x0802637e   0x0802637e   0x00000002   PAD
    0x08026380   0x08026380   0x00000002   Code   RO          113    .text.SVC_Handler   stm32h7xx_it.o
    0x08026382   0x08026382   0x00000006   PAD
    0x08026388   0x08026388   0x0000002e   Code   RO          933    .text.SysTick_Config  stm32h7xx_hal_cortex.o
    0x080263b6   0x080263b6   0x00000002   PAD
    0x080263b8   0x080263b8   0x00000008   Code   RO          119    .text.SysTick_Handler  stm32h7xx_it.o
    0x080263c0   0x080263c0   0x000000ee   Code   RO           13    .text.SystemClock_Config  main.o
    0x080264ae   0x080264ae   0x00000002   PAD
    0x080264b0   0x080264b0   0x000000da   Code   RO         1778    .text.SystemInit    system_stm32h7xx.o
    0x0802658a   0x0802658a   0x00000006   PAD
    0x08026590   0x08026590   0x00000010   Code   RO          127    .text.TIM17_IRQHandler  stm32h7xx_it.o
    0x080265a0   0x080265a0   0x0000013a   Code   RO         1432    .text.TIM_Base_SetConfig  stm32h7xx_hal_tim.o
    0x080266da   0x080266da   0x00000006   PAD
    0x080266e0   0x080266e0   0x00000014   Code   RO         1622    .text.TIM_ETR_SetConfig  stm32h7xx_hal_tim.o
    0x080266f4   0x080266f4   0x00000004   PAD
    0x080266f8   0x080266f8   0x00000016   Code   RO         1628    .text.TIM_ITRx_SetConfig  stm32h7xx_hal_tim.o
    0x0802670e   0x0802670e   0x00000002   PAD
    0x08026710   0x08026710   0x00000022   Code   RO         1626    .text.TIM_TI1_ConfigInputStage  stm32h7xx_hal_tim.o
    0x08026732   0x08026732   0x00000006   PAD
    0x08026738   0x08026738   0x00000024   Code   RO         1630    .text.TIM_TI2_ConfigInputStage  stm32h7xx_hal_tim.o
    0x0802675c   0x0802675c   0x00000004   PAD
    0x08026760   0x08026760   0x00000002   Code   RO          111    .text.UsageFault_Handler  stm32h7xx_it.o
    0x08026762   0x08026762   0x00000006   PAD
    0x08026768   0x08026768   0x0000002a   Code   RO         1876    .text._ZN13ili9341Driver12ILI9341ResetEv  ili9341driver.o
    0x08026792   0x08026792   0x00000006   PAD
    0x08026798   0x08026798   0x000002c0   Code   RO         1825    .text._ZN13ili9341Driver12ILI9341_initEP19__SPI_HandleTypeDef  ili9341driver.o
    0x08026a58   0x08026a58   0x00000016   Code   RO         1874    .text._ZN13ili9341Driver13ILI9341EnableEv  ili9341driver.o
    0x08026a6e   0x08026a6e   0x00000002   PAD
    0x08026a70   0x08026a70   0x000001c4   Code   RO         1837    .text._ZN13ili9341Driver16ILI9341_DrawCharEttttPh  ili9341driver.o
    0x08026c34   0x08026c34   0x00000004   PAD
    0x08026c38   0x08026c38   0x0000001c   Code   RO         1835    .text._ZN13ili9341Driver16ILI9341_DrawTextEPhhhttt  ili9341driver.o
    0x08026c54   0x08026c54   0x00000004   PAD
    0x08026c58   0x08026c58   0x00000022   Code   RO         1882    .text._ZN13ili9341Driver16ILI9341_SPI_SendEh  ili9341driver.o
    0x08026c7a   0x08026c7a   0x00000006   PAD
    0x08026c80   0x08026c80   0x00000022   Code   RO         1878    .text._ZN13ili9341Driver16ILI9341_WriteCmdEh  ili9341driver.o
    0x08026ca2   0x08026ca2   0x00000006   PAD
    0x08026ca8   0x08026ca8   0x000000f4   Code   RO         1839    .text._ZN13ili9341Driver17ILI9341_DrawPixelEttt  ili9341driver.o
    0x08026d9c   0x08026d9c   0x00000004   PAD
    0x08026da0   0x08026da0   0x00000022   Code   RO         1880    .text._ZN13ili9341Driver17ILI9341_WriteDataEh  ili9341driver.o
    0x08026dc2   0x08026dc2   0x00000006   PAD
    0x08026dc8   0x08026dc8   0x000000a6   Code   RO         1857    .text._ZN13ili9341Driver18ILI9341_AppendListEPh  ili9341driver.o
    0x08026e6e   0x08026e6e   0x00000002   PAD
    0x08026e70   0x08026e70   0x0000002c   Code   RO         1829    .text._ZN13ili9341Driver18ILI9341_FillScreenEt  ili9341driver.o
    0x08026e9c   0x08026e9c   0x00000004   PAD
    0x08026ea0   0x08026ea0   0x0000006e   Code   RO         1831    .text._ZN13ili9341Driver18ILI9341_SetAddressEtttt  ili9341driver.o
    0x08026f0e   0x08026f0e   0x00000002   PAD
    0x08026f10   0x08026f10   0x00000052   Code   RO         1827    .text._ZN13ili9341Driver19ILI9341_SetRotationEh  ili9341driver.o
    0x08026f62   0x08026f62   0x00000006   PAD
    0x08026f68   0x08026f68   0x000000c2   Code   RO         1847    .text._ZN13ili9341Driver21ILI9341_DrawLineToMEMEtttt  ili9341driver.o
    0x0802702a   0x0802702a   0x00000006   PAD
    0x08027030   0x08027030   0x0000003e   Code   RO         1859    .text._ZN13ili9341Driver22ILI9341_ClearReaginSetEiiii  ili9341driver.o
    0x0802706e   0x0802706e   0x00000002   PAD
    0x08027070   0x08027070   0x00000014   Code   RO         1853    .text._ZN13ili9341Driver22ILI9341_DrawPointToMEMEtt  ili9341driver.o
    0x08027084   0x08027084   0x00000004   PAD
    0x08027088   0x08027088   0x000000a2   Code   RO         1833    .text._ZN13ili9341Driver23ILI9341_DrawColourBurstEtj  ili9341driver.o
    0x0802712a   0x0802712a   0x00000006   PAD
    0x08027130   0x08027130   0x0000002a   Code   RO         1843    .text._ZN13ili9341Driver24ILI9341_InitDynamicGraphEjj  ili9341driver.o
    0x0802715a   0x0802715a   0x00000006   PAD
    0x08027160   0x08027160   0x00000094   Code   RO         1851    .text._ZN13ili9341Driver26ILI9341_UpdateDynamicGraphEv  ili9341driver.o
    0x080271f4   0x080271f4   0x00000004   PAD
    0x080271f8   0x080271f8   0x000000b0   Code   RO         1845    .text._ZN13ili9341Driver29ILI9341_AddLineToDynamicGraphEv  ili9341driver.o
    0x080272a8   0x080272a8   0x00000020   Code   RO         1849    .text._ZN13ili9341Driver30ILI9341_AddPointToDynamicGraphEt  ili9341driver.o
    0x080272c8   0x080272c8   0x0000000c   Code   RO         2034    .text._ZSt15get_new_handlerv  libcppabi_w.l(cxa_handlers.cpp.o)
    0x080272d4   0x080272d4   0x00000026   Code   RO         1906    .text._Znwj         libcpp_w.l(new.cpp.o)
    0x080272fa   0x080272fa   0x00000006   PAD
    0x08027300   0x08027300   0x00000020   Code   RO          921    .text.__NVIC_EnableIRQ  stm32h7xx_hal_cortex.o
    0x08027320   0x08027320   0x00000010   Code   RO          913    .text.__NVIC_GetPriorityGrouping  stm32h7xx_hal_cortex.o
    0x08027330   0x08027330   0x00000022   Code   RO          915    .text.__NVIC_SetPriority  stm32h7xx_hal_cortex.o
    0x08027352   0x08027352   0x00000006   PAD
    0x08027358   0x08027358   0x00000020   Code   RO          909    .text.__NVIC_SetPriorityGrouping  stm32h7xx_hal_cortex.o
    0x08027378   0x08027378   0x000000b0   Code   RO           11    .text.main          main.o
    0x08027428   0x08027428   0x0000001a   Code   RO         2188    x$fpl$fpinit        fz_wv.l(fpinit.o)
    0x08027442   0x08027442   0x00000010   Data   RO         1784    .rodata.D1CorePrescTable  system_stm32h7xx.o
    0x08027452   0x08027452   0x000005f1   Data   RO         1885    .rodata.asc16       font.o
    0x08027a43   0x08027a43   0x00000022   Data   RO         1887    .rodata.hz16        font.o
    0x08027a65   0x08027a65   0x00000003   PAD
    0x08027a68   0x08027a68   0x00000020   Data   RO         2255    Region$$Table       anon$$obj.o


    Execution Region RW_IRAM1 (Exec base: 0x20000000, Load base: 0x08027a88, Size: 0x00000000, Max: 0x00020000, ABSOLUTE)

    **** No section assigned to this execution region ****


    Execution Region RW_IRAM2 (Exec base: 0x24000000, Load base: 0x08027a88, Size: 0x00000920, Max: 0x00080000, ABSOLUTE)

    Exec Addr    Load Addr    Size         Type   Attr      Idx    E Section Name        Object

    0x24000000   0x08027a88   0x00000004   Data   RW         1782    .data.SystemCoreClock  system_stm32h7xx.o
    0x24000004   0x08027a8c   0x00000004   Data   RW         1783    .data.SystemD2Clock  system_stm32h7xx.o
    0x24000008   0x08027a90   0x0000000c   Data   RW           21    .data.str1          main.o
    0x24000014   0x08027a9c   0x00000001   Data   RW         1086    .data.uwTickFreq    stm32h7xx_hal.o
    0x24000015   0x08027a9d   0x00000003   PAD
    0x24000018   0x08027aa0   0x00000004   Data   RW         1085    .data.uwTickPrio    stm32h7xx_hal.o
    0x2400001c   0x08027aa4   0x00000004   PAD
    0x24000020        -       0x00000060   Zero   RW         2150    .bss                c_w.l(libspace.o)
    0x24000080        -       0x00000004   Zero   RW           22    .bss.LCD1           main.o
    0x24000084        -       0x00000001   Zero   RW           20    .bss.UpDateFlag     main.o
    0x24000085   0x08027aa4   0x00000003   PAD
    0x24000088        -       0x00000004   Zero   RW         1865    .bss._ZZN13ili9341Driver18ILI9341_AppendListEPhE13AppendListNum  ili9341driver.o
    0x2400008c        -       0x0000003c   Zero   RW         1866    .bss._ZZN13ili9341Driver18ILI9341_AppendListEPhE7ListGet  ili9341driver.o
    0x240000c8        -       0x00000004   Zero   RW         2036    .bss.__cxa_new_handler  libcppabi_w.l(cxa_handlers.cpp.o)
    0x240000cc        -       0x00000064   Zero   RW           48    .bss.hadc1          adc.o
    0x24000130        -       0x00000078   Zero   RW           73    .bss.hdma_spi2_tx   spi.o
    0x240001a8        -       0x00000088   Zero   RW           72    .bss.hspi2          spi.o
    0x24000230        -       0x0000004c   Zero   RW           92    .bss.htim1          tim.o
    0x2400027c        -       0x0000004c   Zero   RW           94    .bss.htim17         tim.o
    0x240002c8        -       0x0000004c   Zero   RW           93    .bss.htim3          tim.o
    0x24000314        -       0x00000002   Zero   RW         1861    .bss.temp1          ili9341driver.o
    0x24000316        -       0x00000002   Zero   RW         1862    .bss.temp2          ili9341driver.o
    0x24000318        -       0x00000004   Zero   RW         1087    .bss.uwTick         stm32h7xx_hal.o
    0x2400031c   0x08027aa4   0x00000004   PAD
    0x24000320        -       0x00000200   Zero   RW            2    HEAP                startup_stm32h743xx.o
    0x24000520        -       0x00000400   Zero   RW            1    STACK               startup_stm32h743xx.o


==============================================================================

Image component sizes


      Code (inc. data)   RO Data    RW Data    ZI Data      Debug   Object Name

       444          0          0          0        100      10358   adc.o
        50          0          0          0          0       5292   dma.o
         0          0       1555          0          0        801   font.o
       206          0          0          0          0       3004   gpio.o
      2832         12          0          0         68      29093   ili9341driver.o
        68          0          0          0          0      17961   ili9341driverwrapper.o
       418          0          0         12          5      10925   main.o
       288          0          0          0        256       9814   spi.o
        64         26        664          0       1536        836   startup_stm32h743xx.o
       276          0          0          5          4      15376   stm32h7xx_hal.o
      2532         12          0          0          0      23317   stm32h7xx_hal_adc.o
       288          0          0          0          0      22997   stm32h7xx_hal_adc_ex.o
       260          0          0          0          0      12669   stm32h7xx_hal_cortex.o
      7686         12          0          0          0      17897   stm32h7xx_hal_dma.o
       432          0          0          0          0       6860   stm32h7xx_hal_gpio.o
        32          0          0          0          0       2206   stm32h7xx_hal_msp.o
        72          0          0          0          0      10468   stm32h7xx_hal_pwr_ex.o
      2456         16          0          0          0      11289   stm32h7xx_hal_rcc.o
      4500        184          0          0          0      16819   stm32h7xx_hal_rcc_ex.o
      2236          0          0          0          0      21643   stm32h7xx_hal_spi.o
      1246          0          0          0          0      48013   stm32h7xx_hal_tim.o
       188          0          0          0          0      20455   stm32h7xx_hal_tim_ex.o
        88          0          0          0          0       1392   stm32h7xx_it.o
       218          0         16          8          0       5871   system_stm32h7xx.o
       462          0          0          0        228      10164   tim.o

    ----------------------------------------------------------------------
     27848        278       2270         28       2208     335520   Object Totals
         0          0         32          0          0          0   (incl. Generated)
       506         16          3          3         11          0   (incl. Padding)

    ----------------------------------------------------------------------

      Code (inc. data)   RO Data    RW Data    ZI Data      Debug   Library Member Name

         8          0          0          0          0         68   __main.o
         0          0          0          0          0          0   __rtentry.o
        12          0          0          0          0          0   __rtentry2.o
         6          0          0          0          0          0   __rtentry4.o
        52          8          0          0          0          0   __scatter.o
        26          0          0          0          0          0   __scatter_copy.o
        28          0          0          0          0          0   __scatter_zi.o
        10          0          0          0          0         68   defsig_exit.o
        50          0          0          0          0         88   defsig_general.o
        80         58          0          0          0         76   defsig_rtmem_inner.o
        14          0          0          0          0         80   defsig_rtmem_outer.o
        18          0          0          0          0         80   exit.o
        94          0          0          0          0         80   h1_alloc.o
        52          0          0          0          0         68   h1_extend.o
        78          0          0          0          0         80   h1_free.o
        14          0          0          0          0         84   h1_init.o
         6          0          0          0          0        152   heapauxi.o
         4          0          0          0          0        136   hguard.o
         0          0          0          0          0          0   indicate_semi.o
       138          0          0          0          0        168   init_alloc.o
         2          0          0          0          0          0   libinit.o
        14          0          0          0          0          0   libinit2.o
         2          0          0          0          0          0   libshutdown.o
         2          0          0          0          0          0   libshutdown2.o
         8          4          0          0         96         68   libspace.o
         0          0          0          0          0          0   maybetermalloc1.o
         8          4          0          0          0         68   rt_heap_descriptor_intlibspace.o
        78          0          0          0          0         80   rt_memclr_w.o
       138          0          0          0          0         68   rt_memcpy_v6.o
       100          0          0          0          0         80   rt_memcpy_w.o
         2          0          0          0          0          0   rtexit.o
        10          0          0          0          0          0   rtexit2.o
        12          4          0          0          0         68   sys_exit.o
        74          0          0          0          0         80   sys_stackheap_outer.o
        14          0          0          0          0         76   sys_wrch.o
         2          0          0          0          0         68   use_no_semi.o
        26          0          0          0          0        116   fpinit.o
        38          0          0          0          0        380   new.cpp.o
        12          0          0          0          4        148   cxa_handlers.cpp.o

    ----------------------------------------------------------------------
      1250         78          0          0        100       2528   Library Totals
        18          0          0          0          0          0   (incl. Padding)

    ----------------------------------------------------------------------

      Code (inc. data)   RO Data    RW Data    ZI Data      Debug   Library Name

      1156         78          0          0         96       1884   c_w.l
        26          0          0          0          0        116   fz_wv.l
        38          0          0          0          0        380   libcpp_w.l
        12          0          0          0          4        148   libcppabi_w.l

    ----------------------------------------------------------------------
      1250         78          0          0        100       2528   Library Totals

    ----------------------------------------------------------------------

==============================================================================


      Code (inc. data)   RO Data    RW Data    ZI Data      Debug   

     29098        356       2270         28       2308     336688   Grand Totals
     29098        356       2270         28       2308     336688   ELF Image Totals
     29098        356       2270         28          0          0   ROM Totals

==============================================================================

    Total RO  Size (Code + RO Data)                31368 (  30.63kB)
    Total RW  Size (RW Data + ZI Data)              2336 (   2.28kB)
    Total ROM Size (Code + RO Data + RW Data)      31396 (  30.66kB)

==============================================================================

